[INFO] Scanning for projects...
[INFO]
[INFO] ----------------< com.rubberjam:protobuf-java-compiler >----------------
[INFO] Building protobuf-java-compiler 1.0-SNAPSHOT
[INFO]   from pom.xml
[INFO] --------------------------------[ jar ]---------------------------------
[INFO]
[INFO] --- resources:3.3.1:resources (default-resources) @ protobuf-java-compiler ---
[WARNING] Using platform encoding (UTF-8 actually) to copy filtered resources, i.e. build is platform dependent!
[INFO] skip non existing resourceDirectory /app/protobuf-java-compiler/src/main/resources
[INFO]
[INFO] --- compiler:3.13.0:compile (default-compile) @ protobuf-java-compiler ---
[INFO] Nothing to compile - all classes are up to date.
[INFO]
[INFO] --- protoc:1.0-SNAPSHOT:protoc-maven (java) @ protobuf-java-compiler ---
[INFO] Skipping code generation, proto files appear unchanged since last compilation
[INFO] Scanning for local protos in: /app/protobuf-java-compiler/src/test/protobuf
[INFO] Extracting protos from dependencies...
[INFO] Found 2 dependency artifacts to scan for proto files
[INFO]   (0 from resolved artifacts, 2 from dependency artifacts)
[INFO]     any.proto
[INFO]     api.proto
[INFO]     descriptor.proto
[INFO]     duration.proto
[INFO]     empty.proto
[INFO]     field_mask.proto
[INFO]     java_features.proto
[INFO]     source_context.proto
[INFO]     struct.proto
[INFO]     timestamp.proto
[INFO]     type.proto
[INFO]     wrappers.proto
[INFO]   Found 12 proto files in com.google.protobuf:protobuf-java:jar:4.33.4:compile
[INFO] Extracted 12 proto files from dependencies
[INFO]   Scanned 2 JARs, skipped 0 artifacts with null files
protoc-jar: Standard types not embedded in JAR, using protoc built-in types
protoc-jar: Standard types not embedded in JAR, using protoc built-in types
protoc-jar: Standard types not embedded in JAR, using protoc built-in types
protoc-jar: Standard types not embedded in JAR, using protoc built-in types
protoc-jar: Standard types not embedded in JAR, using protoc built-in types
protoc-jar: Standard types not embedded in JAR, using protoc built-in types
protoc-jar: Standard types not embedded in JAR, using protoc built-in types
protoc-jar: Standard types not embedded in JAR, using protoc built-in types
protoc-jar: Standard types not embedded in JAR, using protoc built-in types
protoc-jar: Standard types not embedded in JAR, using protoc built-in types
protoc-jar: Standard types not embedded in JAR, using protoc built-in types
protoc-jar: Standard types not embedded in JAR, using protoc built-in types
[INFO] Adding generated sources (java): /app/protobuf-java-compiler/src/test/resources/expected/java
[INFO]
[INFO] --- protoc:1.0-SNAPSHOT:protoc-maven (csharp) @ protobuf-java-compiler ---
[INFO] Skipping code generation, proto files appear unchanged since last compilation
[INFO] Scanning for local protos in: /app/protobuf-java-compiler/src/test/protobuf
[INFO] Extracting protos from dependencies...
[INFO] Found 2 dependency artifacts to scan for proto files
[INFO]   (0 from resolved artifacts, 2 from dependency artifacts)
[INFO]     any.proto
[INFO]     api.proto
[INFO]     descriptor.proto
[INFO]     duration.proto
[INFO]     empty.proto
[INFO]     field_mask.proto
[INFO]     java_features.proto
[INFO]     source_context.proto
[INFO]     struct.proto
[INFO]     timestamp.proto
[INFO]     type.proto
[INFO]     wrappers.proto
[INFO]   Found 12 proto files in com.google.protobuf:protobuf-java:jar:4.33.4:compile
[INFO] Extracted 12 proto files from dependencies
[INFO]   Scanned 2 JARs, skipped 0 artifacts with null files
protoc-jar: Standard types not embedded in JAR, using protoc built-in types
protoc-jar: Standard types not embedded in JAR, using protoc built-in types
protoc-jar: Standard types not embedded in JAR, using protoc built-in types
protoc-jar: Standard types not embedded in JAR, using protoc built-in types
protoc-jar: Standard types not embedded in JAR, using protoc built-in types
protoc-jar: Standard types not embedded in JAR, using protoc built-in types
protoc-jar: Standard types not embedded in JAR, using protoc built-in types
protoc-jar: Standard types not embedded in JAR, using protoc built-in types
protoc-jar: Standard types not embedded in JAR, using protoc built-in types
protoc-jar: Standard types not embedded in JAR, using protoc built-in types
protoc-jar: Standard types not embedded in JAR, using protoc built-in types
protoc-jar: Standard types not embedded in JAR, using protoc built-in types
[INFO] Adding generated sources (csharp): /app/protobuf-java-compiler/src/test/resources/expected/csharp
[INFO]
[INFO] --- antrun:3.1.0:run (flatten-generated-java) @ protobuf-java-compiler ---
[INFO] Executing tasks
[WARNING]      [echo] Flattening generated Java files...
[INFO]     [mkdir] Created dir: /app/protobuf-java-compiler/src/test/resources/expected/java-temp
[INFO]      [copy] Copying 6 files to /app/protobuf-java-compiler/src/test/resources/expected/java-temp
[INFO]    [delete] Deleting directory /app/protobuf-java-compiler/src/test/resources/expected/java
[INFO]     [mkdir] Created dir: /app/protobuf-java-compiler/src/test/resources/expected/java
[INFO]      [move] Moving 6 files to /app/protobuf-java-compiler/src/test/resources/expected/java
[INFO]    [delete] Deleting directory /app/protobuf-java-compiler/src/test/resources/expected/java-temp
[WARNING]      [echo] Flattening complete.
[INFO] Executed tasks
[INFO]
[INFO] --- resources:3.3.1:testResources (default-testResources) @ protobuf-java-compiler ---
[WARNING] Using platform encoding (UTF-8 actually) to copy filtered resources, i.e. build is platform dependent!
[INFO] Copying 15 resources from src/test/resources to target/test-classes
[INFO]
[INFO] --- compiler:3.13.0:testCompile (default-testCompile) @ protobuf-java-compiler ---
[INFO] Nothing to compile - all classes are up to date.
[INFO]
[INFO] --- surefire:3.2.5:test (default-test) @ protobuf-java-compiler ---
[INFO] Using auto detected provider org.apache.maven.surefire.junit4.JUnit4Provider
[INFO]
[INFO] -------------------------------------------------------
[INFO]  T E S T S
[INFO] -------------------------------------------------------
[INFO] Running com.rubberjam.protobuf.compiler.MinimalProtoParityTest
Mismatch at line 365:
    360 Expected:       return com.rubberjam.protobuf.compiler.test.edge.ComprehensiveTestEdgeCasesMinimal.internal_static_ComprehensiveTest_EdgeCasesMinimal_EdgeCaseMinimal_fieldAccessorTable
    360 Actual:         return com.rubberjam.protobuf.compiler.test.edge.ComprehensiveTestEdgeCasesMinimal.internal_static_ComprehensiveTest_EdgeCasesMinimal_EdgeCaseMinimal_fieldAccessorTable
    361 Expected:           .ensureFieldAccessorsInitialized(
    361 Actual:             .ensureFieldAccessorsInitialized(
    362 Expected:               com.rubberjam.protobuf.compiler.test.edge.ComprehensiveTestEdgeCasesMinimal.EdgeCaseMinimal.class, com.rubberjam.protobuf.compiler.test.edge.ComprehensiveTestEdgeCasesMinimal.EdgeCaseMinimal.Builder.class);
    362 Actual:                 com.rubberjam.protobuf.compiler.test.edge.ComprehensiveTestEdgeCasesMinimal.EdgeCaseMinimal.class, com.rubberjam.protobuf.compiler.test.edge.ComprehensiveTestEdgeCasesMinimal.EdgeCaseMinimal.Builder.class);
    363 Expected:     }
    363 Actual:       }
    364 Expected:
    364 Actual:
>>> 365 Expected:     private int bitField0_;
>>> 365 Actual:
    366 Expected:     private int oneof1Case_ = 0;
    366 Actual:       private int bitField0_;
    367 Expected:     @SuppressWarnings("serial")
    367 Actual:       private int oneof1Case_ = 0;
    368 Expected:     private java.lang.Object oneof1_;
    368 Actual:       @SuppressWarnings("serial")
    369 Expected:     public enum Oneof1Case
    369 Actual:       private java.lang.Object oneof1_;
    370 Expected:         implements com.google.protobuf.Internal.EnumLite,
    370 Actual:       public enum Oneof1Case
FULL EXPECTED FILE:
// Generated by the protocol buffer compiler.  DO NOT EDIT!
// NO CHECKED-IN PROTOBUF GENCODE
// source: comprehensive_test_edge_cases_minimal.proto
// Protobuf Java Version: 4.33.4

package com.rubberjam.protobuf.compiler.test.edge;

@com.google.protobuf.Generated
public final class ComprehensiveTestEdgeCasesMinimal extends com.google.protobuf.GeneratedFile {
  private ComprehensiveTestEdgeCasesMinimal() {}
  static {
    com.google.protobuf.RuntimeVersion.validateProtobufGencodeVersion(
      com.google.protobuf.RuntimeVersion.RuntimeDomain.PUBLIC,
      /* major= */ 4,
      /* minor= */ 33,
      /* patch= */ 4,
      /* suffix= */ "",
      "ComprehensiveTestEdgeCasesMinimal");
  }
  public static void registerAllExtensions(
      com.google.protobuf.ExtensionRegistryLite registry) {
  }

  public static void registerAllExtensions(
      com.google.protobuf.ExtensionRegistry registry) {
    registerAllExtensions(
        (com.google.protobuf.ExtensionRegistryLite) registry);
  }
  public interface EdgeCaseMinimalOrBuilder extends
      // @@protoc_insertion_point(interface_extends:ComprehensiveTest.EdgeCasesMinimal.EdgeCaseMinimal)
      com.google.protobuf.MessageOrBuilder {

    /**
     * <code>optional string field1 = 1;</code>
     * @return Whether the field1 field is set.
     */
    boolean hasField1();
    /**
     * <code>optional string field1 = 1;</code>
     * @return The field1.
     */
    java.lang.String getField1();
    /**
     * <code>optional string field1 = 1;</code>
     * @return The bytes for field1.
     */
    com.google.protobuf.ByteString
        getField1Bytes();

    /**
     * <pre>
     * High field number
     * </pre>
     *
     * <code>optional string field19000 = 18000;</code>
     * @return Whether the field19000 field is set.
     */
    boolean hasField19000();
    /**
     * <pre>
     * High field number
     * </pre>
     *
     * <code>optional string field19000 = 18000;</code>
     * @return The field19000.
     */
    java.lang.String getField19000();
    /**
     * <pre>
     * High field number
     * </pre>
     *
     * <code>optional string field19000 = 18000;</code>
     * @return The bytes for field19000.
     */
    com.google.protobuf.ByteString
        getField19000Bytes();

    /**
     * <pre>
     * Field numbers at boundaries
     * </pre>
     *
     * <code>optional int32 field15 = 15;</code>
     * @return Whether the field15 field is set.
     */
    boolean hasField15();
    /**
     * <pre>
     * Field numbers at boundaries
     * </pre>
     *
     * <code>optional int32 field15 = 15;</code>
     * @return The field15.
     */
    int getField15();

    /**
     * <code>optional int32 field16 = 16;</code>
     * @return Whether the field16 field is set.
     */
    boolean hasField16();
    /**
     * <code>optional int32 field16 = 16;</code>
     * @return The field16.
     */
    int getField16();

    /**
     * <code>optional int32 field2047 = 2047;</code>
     * @return Whether the field2047 field is set.
     */
    boolean hasField2047();
    /**
     * <code>optional int32 field2047 = 2047;</code>
     * @return The field2047.
     */
    int getField2047();

    /**
     * <code>optional int32 field2048 = 2048;</code>
     * @return Whether the field2048 field is set.
     */
    boolean hasField2048();
    /**
     * <code>optional int32 field2048 = 2048;</code>
     * @return The field2048.
     */
    int getField2048();

    /**
     * <code>optional string empty_string = 17 [default = ""];</code>
     * @return Whether the emptyString field is set.
     */
    boolean hasEmptyString();
    /**
     * <code>optional string empty_string = 17 [default = ""];</code>
     * @return The emptyString.
     */
    java.lang.String getEmptyString();
    /**
     * <code>optional string empty_string = 17 [default = ""];</code>
     * @return The bytes for emptyString.
     */
    com.google.protobuf.ByteString
        getEmptyStringBytes();

    /**
     * <code>optional string unicode_string = 18;</code>
     * @return Whether the unicodeString field is set.
     */
    boolean hasUnicodeString();
    /**
     * <code>optional string unicode_string = 18;</code>
     * @return The unicodeString.
     */
    java.lang.String getUnicodeString();
    /**
     * <code>optional string unicode_string = 18;</code>
     * @return The bytes for unicodeString.
     */
    com.google.protobuf.ByteString
        getUnicodeStringBytes();

    /**
     * <code>optional float max_float = 19 [default = 3.40282347e+38];</code>
     * @return Whether the maxFloat field is set.
     */
    boolean hasMaxFloat();
    /**
     * <code>optional float max_float = 19 [default = 3.40282347e+38];</code>
     * @return The maxFloat.
     */
    float getMaxFloat();

    /**
     * <code>optional double max_double = 20 [default = 1.7976931348623157e+308];</code>
     * @return Whether the maxDouble field is set.
     */
    boolean hasMaxDouble();
    /**
     * <code>optional double max_double = 20 [default = 1.7976931348623157e+308];</code>
     * @return The maxDouble.
     */
    double getMaxDouble();

    /**
     * <code>optional float inf_float = 21 [default = inf];</code>
     * @return Whether the infFloat field is set.
     */
    boolean hasInfFloat();
    /**
     * <code>optional float inf_float = 21 [default = inf];</code>
     * @return The infFloat.
     */
    float getInfFloat();

    /**
     * <code>repeated int32 repeated1 = 22;</code>
     * @return A list containing the repeated1.
     */
    java.util.List<java.lang.Integer> getRepeated1List();
    /**
     * <code>repeated int32 repeated1 = 22;</code>
     * @return The count of repeated1.
     */
    int getRepeated1Count();
    /**
     * <code>repeated int32 repeated1 = 22;</code>
     * @param index The index of the element to return.
     * @return The repeated1 at the given index.
     */
    int getRepeated1(int index);

    /**
     * <code>repeated string repeated_string1 = 23;</code>
     * @return A list containing the repeatedString1.
     */
    java.util.List<java.lang.String>
        getRepeatedString1List();
    /**
     * <code>repeated string repeated_string1 = 23;</code>
     * @return The count of repeatedString1.
     */
    int getRepeatedString1Count();
    /**
     * <code>repeated string repeated_string1 = 23;</code>
     * @param index The index of the element to return.
     * @return The repeatedString1 at the given index.
     */
    java.lang.String getRepeatedString1(int index);
    /**
     * <code>repeated string repeated_string1 = 23;</code>
     * @param index The index of the value to return.
     * @return The bytes of the repeatedString1 at the given index.
     */
    com.google.protobuf.ByteString
        getRepeatedString1Bytes(int index);

    /**
     * <code>string oneof1_string = 24;</code>
     * @return Whether the oneof1String field is set.
     */
    boolean hasOneof1String();
    /**
     * <code>string oneof1_string = 24;</code>
     * @return The oneof1String.
     */
    java.lang.String getOneof1String();
    /**
     * <code>string oneof1_string = 24;</code>
     * @return The bytes for oneof1String.
     */
    com.google.protobuf.ByteString
        getOneof1StringBytes();

    /**
     * <code>int32 oneof1_int32 = 25;</code>
     * @return Whether the oneof1Int32 field is set.
     */
    boolean hasOneof1Int32();
    /**
     * <code>int32 oneof1_int32 = 25;</code>
     * @return The oneof1Int32.
     */
    int getOneof1Int32();

    /**
     * <code>map&lt;string, int32&gt; map1 = 26;</code>
     */
    int getMap1Count();
    /**
     * <code>map&lt;string, int32&gt; map1 = 26;</code>
     */
    boolean containsMap1(
        java.lang.String key);
    /**
     * Use {@link #getMap1Map()} instead.
     */
    @java.lang.Deprecated
    java.util.Map<java.lang.String, java.lang.Integer>
    getMap1();
    /**
     * <code>map&lt;string, int32&gt; map1 = 26;</code>
     */
    java.util.Map<java.lang.String, java.lang.Integer>
    getMap1Map();
    /**
     * <code>map&lt;string, int32&gt; map1 = 26;</code>
     */
    int getMap1OrDefault(
        java.lang.String key,
        int defaultValue);
    /**
     * <code>map&lt;string, int32&gt; map1 = 26;</code>
     */
    int getMap1OrThrow(
        java.lang.String key);

    com.rubberjam.protobuf.compiler.test.edge.ComprehensiveTestEdgeCasesMinimal.EdgeCaseMinimal.Oneof1Case getOneof1Case();
  }
  /**
   * <pre>
   * Message with field number edge cases
   * </pre>
   *
   * Protobuf type {@code ComprehensiveTest.EdgeCasesMinimal.EdgeCaseMinimal}
   */
  public static final class EdgeCaseMinimal extends
      com.google.protobuf.GeneratedMessage implements
      // @@protoc_insertion_point(message_implements:ComprehensiveTest.EdgeCasesMinimal.EdgeCaseMinimal)
      EdgeCaseMinimalOrBuilder {
  private static final long serialVersionUID = 0L;
    static {
      com.google.protobuf.RuntimeVersion.validateProtobufGencodeVersion(
        com.google.protobuf.RuntimeVersion.RuntimeDomain.PUBLIC,
        /* major= */ 4,
        /* minor= */ 33,
        /* patch= */ 4,
        /* suffix= */ "",
        "EdgeCaseMinimal");
    }
    // Use EdgeCaseMinimal.newBuilder() to construct.
    private EdgeCaseMinimal(com.google.protobuf.GeneratedMessage.Builder<?> builder) {
      super(builder);
    }
    private EdgeCaseMinimal() {
      field1_ = "";
      field19000_ = "";
      emptyString_ = "";
      unicodeString_ = "";
      maxFloat_ = 3.40282347e+38F;
      maxDouble_ = 1.7976931348623157e+308D;
      infFloat_ = Float.POSITIVE_INFINITY;
      repeated1_ = emptyIntList();
      repeatedString1_ =
          com.google.protobuf.LazyStringArrayList.emptyList();
    }

    public static final com.google.protobuf.Descriptors.Descriptor
        getDescriptor() {
      return com.rubberjam.protobuf.compiler.test.edge.ComprehensiveTestEdgeCasesMinimal.internal_static_ComprehensiveTest_EdgeCasesMinimal_EdgeCaseMinimal_descriptor;
    }

    @SuppressWarnings({"rawtypes"})
    @java.lang.Override
    protected com.google.protobuf.MapFieldReflectionAccessor internalGetMapFieldReflection(
        int number) {
      switch (number) {
        case 26:
          return internalGetMap1();
        default:
          throw new RuntimeException(
              "Invalid map field number: " + number);
      }
    }
    @java.lang.Override
    protected com.google.protobuf.GeneratedMessage.FieldAccessorTable
        internalGetFieldAccessorTable() {
      return com.rubberjam.protobuf.compiler.test.edge.ComprehensiveTestEdgeCasesMinimal.internal_static_ComprehensiveTest_EdgeCasesMinimal_EdgeCaseMinimal_fieldAccessorTable
          .ensureFieldAccessorsInitialized(
              com.rubberjam.protobuf.compiler.test.edge.ComprehensiveTestEdgeCasesMinimal.EdgeCaseMinimal.class, com.rubberjam.protobuf.compiler.test.edge.ComprehensiveTestEdgeCasesMinimal.EdgeCaseMinimal.Builder.class);
    }

    private int bitField0_;
    private int oneof1Case_ = 0;
    @SuppressWarnings("serial")
    private java.lang.Object oneof1_;
    public enum Oneof1Case
        implements com.google.protobuf.Internal.EnumLite,
            com.google.protobuf.AbstractMessage.InternalOneOfEnum {
      ONEOF1_STRING(24),
      ONEOF1_INT32(25),
      ONEOF1_NOT_SET(0);
      private final int value;
      private Oneof1Case(int value) {
        this.value = value;
      }
      /**
       * @param value The number of the enum to look for.
       * @return The enum associated with the given number.
       * @deprecated Use {@link #forNumber(int)} instead.
       */
      @java.lang.Deprecated
      public static Oneof1Case valueOf(int value) {
        return forNumber(value);
      }

      public static Oneof1Case forNumber(int value) {
        switch (value) {
          case 24: return ONEOF1_STRING;
          case 25: return ONEOF1_INT32;
          case 0: return ONEOF1_NOT_SET;
          default: return null;
        }
      }
      public int getNumber() {
        return this.value;
      }
    };

    public Oneof1Case
    getOneof1Case() {
      return Oneof1Case.forNumber(
          oneof1Case_);
    }

    public static final int FIELD1_FIELD_NUMBER = 1;
    @SuppressWarnings("serial")
    private volatile java.lang.Object field1_ = "";
    /**
     * <code>optional string field1 = 1;</code>
     * @return Whether the field1 field is set.
     */
    @java.lang.Override
    public boolean hasField1() {
      return ((bitField0_ & 0x00000001) != 0);
    }
    /**
     * <code>optional string field1 = 1;</code>
     * @return The field1.
     */
    @java.lang.Override
    public java.lang.String getField1() {
      java.lang.Object ref = field1_;
      if (ref instanceof java.lang.String) {
        return (java.lang.String) ref;
      } else {
        com.google.protobuf.ByteString bs =
            (com.google.protobuf.ByteString) ref;
        java.lang.String s = bs.toStringUtf8();
        if (bs.isValidUtf8()) {
          field1_ = s;
        }
        return s;
      }
    }
    /**
     * <code>optional string field1 = 1;</code>
     * @return The bytes for field1.
     */
    @java.lang.Override
    public com.google.protobuf.ByteString
        getField1Bytes() {
      java.lang.Object ref = field1_;
      if (ref instanceof java.lang.String) {
        com.google.protobuf.ByteString b =
            com.google.protobuf.ByteString.copyFromUtf8(
                (java.lang.String) ref);
        field1_ = b;
        return b;
      } else {
        return (com.google.protobuf.ByteString) ref;
      }
    }

    public static final int FIELD19000_FIELD_NUMBER = 18000;
    @SuppressWarnings("serial")
    private volatile java.lang.Object field19000_ = "";
    /**
     * <pre>
     * High field number
     * </pre>
     *
     * <code>optional string field19000 = 18000;</code>
     * @return Whether the field19000 field is set.
     */
    @java.lang.Override
    public boolean hasField19000() {
      return ((bitField0_ & 0x00000002) != 0);
    }
    /**
     * <pre>
     * High field number
     * </pre>
     *
     * <code>optional string field19000 = 18000;</code>
     * @return The field19000.
     */
    @java.lang.Override
    public java.lang.String getField19000() {
      java.lang.Object ref = field19000_;
      if (ref instanceof java.lang.String) {
        return (java.lang.String) ref;
      } else {
        com.google.protobuf.ByteString bs =
            (com.google.protobuf.ByteString) ref;
        java.lang.String s = bs.toStringUtf8();
        if (bs.isValidUtf8()) {
          field19000_ = s;
        }
        return s;
      }
    }
    /**
     * <pre>
     * High field number
     * </pre>
     *
     * <code>optional string field19000 = 18000;</code>
     * @return The bytes for field19000.
     */
    @java.lang.Override
    public com.google.protobuf.ByteString
        getField19000Bytes() {
      java.lang.Object ref = field19000_;
      if (ref instanceof java.lang.String) {
        com.google.protobuf.ByteString b =
            com.google.protobuf.ByteString.copyFromUtf8(
                (java.lang.String) ref);
        field19000_ = b;
        return b;
      } else {
        return (com.google.protobuf.ByteString) ref;
      }
    }

    public static final int FIELD15_FIELD_NUMBER = 15;
    private int field15_ = 0;
    /**
     * <pre>
     * Field numbers at boundaries
     * </pre>
     *
     * <code>optional int32 field15 = 15;</code>
     * @return Whether the field15 field is set.
     */
    @java.lang.Override
    public boolean hasField15() {
      return ((bitField0_ & 0x00000004) != 0);
    }
    /**
     * <pre>
     * Field numbers at boundaries
     * </pre>
     *
     * <code>optional int32 field15 = 15;</code>
     * @return The field15.
     */
    @java.lang.Override
    public int getField15() {
      return field15_;
    }

    public static final int FIELD16_FIELD_NUMBER = 16;
    private int field16_ = 0;
    /**
     * <code>optional int32 field16 = 16;</code>
     * @return Whether the field16 field is set.
     */
    @java.lang.Override
    public boolean hasField16() {
      return ((bitField0_ & 0x00000008) != 0);
    }
    /**
     * <code>optional int32 field16 = 16;</code>
     * @return The field16.
     */
    @java.lang.Override
    public int getField16() {
      return field16_;
    }

    public static final int FIELD2047_FIELD_NUMBER = 2047;
    private int field2047_ = 0;
    /**
     * <code>optional int32 field2047 = 2047;</code>
     * @return Whether the field2047 field is set.
     */
    @java.lang.Override
    public boolean hasField2047() {
      return ((bitField0_ & 0x00000010) != 0);
    }
    /**
     * <code>optional int32 field2047 = 2047;</code>
     * @return The field2047.
     */
    @java.lang.Override
    public int getField2047() {
      return field2047_;
    }

    public static final int FIELD2048_FIELD_NUMBER = 2048;
    private int field2048_ = 0;
    /**
     * <code>optional int32 field2048 = 2048;</code>
     * @return Whether the field2048 field is set.
     */
    @java.lang.Override
    public boolean hasField2048() {
      return ((bitField0_ & 0x00000020) != 0);
    }
    /**
     * <code>optional int32 field2048 = 2048;</code>
     * @return The field2048.
     */
    @java.lang.Override
    public int getField2048() {
      return field2048_;
    }

    public static final int EMPTY_STRING_FIELD_NUMBER = 17;
    @SuppressWarnings("serial")
    private volatile java.lang.Object emptyString_ = "";
    /**
     * <code>optional string empty_string = 17 [default = ""];</code>
     * @return Whether the emptyString field is set.
     */
    @java.lang.Override
    public boolean hasEmptyString() {
      return ((bitField0_ & 0x00000040) != 0);
    }
    /**
     * <code>optional string empty_string = 17 [default = ""];</code>
     * @return The emptyString.
     */
    @java.lang.Override
    public java.lang.String getEmptyString() {
      java.lang.Object ref = emptyString_;
      if (ref instanceof java.lang.String) {
        return (java.lang.String) ref;
      } else {
        com.google.protobuf.ByteString bs =
            (com.google.protobuf.ByteString) ref;
        java.lang.String s = bs.toStringUtf8();
        if (bs.isValidUtf8()) {
          emptyString_ = s;
        }
        return s;
      }
    }
    /**
     * <code>optional string empty_string = 17 [default = ""];</code>
     * @return The bytes for emptyString.
     */
    @java.lang.Override
    public com.google.protobuf.ByteString
        getEmptyStringBytes() {
      java.lang.Object ref = emptyString_;
      if (ref instanceof java.lang.String) {
        com.google.protobuf.ByteString b =
            com.google.protobuf.ByteString.copyFromUtf8(
                (java.lang.String) ref);
        emptyString_ = b;
        return b;
      } else {
        return (com.google.protobuf.ByteString) ref;
      }
    }

    public static final int UNICODE_STRING_FIELD_NUMBER = 18;
    @SuppressWarnings("serial")
    private volatile java.lang.Object unicodeString_ = "";
    /**
     * <code>optional string unicode_string = 18;</code>
     * @return Whether the unicodeString field is set.
     */
    @java.lang.Override
    public boolean hasUnicodeString() {
      return ((bitField0_ & 0x00000080) != 0);
    }
    /**
     * <code>optional string unicode_string = 18;</code>
     * @return The unicodeString.
     */
    @java.lang.Override
    public java.lang.String getUnicodeString() {
      java.lang.Object ref = unicodeString_;
      if (ref instanceof java.lang.String) {
        return (java.lang.String) ref;
      } else {
        com.google.protobuf.ByteString bs =
            (com.google.protobuf.ByteString) ref;
        java.lang.String s = bs.toStringUtf8();
        if (bs.isValidUtf8()) {
          unicodeString_ = s;
        }
        return s;
      }
    }
    /**
     * <code>optional string unicode_string = 18;</code>
     * @return The bytes for unicodeString.
     */
    @java.lang.Override
    public com.google.protobuf.ByteString
        getUnicodeStringBytes() {
      java.lang.Object ref = unicodeString_;
      if (ref instanceof java.lang.String) {
        com.google.protobuf.ByteString b =
            com.google.protobuf.ByteString.copyFromUtf8(
                (java.lang.String) ref);
        unicodeString_ = b;
        return b;
      } else {
        return (com.google.protobuf.ByteString) ref;
      }
    }

    public static final int MAX_FLOAT_FIELD_NUMBER = 19;
    private float maxFloat_ = 3.40282347e+38F;
    /**
     * <code>optional float max_float = 19 [default = 3.40282347e+38];</code>
     * @return Whether the maxFloat field is set.
     */
    @java.lang.Override
    public boolean hasMaxFloat() {
      return ((bitField0_ & 0x00000100) != 0);
    }
    /**
     * <code>optional float max_float = 19 [default = 3.40282347e+38];</code>
     * @return The maxFloat.
     */
    @java.lang.Override
    public float getMaxFloat() {
      return maxFloat_;
    }

    public static final int MAX_DOUBLE_FIELD_NUMBER = 20;
    private double maxDouble_ = 1.7976931348623157e+308D;
    /**
     * <code>optional double max_double = 20 [default = 1.7976931348623157e+308];</code>
     * @return Whether the maxDouble field is set.
     */
    @java.lang.Override
    public boolean hasMaxDouble() {
      return ((bitField0_ & 0x00000200) != 0);
    }
    /**
     * <code>optional double max_double = 20 [default = 1.7976931348623157e+308];</code>
     * @return The maxDouble.
     */
    @java.lang.Override
    public double getMaxDouble() {
      return maxDouble_;
    }

    public static final int INF_FLOAT_FIELD_NUMBER = 21;
    private float infFloat_ = Float.POSITIVE_INFINITY;
    /**
     * <code>optional float inf_float = 21 [default = inf];</code>
     * @return Whether the infFloat field is set.
     */
    @java.lang.Override
    public boolean hasInfFloat() {
      return ((bitField0_ & 0x00000400) != 0);
    }
    /**
     * <code>optional float inf_float = 21 [default = inf];</code>
     * @return The infFloat.
     */
    @java.lang.Override
    public float getInfFloat() {
      return infFloat_;
    }

    public static final int REPEATED1_FIELD_NUMBER = 22;
    @SuppressWarnings("serial")
    private com.google.protobuf.Internal.IntList repeated1_ =
        emptyIntList();
    /**
     * <code>repeated int32 repeated1 = 22;</code>
     * @return A list containing the repeated1.
     */
    @java.lang.Override
    public java.util.List<java.lang.Integer>
        getRepeated1List() {
      return repeated1_;
    }
    /**
     * <code>repeated int32 repeated1 = 22;</code>
     * @return The count of repeated1.
     */
    public int getRepeated1Count() {
      return repeated1_.size();
    }
    /**
     * <code>repeated int32 repeated1 = 22;</code>
     * @param index The index of the element to return.
     * @return The repeated1 at the given index.
     */
    public int getRepeated1(int index) {
      return repeated1_.getInt(index);
    }

    public static final int REPEATED_STRING1_FIELD_NUMBER = 23;
    @SuppressWarnings("serial")
    private com.google.protobuf.LazyStringArrayList repeatedString1_ =
        com.google.protobuf.LazyStringArrayList.emptyList();
    /**
     * <code>repeated string repeated_string1 = 23;</code>
     * @return A list containing the repeatedString1.
     */
    public com.google.protobuf.ProtocolStringList
        getRepeatedString1List() {
      return repeatedString1_;
    }
    /**
     * <code>repeated string repeated_string1 = 23;</code>
     * @return The count of repeatedString1.
     */
    public int getRepeatedString1Count() {
      return repeatedString1_.size();
    }
    /**
     * <code>repeated string repeated_string1 = 23;</code>
     * @param index The index of the element to return.
     * @return The repeatedString1 at the given index.
     */
    public java.lang.String getRepeatedString1(int index) {
      return repeatedString1_.get(index);
    }
    /**
     * <code>repeated string repeated_string1 = 23;</code>
     * @param index The index of the value to return.
     * @return The bytes of the repeatedString1 at the given index.
     */
    public com.google.protobuf.ByteString
        getRepeatedString1Bytes(int index) {
      return repeatedString1_.getByteString(index);
    }

    public static final int ONEOF1_STRING_FIELD_NUMBER = 24;
    /**
     * <code>string oneof1_string = 24;</code>
     * @return Whether the oneof1String field is set.
     */
    public boolean hasOneof1String() {
      return oneof1Case_ == 24;
    }
    /**
     * <code>string oneof1_string = 24;</code>
     * @return The oneof1String.
     */
    public java.lang.String getOneof1String() {
      java.lang.Object ref = "";
      if (oneof1Case_ == 24) {
        ref = oneof1_;
      }
      if (ref instanceof java.lang.String) {
        return (java.lang.String) ref;
      } else {
        com.google.protobuf.ByteString bs =
            (com.google.protobuf.ByteString) ref;
        java.lang.String s = bs.toStringUtf8();
        if (bs.isValidUtf8() && (oneof1Case_ == 24)) {
          oneof1_ = s;
        }
        return s;
      }
    }
    /**
     * <code>string oneof1_string = 24;</code>
     * @return The bytes for oneof1String.
     */
    public com.google.protobuf.ByteString
        getOneof1StringBytes() {
      java.lang.Object ref = "";
      if (oneof1Case_ == 24) {
        ref = oneof1_;
      }
      if (ref instanceof java.lang.String) {
        com.google.protobuf.ByteString b =
            com.google.protobuf.ByteString.copyFromUtf8(
                (java.lang.String) ref);
        if (oneof1Case_ == 24) {
          oneof1_ = b;
        }
        return b;
      } else {
        return (com.google.protobuf.ByteString) ref;
      }
    }

    public static final int ONEOF1_INT32_FIELD_NUMBER = 25;
    /**
     * <code>int32 oneof1_int32 = 25;</code>
     * @return Whether the oneof1Int32 field is set.
     */
    @java.lang.Override
    public boolean hasOneof1Int32() {
      return oneof1Case_ == 25;
    }
    /**
     * <code>int32 oneof1_int32 = 25;</code>
     * @return The oneof1Int32.
     */
    @java.lang.Override
    public int getOneof1Int32() {
      if (oneof1Case_ == 25) {
        return (java.lang.Integer) oneof1_;
      }
      return 0;
    }

    public static final int MAP1_FIELD_NUMBER = 26;
    private static final class Map1DefaultEntryHolder {
      static final com.google.protobuf.MapEntry<
          java.lang.String, java.lang.Integer> defaultEntry =
              com.google.protobuf.MapEntry
              .<java.lang.String, java.lang.Integer>newDefaultInstance(
                  com.rubberjam.protobuf.compiler.test.edge.ComprehensiveTestEdgeCasesMinimal.internal_static_ComprehensiveTest_EdgeCasesMinimal_EdgeCaseMinimal_Map1Entry_descriptor,
                  com.google.protobuf.WireFormat.FieldType.STRING,
                  "",
                  com.google.protobuf.WireFormat.FieldType.INT32,
                  0);
    }
    @SuppressWarnings("serial")
    private com.google.protobuf.MapField<
        java.lang.String, java.lang.Integer> map1_;
    private com.google.protobuf.MapField<java.lang.String, java.lang.Integer>
    internalGetMap1() {
      if (map1_ == null) {
        return com.google.protobuf.MapField.emptyMapField(
            Map1DefaultEntryHolder.defaultEntry);
      }
      return map1_;
    }
    public int getMap1Count() {
      return internalGetMap1().getMap().size();
    }
    /**
     * <code>map&lt;string, int32&gt; map1 = 26;</code>
     */
    @java.lang.Override
    public boolean containsMap1(
        java.lang.String key) {
      if (key == null) { throw new NullPointerException("map key"); }
      return internalGetMap1().getMap().containsKey(key);
    }
    /**
     * Use {@link #getMap1Map()} instead.
     */
    @java.lang.Override
    @java.lang.Deprecated
    public java.util.Map<java.lang.String, java.lang.Integer> getMap1() {
      return getMap1Map();
    }
    /**
     * <code>map&lt;string, int32&gt; map1 = 26;</code>
     */
    @java.lang.Override
    public java.util.Map<java.lang.String, java.lang.Integer> getMap1Map() {
      return internalGetMap1().getMap();
    }
    /**
     * <code>map&lt;string, int32&gt; map1 = 26;</code>
     */
    @java.lang.Override
    public int getMap1OrDefault(
        java.lang.String key,
        int defaultValue) {
      if (key == null) { throw new NullPointerException("map key"); }
      java.util.Map<java.lang.String, java.lang.Integer> map =
          internalGetMap1().getMap();
      return map.containsKey(key) ? map.get(key) : defaultValue;
    }
    /**
     * <code>map&lt;string, int32&gt; map1 = 26;</code>
     */
    @java.lang.Override
    public int getMap1OrThrow(
        java.lang.String key) {
      if (key == null) { throw new NullPointerException("map key"); }
      java.util.Map<java.lang.String, java.lang.Integer> map =
          internalGetMap1().getMap();
      if (!map.containsKey(key)) {
        throw new java.lang.IllegalArgumentException();
      }
      return map.get(key);
    }

    private byte memoizedIsInitialized = -1;
    @java.lang.Override
    public final boolean isInitialized() {
      byte isInitialized = memoizedIsInitialized;
      if (isInitialized == 1) return true;
      if (isInitialized == 0) return false;

      memoizedIsInitialized = 1;
      return true;
    }

    @java.lang.Override
    public void writeTo(com.google.protobuf.CodedOutputStream output)
                        throws java.io.IOException {
      if (((bitField0_ & 0x00000001) != 0)) {
        com.google.protobuf.GeneratedMessage.writeString(output, 1, field1_);
      }
      if (((bitField0_ & 0x00000004) != 0)) {
        output.writeInt32(15, field15_);
      }
      if (((bitField0_ & 0x00000008) != 0)) {
        output.writeInt32(16, field16_);
      }
      if (((bitField0_ & 0x00000040) != 0)) {
        com.google.protobuf.GeneratedMessage.writeString(output, 17, emptyString_);
      }
      if (((bitField0_ & 0x00000080) != 0)) {
        com.google.protobuf.GeneratedMessage.writeString(output, 18, unicodeString_);
      }
      if (((bitField0_ & 0x00000100) != 0)) {
        output.writeFloat(19, maxFloat_);
      }
      if (((bitField0_ & 0x00000200) != 0)) {
        output.writeDouble(20, maxDouble_);
      }
      if (((bitField0_ & 0x00000400) != 0)) {
        output.writeFloat(21, infFloat_);
      }
      for (int i = 0; i < repeated1_.size(); i++) {
        output.writeInt32(22, repeated1_.getInt(i));
      }
      for (int i = 0; i < repeatedString1_.size(); i++) {
        com.google.protobuf.GeneratedMessage.writeString(output, 23, repeatedString1_.getRaw(i));
      }
      if (oneof1Case_ == 24) {
        com.google.protobuf.GeneratedMessage.writeString(output, 24, oneof1_);
      }
      if (oneof1Case_ == 25) {
        output.writeInt32(
            25, (int)((java.lang.Integer) oneof1_));
      }
      com.google.protobuf.GeneratedMessage
        .serializeStringMapTo(
          output,
          internalGetMap1(),
          Map1DefaultEntryHolder.defaultEntry,
          26);
      if (((bitField0_ & 0x00000010) != 0)) {
        output.writeInt32(2047, field2047_);
      }
      if (((bitField0_ & 0x00000020) != 0)) {
        output.writeInt32(2048, field2048_);
      }
      if (((bitField0_ & 0x00000002) != 0)) {
        com.google.protobuf.GeneratedMessage.writeString(output, 18000, field19000_);
      }
      getUnknownFields().writeTo(output);
    }

    @java.lang.Override
    public int getSerializedSize() {
      int size = memoizedSize;
      if (size != -1) return size;

      size = 0;
      if (((bitField0_ & 0x00000001) != 0)) {
        size += com.google.protobuf.GeneratedMessage.computeStringSize(1, field1_);
      }
      if (((bitField0_ & 0x00000004) != 0)) {
        size += com.google.protobuf.CodedOutputStream
          .computeInt32Size(15, field15_);
      }
      if (((bitField0_ & 0x00000008) != 0)) {
        size += com.google.protobuf.CodedOutputStream
          .computeInt32Size(16, field16_);
      }
      if (((bitField0_ & 0x00000040) != 0)) {
        size += com.google.protobuf.GeneratedMessage.computeStringSize(17, emptyString_);
      }
      if (((bitField0_ & 0x00000080) != 0)) {
        size += com.google.protobuf.GeneratedMessage.computeStringSize(18, unicodeString_);
      }
      if (((bitField0_ & 0x00000100) != 0)) {
        size += com.google.protobuf.CodedOutputStream
          .computeFloatSize(19, maxFloat_);
      }
      if (((bitField0_ & 0x00000200) != 0)) {
        size += com.google.protobuf.CodedOutputStream
          .computeDoubleSize(20, maxDouble_);
      }
      if (((bitField0_ & 0x00000400) != 0)) {
        size += com.google.protobuf.CodedOutputStream
          .computeFloatSize(21, infFloat_);
      }
      {
        int dataSize = 0;
        for (int i = 0; i < repeated1_.size(); i++) {
          dataSize += com.google.protobuf.CodedOutputStream
            .computeInt32SizeNoTag(repeated1_.getInt(i));
        }
        size += dataSize;
        size += 2 * getRepeated1List().size();
      }
      {
        int dataSize = 0;
        for (int i = 0; i < repeatedString1_.size(); i++) {
          dataSize += computeStringSizeNoTag(repeatedString1_.getRaw(i));
        }
        size += dataSize;
        size += 2 * getRepeatedString1List().size();
      }
      if (oneof1Case_ == 24) {
        size += com.google.protobuf.GeneratedMessage.computeStringSize(24, oneof1_);
      }
      if (oneof1Case_ == 25) {
        size += com.google.protobuf.CodedOutputStream
          .computeInt32Size(
              25, (int)((java.lang.Integer) oneof1_));
      }
      for (java.util.Map.Entry<java.lang.String, java.lang.Integer> entry
           : internalGetMap1().getMap().entrySet()) {
        com.google.protobuf.MapEntry<java.lang.String, java.lang.Integer>
        map1__ = Map1DefaultEntryHolder.defaultEntry.newBuilderForType()
            .setKey(entry.getKey())
            .setValue(entry.getValue())
            .build();
        size += com.google.protobuf.CodedOutputStream
            .computeMessageSize(26, map1__);
      }
      if (((bitField0_ & 0x00000010) != 0)) {
        size += com.google.protobuf.CodedOutputStream
          .computeInt32Size(2047, field2047_);
      }
      if (((bitField0_ & 0x00000020) != 0)) {
        size += com.google.protobuf.CodedOutputStream
          .computeInt32Size(2048, field2048_);
      }
      if (((bitField0_ & 0x00000002) != 0)) {
        size += com.google.protobuf.GeneratedMessage.computeStringSize(18000, field19000_);
      }
      size += getUnknownFields().getSerializedSize();
      memoizedSize = size;
      return size;
    }

    @java.lang.Override
    public boolean equals(final java.lang.Object obj) {
      if (obj == this) {
       return true;
      }
      if (!(obj instanceof com.rubberjam.protobuf.compiler.test.edge.ComprehensiveTestEdgeCasesMinimal.EdgeCaseMinimal)) {
        return super.equals(obj);
      }
      com.rubberjam.protobuf.compiler.test.edge.ComprehensiveTestEdgeCasesMinimal.EdgeCaseMinimal other = (com.rubberjam.protobuf.compiler.test.edge.ComprehensiveTestEdgeCasesMinimal.EdgeCaseMinimal) obj;

      if (hasField1() != other.hasField1()) return false;
      if (hasField1()) {
        if (!getField1()
            .equals(other.getField1())) return false;
      }
      if (hasField19000() != other.hasField19000()) return false;
      if (hasField19000()) {
        if (!getField19000()
            .equals(other.getField19000())) return false;
      }
      if (hasField15() != other.hasField15()) return false;
      if (hasField15()) {
        if (getField15()
            != other.getField15()) return false;
      }
      if (hasField16() != other.hasField16()) return false;
      if (hasField16()) {
        if (getField16()
            != other.getField16()) return false;
      }
      if (hasField2047() != other.hasField2047()) return false;
      if (hasField2047()) {
        if (getField2047()
            != other.getField2047()) return false;
      }
      if (hasField2048() != other.hasField2048()) return false;
      if (hasField2048()) {
        if (getField2048()
            != other.getField2048()) return false;
      }
      if (hasEmptyString() != other.hasEmptyString()) return false;
      if (hasEmptyString()) {
        if (!getEmptyString()
            .equals(other.getEmptyString())) return false;
      }
      if (hasUnicodeString() != other.hasUnicodeString()) return false;
      if (hasUnicodeString()) {
        if (!getUnicodeString()
            .equals(other.getUnicodeString())) return false;
      }
      if (hasMaxFloat() != other.hasMaxFloat()) return false;
      if (hasMaxFloat()) {
        if (java.lang.Float.floatToIntBits(getMaxFloat())
            != java.lang.Float.floatToIntBits(
                other.getMaxFloat())) return false;
      }
      if (hasMaxDouble() != other.hasMaxDouble()) return false;
      if (hasMaxDouble()) {
        if (java.lang.Double.doubleToLongBits(getMaxDouble())
            != java.lang.Double.doubleToLongBits(
                other.getMaxDouble())) return false;
      }
      if (hasInfFloat() != other.hasInfFloat()) return false;
      if (hasInfFloat()) {
        if (java.lang.Float.floatToIntBits(getInfFloat())
            != java.lang.Float.floatToIntBits(
                other.getInfFloat())) return false;
      }
      if (!getRepeated1List()
          .equals(other.getRepeated1List())) return false;
      if (!getRepeatedString1List()
          .equals(other.getRepeatedString1List())) return false;
      if (!internalGetMap1().equals(
          other.internalGetMap1())) return false;
      if (!getOneof1Case().equals(other.getOneof1Case())) return false;
      switch (oneof1Case_) {
        case 24:
          if (!getOneof1String()
              .equals(other.getOneof1String())) return false;
          break;
        case 25:
          if (getOneof1Int32()
              != other.getOneof1Int32()) return false;
          break;
        case 0:
        default:
      }
      if (!getUnknownFields().equals(other.getUnknownFields())) return false;
      return true;
    }

    @java.lang.Override
    public int hashCode() {
      if (memoizedHashCode != 0) {
        return memoizedHashCode;
      }
      int hash = 41;
      hash = (19 * hash) + getDescriptor().hashCode();
      if (hasField1()) {
        hash = (37 * hash) + FIELD1_FIELD_NUMBER;
        hash = (53 * hash) + getField1().hashCode();
      }
      if (hasField19000()) {
        hash = (37 * hash) + FIELD19000_FIELD_NUMBER;
        hash = (53 * hash) + getField19000().hashCode();
      }
      if (hasField15()) {
        hash = (37 * hash) + FIELD15_FIELD_NUMBER;
        hash = (53 * hash) + getField15();
      }
      if (hasField16()) {
        hash = (37 * hash) + FIELD16_FIELD_NUMBER;
        hash = (53 * hash) + getField16();
      }
      if (hasField2047()) {
        hash = (37 * hash) + FIELD2047_FIELD_NUMBER;
        hash = (53 * hash) + getField2047();
      }
      if (hasField2048()) {
        hash = (37 * hash) + FIELD2048_FIELD_NUMBER;
        hash = (53 * hash) + getField2048();
      }
      if (hasEmptyString()) {
        hash = (37 * hash) + EMPTY_STRING_FIELD_NUMBER;
        hash = (53 * hash) + getEmptyString().hashCode();
      }
      if (hasUnicodeString()) {
        hash = (37 * hash) + UNICODE_STRING_FIELD_NUMBER;
        hash = (53 * hash) + getUnicodeString().hashCode();
      }
      if (hasMaxFloat()) {
        hash = (37 * hash) + MAX_FLOAT_FIELD_NUMBER;
        hash = (53 * hash) + java.lang.Float.floatToIntBits(
            getMaxFloat());
      }
      if (hasMaxDouble()) {
        hash = (37 * hash) + MAX_DOUBLE_FIELD_NUMBER;
        hash = (53 * hash) + com.google.protobuf.Internal.hashLong(
            java.lang.Double.doubleToLongBits(getMaxDouble()));
      }
      if (hasInfFloat()) {
        hash = (37 * hash) + INF_FLOAT_FIELD_NUMBER;
        hash = (53 * hash) + java.lang.Float.floatToIntBits(
            getInfFloat());
      }
      if (getRepeated1Count() > 0) {
        hash = (37 * hash) + REPEATED1_FIELD_NUMBER;
        hash = (53 * hash) + getRepeated1List().hashCode();
      }
      if (getRepeatedString1Count() > 0) {
        hash = (37 * hash) + REPEATED_STRING1_FIELD_NUMBER;
        hash = (53 * hash) + getRepeatedString1List().hashCode();
      }
      if (!internalGetMap1().getMap().isEmpty()) {
        hash = (37 * hash) + MAP1_FIELD_NUMBER;
        hash = (53 * hash) + internalGetMap1().hashCode();
      }
      switch (oneof1Case_) {
        case 24:
          hash = (37 * hash) + ONEOF1_STRING_FIELD_NUMBER;
          hash = (53 * hash) + getOneof1String().hashCode();
          break;
        case 25:
          hash = (37 * hash) + ONEOF1_INT32_FIELD_NUMBER;
          hash = (53 * hash) + getOneof1Int32();
          break;
        case 0:
        default:
      }
      hash = (29 * hash) + getUnknownFields().hashCode();
      memoizedHashCode = hash;
      return hash;
    }

    public static com.rubberjam.protobuf.compiler.test.edge.ComprehensiveTestEdgeCasesMinimal.EdgeCaseMinimal parseFrom(
        java.nio.ByteBuffer data)
        throws com.google.protobuf.InvalidProtocolBufferException {
      return PARSER.parseFrom(data);
    }
    public static com.rubberjam.protobuf.compiler.test.edge.ComprehensiveTestEdgeCasesMinimal.EdgeCaseMinimal parseFrom(
        java.nio.ByteBuffer data,
        com.google.protobuf.ExtensionRegistryLite extensionRegistry)
        throws com.google.protobuf.InvalidProtocolBufferException {
      return PARSER.parseFrom(data, extensionRegistry);
    }
    public static com.rubberjam.protobuf.compiler.test.edge.ComprehensiveTestEdgeCasesMinimal.EdgeCaseMinimal parseFrom(
        com.google.protobuf.ByteString data)
        throws com.google.protobuf.InvalidProtocolBufferException {
      return PARSER.parseFrom(data);
    }
    public static com.rubberjam.protobuf.compiler.test.edge.ComprehensiveTestEdgeCasesMinimal.EdgeCaseMinimal parseFrom(
        com.google.protobuf.ByteString data,
        com.google.protobuf.ExtensionRegistryLite extensionRegistry)
        throws com.google.protobuf.InvalidProtocolBufferException {
      return PARSER.parseFrom(data, extensionRegistry);
    }
    public static com.rubberjam.protobuf.compiler.test.edge.ComprehensiveTestEdgeCasesMinimal.EdgeCaseMinimal parseFrom(byte[] data)
        throws com.google.protobuf.InvalidProtocolBufferException {
      return PARSER.parseFrom(data);
    }
    public static com.rubberjam.protobuf.compiler.test.edge.ComprehensiveTestEdgeCasesMinimal.EdgeCaseMinimal parseFrom(
        byte[] data,
        com.google.protobuf.ExtensionRegistryLite extensionRegistry)
        throws com.google.protobuf.InvalidProtocolBufferException {
      return PARSER.parseFrom(data, extensionRegistry);
    }
    public static com.rubberjam.protobuf.compiler.test.edge.ComprehensiveTestEdgeCasesMinimal.EdgeCaseMinimal parseFrom(java.io.InputStream input)
        throws java.io.IOException {
      return com.google.protobuf.GeneratedMessage
          .parseWithIOException(PARSER, input);
    }
    public static com.rubberjam.protobuf.compiler.test.edge.ComprehensiveTestEdgeCasesMinimal.EdgeCaseMinimal parseFrom(
        java.io.InputStream input,
        com.google.protobuf.ExtensionRegistryLite extensionRegistry)
        throws java.io.IOException {
      return com.google.protobuf.GeneratedMessage
          .parseWithIOException(PARSER, input, extensionRegistry);
    }

    public static com.rubberjam.protobuf.compiler.test.edge.ComprehensiveTestEdgeCasesMinimal.EdgeCaseMinimal parseDelimitedFrom(java.io.InputStream input)
        throws java.io.IOException {
      return com.google.protobuf.GeneratedMessage
          .parseDelimitedWithIOException(PARSER, input);
    }

    public static com.rubberjam.protobuf.compiler.test.edge.ComprehensiveTestEdgeCasesMinimal.EdgeCaseMinimal parseDelimitedFrom(
        java.io.InputStream input,
        com.google.protobuf.ExtensionRegistryLite extensionRegistry)
        throws java.io.IOException {
      return com.google.protobuf.GeneratedMessage
          .parseDelimitedWithIOException(PARSER, input, extensionRegistry);
    }
    public static com.rubberjam.protobuf.compiler.test.edge.ComprehensiveTestEdgeCasesMinimal.EdgeCaseMinimal parseFrom(
        com.google.protobuf.CodedInputStream input)
        throws java.io.IOException {
      return com.google.protobuf.GeneratedMessage
          .parseWithIOException(PARSER, input);
    }
    public static com.rubberjam.protobuf.compiler.test.edge.ComprehensiveTestEdgeCasesMinimal.EdgeCaseMinimal parseFrom(
        com.google.protobuf.CodedInputStream input,
        com.google.protobuf.ExtensionRegistryLite extensionRegistry)
        throws java.io.IOException {
      return com.google.protobuf.GeneratedMessage
          .parseWithIOException(PARSER, input, extensionRegistry);
    }

    @java.lang.Override
    public Builder newBuilderForType() { return newBuilder(); }
    public static Builder newBuilder() {
      return DEFAULT_INSTANCE.toBuilder();
    }
    public static Builder newBuilder(com.rubberjam.protobuf.compiler.test.edge.ComprehensiveTestEdgeCasesMinimal.EdgeCaseMinimal prototype) {
      return DEFAULT_INSTANCE.toBuilder().mergeFrom(prototype);
    }
    @java.lang.Override
    public Builder toBuilder() {
      return this == DEFAULT_INSTANCE
          ? new Builder() : new Builder().mergeFrom(this);
    }

    @java.lang.Override
    protected Builder newBuilderForType(
        com.google.protobuf.GeneratedMessage.BuilderParent parent) {
      Builder builder = new Builder(parent);
      return builder;
    }
    /**
     * <pre>
     * Message with field number edge cases
     * </pre>
     *
     * Protobuf type {@code ComprehensiveTest.EdgeCasesMinimal.EdgeCaseMinimal}
     */
    public static final class Builder extends
        com.google.protobuf.GeneratedMessage.Builder<Builder> implements
        // @@protoc_insertion_point(builder_implements:ComprehensiveTest.EdgeCasesMinimal.EdgeCaseMinimal)
        com.rubberjam.protobuf.compiler.test.edge.ComprehensiveTestEdgeCasesMinimal.EdgeCaseMinimalOrBuilder {
      public static final com.google.protobuf.Descriptors.Descriptor
          getDescriptor() {
        return com.rubberjam.protobuf.compiler.test.edge.ComprehensiveTestEdgeCasesMinimal.internal_static_ComprehensiveTest_EdgeCasesMinimal_EdgeCaseMinimal_descriptor;
      }

      @SuppressWarnings({"rawtypes"})
      protected com.google.protobuf.MapFieldReflectionAccessor internalGetMapFieldReflection(
          int number) {
        switch (number) {
          case 26:
            return internalGetMap1();
          default:
            throw new RuntimeException(
                "Invalid map field number: " + number);
        }
      }
      @SuppressWarnings({"rawtypes"})
      protected com.google.protobuf.MapFieldReflectionAccessor internalGetMutableMapFieldReflection(
          int number) {
        switch (number) {
          case 26:
            return internalGetMutableMap1();
          default:
            throw new RuntimeException(
                "Invalid map field number: " + number);
        }
      }
      @java.lang.Override
      protected com.google.protobuf.GeneratedMessage.FieldAccessorTable
          internalGetFieldAccessorTable() {
        return com.rubberjam.protobuf.compiler.test.edge.ComprehensiveTestEdgeCasesMinimal.internal_static_ComprehensiveTest_EdgeCasesMinimal_EdgeCaseMinimal_fieldAccessorTable
            .ensureFieldAccessorsInitialized(
                com.rubberjam.protobuf.compiler.test.edge.ComprehensiveTestEdgeCasesMinimal.EdgeCaseMinimal.class, com.rubberjam.protobuf.compiler.test.edge.ComprehensiveTestEdgeCasesMinimal.EdgeCaseMinimal.Builder.class);
      }

      // Construct using com.rubberjam.protobuf.compiler.test.edge.ComprehensiveTestEdgeCasesMinimal.EdgeCaseMinimal.newBuilder()
      private Builder() {

      }

      private Builder(
          com.google.protobuf.GeneratedMessage.BuilderParent parent) {
        super(parent);

      }
      @java.lang.Override
      public Builder clear() {
        super.clear();
        bitField0_ = 0;
        field1_ = "";
        field19000_ = "";
        field15_ = 0;
        field16_ = 0;
        field2047_ = 0;
        field2048_ = 0;
        emptyString_ = "";
        unicodeString_ = "";
        maxFloat_ = 3.40282347e+38F;
        maxDouble_ = 1.7976931348623157e+308D;
        infFloat_ = Float.POSITIVE_INFINITY;
        repeated1_ = emptyIntList();
        repeatedString1_ =
            com.google.protobuf.LazyStringArrayList.emptyList();
        internalGetMutableMap1().clear();
        oneof1Case_ = 0;
        oneof1_ = null;
        return this;
      }

      @java.lang.Override
      public com.google.protobuf.Descriptors.Descriptor
          getDescriptorForType() {
        return com.rubberjam.protobuf.compiler.test.edge.ComprehensiveTestEdgeCasesMinimal.internal_static_ComprehensiveTest_EdgeCasesMinimal_EdgeCaseMinimal_descriptor;
      }

      @java.lang.Override
      public com.rubberjam.protobuf.compiler.test.edge.ComprehensiveTestEdgeCasesMinimal.EdgeCaseMinimal getDefaultInstanceForType() {
        return com.rubberjam.protobuf.compiler.test.edge.ComprehensiveTestEdgeCasesMinimal.EdgeCaseMinimal.getDefaultInstance();
      }

      @java.lang.Override
      public com.rubberjam.protobuf.compiler.test.edge.ComprehensiveTestEdgeCasesMinimal.EdgeCaseMinimal build() {
        com.rubberjam.protobuf.compiler.test.edge.ComprehensiveTestEdgeCasesMinimal.EdgeCaseMinimal result = buildPartial();
        if (!result.isInitialized()) {
          throw newUninitializedMessageException(result);
        }
        return result;
      }

      @java.lang.Override
      public com.rubberjam.protobuf.compiler.test.edge.ComprehensiveTestEdgeCasesMinimal.EdgeCaseMinimal buildPartial() {
        com.rubberjam.protobuf.compiler.test.edge.ComprehensiveTestEdgeCasesMinimal.EdgeCaseMinimal result = new com.rubberjam.protobuf.compiler.test.edge.ComprehensiveTestEdgeCasesMinimal.EdgeCaseMinimal(this);
        if (bitField0_ != 0) { buildPartial0(result); }
        buildPartialOneofs(result);
        onBuilt();
        return result;
      }

      private void buildPartial0(com.rubberjam.protobuf.compiler.test.edge.ComprehensiveTestEdgeCasesMinimal.EdgeCaseMinimal result) {
        int from_bitField0_ = bitField0_;
        int to_bitField0_ = 0;
        if (((from_bitField0_ & 0x00000001) != 0)) {
          result.field1_ = field1_;
          to_bitField0_ |= 0x00000001;
        }
        if (((from_bitField0_ & 0x00000002) != 0)) {
          result.field19000_ = field19000_;
          to_bitField0_ |= 0x00000002;
        }
        if (((from_bitField0_ & 0x00000004) != 0)) {
          result.field15_ = field15_;
          to_bitField0_ |= 0x00000004;
        }
        if (((from_bitField0_ & 0x00000008) != 0)) {
          result.field16_ = field16_;
          to_bitField0_ |= 0x00000008;
        }
        if (((from_bitField0_ & 0x00000010) != 0)) {
          result.field2047_ = field2047_;
          to_bitField0_ |= 0x00000010;
        }
        if (((from_bitField0_ & 0x00000020) != 0)) {
          result.field2048_ = field2048_;
          to_bitField0_ |= 0x00000020;
        }
        if (((from_bitField0_ & 0x00000040) != 0)) {
          result.emptyString_ = emptyString_;
          to_bitField0_ |= 0x00000040;
        }
        if (((from_bitField0_ & 0x00000080) != 0)) {
          result.unicodeString_ = unicodeString_;
          to_bitField0_ |= 0x00000080;
        }
        if (((from_bitField0_ & 0x00000100) != 0)) {
          result.maxFloat_ = maxFloat_;
          to_bitField0_ |= 0x00000100;
        }
        if (((from_bitField0_ & 0x00000200) != 0)) {
          result.maxDouble_ = maxDouble_;
          to_bitField0_ |= 0x00000200;
        }
        if (((from_bitField0_ & 0x00000400) != 0)) {
          result.infFloat_ = infFloat_;
          to_bitField0_ |= 0x00000400;
        }
        if (((from_bitField0_ & 0x00000800) != 0)) {
          repeated1_.makeImmutable();
          result.repeated1_ = repeated1_;
        }
        if (((from_bitField0_ & 0x00001000) != 0)) {
          repeatedString1_.makeImmutable();
          result.repeatedString1_ = repeatedString1_;
        }
        if (((from_bitField0_ & 0x00008000) != 0)) {
          result.map1_ = internalGetMap1();
          result.map1_.makeImmutable();
        }
        result.bitField0_ |= to_bitField0_;
      }

      private void buildPartialOneofs(com.rubberjam.protobuf.compiler.test.edge.ComprehensiveTestEdgeCasesMinimal.EdgeCaseMinimal result) {
        result.oneof1Case_ = oneof1Case_;
        result.oneof1_ = this.oneof1_;
      }

      @java.lang.Override
      public Builder mergeFrom(com.google.protobuf.Message other) {
        if (other instanceof com.rubberjam.protobuf.compiler.test.edge.ComprehensiveTestEdgeCasesMinimal.EdgeCaseMinimal) {
          return mergeFrom((com.rubberjam.protobuf.compiler.test.edge.ComprehensiveTestEdgeCasesMinimal.EdgeCaseMinimal)other);
        } else {
          super.mergeFrom(other);
          return this;
        }
      }

      public Builder mergeFrom(com.rubberjam.protobuf.compiler.test.edge.ComprehensiveTestEdgeCasesMinimal.EdgeCaseMinimal other) {
        if (other == com.rubberjam.protobuf.compiler.test.edge.ComprehensiveTestEdgeCasesMinimal.EdgeCaseMinimal.getDefaultInstance()) return this;
        if (other.hasField1()) {
          field1_ = other.field1_;
          bitField0_ |= 0x00000001;
          onChanged();
        }
        if (other.hasField19000()) {
          field19000_ = other.field19000_;
          bitField0_ |= 0x00000002;
          onChanged();
        }
        if (other.hasField15()) {
          setField15(other.getField15());
        }
        if (other.hasField16()) {
          setField16(other.getField16());
        }
        if (other.hasField2047()) {
          setField2047(other.getField2047());
        }
        if (other.hasField2048()) {
          setField2048(other.getField2048());
        }
        if (other.hasEmptyString()) {
          emptyString_ = other.emptyString_;
          bitField0_ |= 0x00000040;
          onChanged();
        }
        if (other.hasUnicodeString()) {
          unicodeString_ = other.unicodeString_;
          bitField0_ |= 0x00000080;
          onChanged();
        }
        if (other.hasMaxFloat()) {
          setMaxFloat(other.getMaxFloat());
        }
        if (other.hasMaxDouble()) {
          setMaxDouble(other.getMaxDouble());
        }
        if (other.hasInfFloat()) {
          setInfFloat(other.getInfFloat());
        }
        if (!other.repeated1_.isEmpty()) {
          if (repeated1_.isEmpty()) {
            repeated1_ = other.repeated1_;
            repeated1_.makeImmutable();
            bitField0_ |= 0x00000800;
          } else {
            ensureRepeated1IsMutable();
            repeated1_.addAll(other.repeated1_);
          }
          onChanged();
        }
        if (!other.repeatedString1_.isEmpty()) {
          if (repeatedString1_.isEmpty()) {
            repeatedString1_ = other.repeatedString1_;
            bitField0_ |= 0x00001000;
          } else {
            ensureRepeatedString1IsMutable();
            repeatedString1_.addAll(other.repeatedString1_);
          }
          onChanged();
        }
        internalGetMutableMap1().mergeFrom(
            other.internalGetMap1());
        bitField0_ |= 0x00008000;
        switch (other.getOneof1Case()) {
          case ONEOF1_STRING: {
            oneof1Case_ = 24;
            oneof1_ = other.oneof1_;
            onChanged();
            break;
          }
          case ONEOF1_INT32: {
            setOneof1Int32(other.getOneof1Int32());
            break;
          }
          case ONEOF1_NOT_SET: {
            break;
          }
        }
        this.mergeUnknownFields(other.getUnknownFields());
        onChanged();
        return this;
      }

      @java.lang.Override
      public final boolean isInitialized() {
        return true;
      }

      @java.lang.Override
      public Builder mergeFrom(
          com.google.protobuf.CodedInputStream input,
          com.google.protobuf.ExtensionRegistryLite extensionRegistry)
          throws java.io.IOException {
        if (extensionRegistry == null) {
          throw new java.lang.NullPointerException();
        }
        try {
          boolean done = false;
          while (!done) {
            int tag = input.readTag();
            switch (tag) {
              case 0:
                done = true;
                break;
              case 10: {
                field1_ = input.readBytes();
                bitField0_ |= 0x00000001;
                break;
              } // case 10
              case 120: {
                field15_ = input.readInt32();
                bitField0_ |= 0x00000004;
                break;
              } // case 120
              case 128: {
                field16_ = input.readInt32();
                bitField0_ |= 0x00000008;
                break;
              } // case 128
              case 138: {
                emptyString_ = input.readBytes();
                bitField0_ |= 0x00000040;
                break;
              } // case 138
              case 146: {
                unicodeString_ = input.readBytes();
                bitField0_ |= 0x00000080;
                break;
              } // case 146
              case 157: {
                maxFloat_ = input.readFloat();
                bitField0_ |= 0x00000100;
                break;
              } // case 157
              case 161: {
                maxDouble_ = input.readDouble();
                bitField0_ |= 0x00000200;
                break;
              } // case 161
              case 173: {
                infFloat_ = input.readFloat();
                bitField0_ |= 0x00000400;
                break;
              } // case 173
              case 176: {
                int v = input.readInt32();
                ensureRepeated1IsMutable();
                repeated1_.addInt(v);
                break;
              } // case 176
              case 178: {
                int length = input.readRawVarint32();
                int limit = input.pushLimit(length);
                ensureRepeated1IsMutable();
                while (input.getBytesUntilLimit() > 0) {
                  repeated1_.addInt(input.readInt32());
                }
                input.popLimit(limit);
                break;
              } // case 178
              case 186: {
                com.google.protobuf.ByteString bs = input.readBytes();
                ensureRepeatedString1IsMutable();
                repeatedString1_.add(bs);
                break;
              } // case 186
              case 194: {
                com.google.protobuf.ByteString bs = input.readBytes();
                oneof1Case_ = 24;
                oneof1_ = bs;
                break;
              } // case 194
              case 200: {
                oneof1_ = input.readInt32();
                oneof1Case_ = 25;
                break;
              } // case 200
              case 210: {
                com.google.protobuf.MapEntry<java.lang.String, java.lang.Integer>
                map1__ = input.readMessage(
                    Map1DefaultEntryHolder.defaultEntry.getParserForType(), extensionRegistry);
                internalGetMutableMap1().getMutableMap().put(
                    map1__.getKey(), map1__.getValue());
                bitField0_ |= 0x00008000;
                break;
              } // case 210
              case 16376: {
                field2047_ = input.readInt32();
                bitField0_ |= 0x00000010;
                break;
              } // case 16376
              case 16384: {
                field2048_ = input.readInt32();
                bitField0_ |= 0x00000020;
                break;
              } // case 16384
              case 144002: {
                field19000_ = input.readBytes();
                bitField0_ |= 0x00000002;
                break;
              } // case 144002
              default: {
                if (!super.parseUnknownField(input, extensionRegistry, tag)) {
                  done = true; // was an endgroup tag
                }
                break;
              } // default:
            } // switch (tag)
          } // while (!done)
        } catch (com.google.protobuf.InvalidProtocolBufferException e) {
          throw e.unwrapIOException();
        } finally {
          onChanged();
        } // finally
        return this;
      }
      private int oneof1Case_ = 0;
      private java.lang.Object oneof1_;
      public Oneof1Case
          getOneof1Case() {
        return Oneof1Case.forNumber(
            oneof1Case_);
      }

      public Builder clearOneof1() {
        oneof1Case_ = 0;
        oneof1_ = null;
        onChanged();
        return this;
      }

      private int bitField0_;

      private java.lang.Object field1_ = "";
      /**
       * <code>optional string field1 = 1;</code>
       * @return Whether the field1 field is set.
       */
      public boolean hasField1() {
        return ((bitField0_ & 0x00000001) != 0);
      }
      /**
       * <code>optional string field1 = 1;</code>
       * @return The field1.
       */
      public java.lang.String getField1() {
        java.lang.Object ref = field1_;
        if (!(ref instanceof java.lang.String)) {
          com.google.protobuf.ByteString bs =
              (com.google.protobuf.ByteString) ref;
          java.lang.String s = bs.toStringUtf8();
          if (bs.isValidUtf8()) {
            field1_ = s;
          }
          return s;
        } else {
          return (java.lang.String) ref;
        }
      }
      /**
       * <code>optional string field1 = 1;</code>
       * @return The bytes for field1.
       */
      public com.google.protobuf.ByteString
          getField1Bytes() {
        java.lang.Object ref = field1_;
        if (ref instanceof String) {
          com.google.protobuf.ByteString b =
              com.google.protobuf.ByteString.copyFromUtf8(
                  (java.lang.String) ref);
          field1_ = b;
          return b;
        } else {
          return (com.google.protobuf.ByteString) ref;
        }
      }
      /**
       * <code>optional string field1 = 1;</code>
       * @param value The field1 to set.
       * @return This builder for chaining.
       */
      public Builder setField1(
          java.lang.String value) {
        if (value == null) { throw new NullPointerException(); }
        field1_ = value;
        bitField0_ |= 0x00000001;
        onChanged();
        return this;
      }
      /**
       * <code>optional string field1 = 1;</code>
       * @return This builder for chaining.
       */
      public Builder clearField1() {
        field1_ = getDefaultInstance().getField1();
        bitField0_ = (bitField0_ & ~0x00000001);
        onChanged();
        return this;
      }
      /**
       * <code>optional string field1 = 1;</code>
       * @param value The bytes for field1 to set.
       * @return This builder for chaining.
       */
      public Builder setField1Bytes(
          com.google.protobuf.ByteString value) {
        if (value == null) { throw new NullPointerException(); }
        field1_ = value;
        bitField0_ |= 0x00000001;
        onChanged();
        return this;
      }

      private java.lang.Object field19000_ = "";
      /**
       * <pre>
       * High field number
       * </pre>
       *
       * <code>optional string field19000 = 18000;</code>
       * @return Whether the field19000 field is set.
       */
      public boolean hasField19000() {
        return ((bitField0_ & 0x00000002) != 0);
      }
      /**
       * <pre>
       * High field number
       * </pre>
       *
       * <code>optional string field19000 = 18000;</code>
       * @return The field19000.
       */
      public java.lang.String getField19000() {
        java.lang.Object ref = field19000_;
        if (!(ref instanceof java.lang.String)) {
          com.google.protobuf.ByteString bs =
              (com.google.protobuf.ByteString) ref;
          java.lang.String s = bs.toStringUtf8();
          if (bs.isValidUtf8()) {
            field19000_ = s;
          }
          return s;
        } else {
          return (java.lang.String) ref;
        }
      }
      /**
       * <pre>
       * High field number
       * </pre>
       *
       * <code>optional string field19000 = 18000;</code>
       * @return The bytes for field19000.
       */
      public com.google.protobuf.ByteString
          getField19000Bytes() {
        java.lang.Object ref = field19000_;
        if (ref instanceof String) {
          com.google.protobuf.ByteString b =
              com.google.protobuf.ByteString.copyFromUtf8(
                  (java.lang.String) ref);
          field19000_ = b;
          return b;
        } else {
          return (com.google.protobuf.ByteString) ref;
        }
      }
      /**
       * <pre>
       * High field number
       * </pre>
       *
       * <code>optional string field19000 = 18000;</code>
       * @param value The field19000 to set.
       * @return This builder for chaining.
       */
      public Builder setField19000(
          java.lang.String value) {
        if (value == null) { throw new NullPointerException(); }
        field19000_ = value;
        bitField0_ |= 0x00000002;
        onChanged();
        return this;
      }
      /**
       * <pre>
       * High field number
       * </pre>
       *
       * <code>optional string field19000 = 18000;</code>
       * @return This builder for chaining.
       */
      public Builder clearField19000() {
        field19000_ = getDefaultInstance().getField19000();
        bitField0_ = (bitField0_ & ~0x00000002);
        onChanged();
        return this;
      }
      /**
       * <pre>
       * High field number
       * </pre>
       *
       * <code>optional string field19000 = 18000;</code>
       * @param value The bytes for field19000 to set.
       * @return This builder for chaining.
       */
      public Builder setField19000Bytes(
          com.google.protobuf.ByteString value) {
        if (value == null) { throw new NullPointerException(); }
        field19000_ = value;
        bitField0_ |= 0x00000002;
        onChanged();
        return this;
      }

      private int field15_ ;
      /**
       * <pre>
       * Field numbers at boundaries
       * </pre>
       *
       * <code>optional int32 field15 = 15;</code>
       * @return Whether the field15 field is set.
       */
      @java.lang.Override
      public boolean hasField15() {
        return ((bitField0_ & 0x00000004) != 0);
      }
      /**
       * <pre>
       * Field numbers at boundaries
       * </pre>
       *
       * <code>optional int32 field15 = 15;</code>
       * @return The field15.
       */
      @java.lang.Override
      public int getField15() {
        return field15_;
      }
      /**
       * <pre>
       * Field numbers at boundaries
       * </pre>
       *
       * <code>optional int32 field15 = 15;</code>
       * @param value The field15 to set.
       * @return This builder for chaining.
       */
      public Builder setField15(int value) {

        field15_ = value;
        bitField0_ |= 0x00000004;
        onChanged();
        return this;
      }
      /**
       * <pre>
       * Field numbers at boundaries
       * </pre>
       *
       * <code>optional int32 field15 = 15;</code>
       * @return This builder for chaining.
       */
      public Builder clearField15() {
        bitField0_ = (bitField0_ & ~0x00000004);
        field15_ = 0;
        onChanged();
        return this;
      }

      private int field16_ ;
      /**
       * <code>optional int32 field16 = 16;</code>
       * @return Whether the field16 field is set.
       */
      @java.lang.Override
      public boolean hasField16() {
        return ((bitField0_ & 0x00000008) != 0);
      }
      /**
       * <code>optional int32 field16 = 16;</code>
       * @return The field16.
       */
      @java.lang.Override
      public int getField16() {
        return field16_;
      }
      /**
       * <code>optional int32 field16 = 16;</code>
       * @param value The field16 to set.
       * @return This builder for chaining.
       */
      public Builder setField16(int value) {

        field16_ = value;
        bitField0_ |= 0x00000008;
        onChanged();
        return this;
      }
      /**
       * <code>optional int32 field16 = 16;</code>
       * @return This builder for chaining.
       */
      public Builder clearField16() {
        bitField0_ = (bitField0_ & ~0x00000008);
        field16_ = 0;
        onChanged();
        return this;
      }

      private int field2047_ ;
      /**
       * <code>optional int32 field2047 = 2047;</code>
       * @return Whether the field2047 field is set.
       */
      @java.lang.Override
      public boolean hasField2047() {
        return ((bitField0_ & 0x00000010) != 0);
      }
      /**
       * <code>optional int32 field2047 = 2047;</code>
       * @return The field2047.
       */
      @java.lang.Override
      public int getField2047() {
        return field2047_;
      }
      /**
       * <code>optional int32 field2047 = 2047;</code>
       * @param value The field2047 to set.
       * @return This builder for chaining.
       */
      public Builder setField2047(int value) {

        field2047_ = value;
        bitField0_ |= 0x00000010;
        onChanged();
        return this;
      }
      /**
       * <code>optional int32 field2047 = 2047;</code>
       * @return This builder for chaining.
       */
      public Builder clearField2047() {
        bitField0_ = (bitField0_ & ~0x00000010);
        field2047_ = 0;
        onChanged();
        return this;
      }

      private int field2048_ ;
      /**
       * <code>optional int32 field2048 = 2048;</code>
       * @return Whether the field2048 field is set.
       */
      @java.lang.Override
      public boolean hasField2048() {
        return ((bitField0_ & 0x00000020) != 0);
      }
      /**
       * <code>optional int32 field2048 = 2048;</code>
       * @return The field2048.
       */
      @java.lang.Override
      public int getField2048() {
        return field2048_;
      }
      /**
       * <code>optional int32 field2048 = 2048;</code>
       * @param value The field2048 to set.
       * @return This builder for chaining.
       */
      public Builder setField2048(int value) {

        field2048_ = value;
        bitField0_ |= 0x00000020;
        onChanged();
        return this;
      }
      /**
       * <code>optional int32 field2048 = 2048;</code>
       * @return This builder for chaining.
       */
      public Builder clearField2048() {
        bitField0_ = (bitField0_ & ~0x00000020);
        field2048_ = 0;
        onChanged();
        return this;
      }

      private java.lang.Object emptyString_ = "";
      /**
       * <code>optional string empty_string = 17 [default = ""];</code>
       * @return Whether the emptyString field is set.
       */
      public boolean hasEmptyString() {
        return ((bitField0_ & 0x00000040) != 0);
      }
      /**
       * <code>optional string empty_string = 17 [default = ""];</code>
       * @return The emptyString.
       */
      public java.lang.String getEmptyString() {
        java.lang.Object ref = emptyString_;
        if (!(ref instanceof java.lang.String)) {
          com.google.protobuf.ByteString bs =
              (com.google.protobuf.ByteString) ref;
          java.lang.String s = bs.toStringUtf8();
          if (bs.isValidUtf8()) {
            emptyString_ = s;
          }
          return s;
        } else {
          return (java.lang.String) ref;
        }
      }
      /**
       * <code>optional string empty_string = 17 [default = ""];</code>
       * @return The bytes for emptyString.
       */
      public com.google.protobuf.ByteString
          getEmptyStringBytes() {
        java.lang.Object ref = emptyString_;
        if (ref instanceof String) {
          com.google.protobuf.ByteString b =
              com.google.protobuf.ByteString.copyFromUtf8(
                  (java.lang.String) ref);
          emptyString_ = b;
          return b;
        } else {
          return (com.google.protobuf.ByteString) ref;
        }
      }
      /**
       * <code>optional string empty_string = 17 [default = ""];</code>
       * @param value The emptyString to set.
       * @return This builder for chaining.
       */
      public Builder setEmptyString(
          java.lang.String value) {
        if (value == null) { throw new NullPointerException(); }
        emptyString_ = value;
        bitField0_ |= 0x00000040;
        onChanged();
        return this;
      }
      /**
       * <code>optional string empty_string = 17 [default = ""];</code>
       * @return This builder for chaining.
       */
      public Builder clearEmptyString() {
        emptyString_ = getDefaultInstance().getEmptyString();
        bitField0_ = (bitField0_ & ~0x00000040);
        onChanged();
        return this;
      }
      /**
       * <code>optional string empty_string = 17 [default = ""];</code>
       * @param value The bytes for emptyString to set.
       * @return This builder for chaining.
       */
      public Builder setEmptyStringBytes(
          com.google.protobuf.ByteString value) {
        if (value == null) { throw new NullPointerException(); }
        emptyString_ = value;
        bitField0_ |= 0x00000040;
        onChanged();
        return this;
      }

      private java.lang.Object unicodeString_ = "";
      /**
       * <code>optional string unicode_string = 18;</code>
       * @return Whether the unicodeString field is set.
       */
      public boolean hasUnicodeString() {
        return ((bitField0_ & 0x00000080) != 0);
      }
      /**
       * <code>optional string unicode_string = 18;</code>
       * @return The unicodeString.
       */
      public java.lang.String getUnicodeString() {
        java.lang.Object ref = unicodeString_;
        if (!(ref instanceof java.lang.String)) {
          com.google.protobuf.ByteString bs =
              (com.google.protobuf.ByteString) ref;
          java.lang.String s = bs.toStringUtf8();
          if (bs.isValidUtf8()) {
            unicodeString_ = s;
          }
          return s;
        } else {
          return (java.lang.String) ref;
        }
      }
      /**
       * <code>optional string unicode_string = 18;</code>
       * @return The bytes for unicodeString.
       */
      public com.google.protobuf.ByteString
          getUnicodeStringBytes() {
        java.lang.Object ref = unicodeString_;
        if (ref instanceof String) {
          com.google.protobuf.ByteString b =
              com.google.protobuf.ByteString.copyFromUtf8(
                  (java.lang.String) ref);
          unicodeString_ = b;
          return b;
        } else {
          return (com.google.protobuf.ByteString) ref;
        }
      }
      /**
       * <code>optional string unicode_string = 18;</code>
       * @param value The unicodeString to set.
       * @return This builder for chaining.
       */
      public Builder setUnicodeString(
          java.lang.String value) {
        if (value == null) { throw new NullPointerException(); }
        unicodeString_ = value;
        bitField0_ |= 0x00000080;
        onChanged();
        return this;
      }
      /**
       * <code>optional string unicode_string = 18;</code>
       * @return This builder for chaining.
       */
      public Builder clearUnicodeString() {
        unicodeString_ = getDefaultInstance().getUnicodeString();
        bitField0_ = (bitField0_ & ~0x00000080);
        onChanged();
        return this;
      }
      /**
       * <code>optional string unicode_string = 18;</code>
       * @param value The bytes for unicodeString to set.
       * @return This builder for chaining.
       */
      public Builder setUnicodeStringBytes(
          com.google.protobuf.ByteString value) {
        if (value == null) { throw new NullPointerException(); }
        unicodeString_ = value;
        bitField0_ |= 0x00000080;
        onChanged();
        return this;
      }

      private float maxFloat_ = 3.40282347e+38F;
      /**
       * <code>optional float max_float = 19 [default = 3.40282347e+38];</code>
       * @return Whether the maxFloat field is set.
       */
      @java.lang.Override
      public boolean hasMaxFloat() {
        return ((bitField0_ & 0x00000100) != 0);
      }
      /**
       * <code>optional float max_float = 19 [default = 3.40282347e+38];</code>
       * @return The maxFloat.
       */
      @java.lang.Override
      public float getMaxFloat() {
        return maxFloat_;
      }
      /**
       * <code>optional float max_float = 19 [default = 3.40282347e+38];</code>
       * @param value The maxFloat to set.
       * @return This builder for chaining.
       */
      public Builder setMaxFloat(float value) {

        maxFloat_ = value;
        bitField0_ |= 0x00000100;
        onChanged();
        return this;
      }
      /**
       * <code>optional float max_float = 19 [default = 3.40282347e+38];</code>
       * @return This builder for chaining.
       */
      public Builder clearMaxFloat() {
        bitField0_ = (bitField0_ & ~0x00000100);
        maxFloat_ = 3.40282347e+38F;
        onChanged();
        return this;
      }

      private double maxDouble_ = 1.7976931348623157e+308D;
      /**
       * <code>optional double max_double = 20 [default = 1.7976931348623157e+308];</code>
       * @return Whether the maxDouble field is set.
       */
      @java.lang.Override
      public boolean hasMaxDouble() {
        return ((bitField0_ & 0x00000200) != 0);
      }
      /**
       * <code>optional double max_double = 20 [default = 1.7976931348623157e+308];</code>
       * @return The maxDouble.
       */
      @java.lang.Override
      public double getMaxDouble() {
        return maxDouble_;
      }
      /**
       * <code>optional double max_double = 20 [default = 1.7976931348623157e+308];</code>
       * @param value The maxDouble to set.
       * @return This builder for chaining.
       */
      public Builder setMaxDouble(double value) {

        maxDouble_ = value;
        bitField0_ |= 0x00000200;
        onChanged();
        return this;
      }
      /**
       * <code>optional double max_double = 20 [default = 1.7976931348623157e+308];</code>
       * @return This builder for chaining.
       */
      public Builder clearMaxDouble() {
        bitField0_ = (bitField0_ & ~0x00000200);
        maxDouble_ = 1.7976931348623157e+308D;
        onChanged();
        return this;
      }

      private float infFloat_ = Float.POSITIVE_INFINITY;
      /**
       * <code>optional float inf_float = 21 [default = inf];</code>
       * @return Whether the infFloat field is set.
       */
      @java.lang.Override
      public boolean hasInfFloat() {
        return ((bitField0_ & 0x00000400) != 0);
      }
      /**
       * <code>optional float inf_float = 21 [default = inf];</code>
       * @return The infFloat.
       */
      @java.lang.Override
      public float getInfFloat() {
        return infFloat_;
      }
      /**
       * <code>optional float inf_float = 21 [default = inf];</code>
       * @param value The infFloat to set.
       * @return This builder for chaining.
       */
      public Builder setInfFloat(float value) {

        infFloat_ = value;
        bitField0_ |= 0x00000400;
        onChanged();
        return this;
      }
      /**
       * <code>optional float inf_float = 21 [default = inf];</code>
       * @return This builder for chaining.
       */
      public Builder clearInfFloat() {
        bitField0_ = (bitField0_ & ~0x00000400);
        infFloat_ = Float.POSITIVE_INFINITY;
        onChanged();
        return this;
      }

      private com.google.protobuf.Internal.IntList repeated1_ = emptyIntList();
      private void ensureRepeated1IsMutable() {
        if (!repeated1_.isModifiable()) {
          repeated1_ = makeMutableCopy(repeated1_);
        }
        bitField0_ |= 0x00000800;
      }
      /**
       * <code>repeated int32 repeated1 = 22;</code>
       * @return A list containing the repeated1.
       */
      public java.util.List<java.lang.Integer>
          getRepeated1List() {
        repeated1_.makeImmutable();
        return repeated1_;
      }
      /**
       * <code>repeated int32 repeated1 = 22;</code>
       * @return The count of repeated1.
       */
      public int getRepeated1Count() {
        return repeated1_.size();
      }
      /**
       * <code>repeated int32 repeated1 = 22;</code>
       * @param index The index of the element to return.
       * @return The repeated1 at the given index.
       */
      public int getRepeated1(int index) {
        return repeated1_.getInt(index);
      }
      /**
       * <code>repeated int32 repeated1 = 22;</code>
       * @param index The index to set the value at.
       * @param value The repeated1 to set.
       * @return This builder for chaining.
       */
      public Builder setRepeated1(
          int index, int value) {

        ensureRepeated1IsMutable();
        repeated1_.setInt(index, value);
        bitField0_ |= 0x00000800;
        onChanged();
        return this;
      }
      /**
       * <code>repeated int32 repeated1 = 22;</code>
       * @param value The repeated1 to add.
       * @return This builder for chaining.
       */
      public Builder addRepeated1(int value) {

        ensureRepeated1IsMutable();
        repeated1_.addInt(value);
        bitField0_ |= 0x00000800;
        onChanged();
        return this;
      }
      /**
       * <code>repeated int32 repeated1 = 22;</code>
       * @param values The repeated1 to add.
       * @return This builder for chaining.
       */
      public Builder addAllRepeated1(
          java.lang.Iterable<? extends java.lang.Integer> values) {
        ensureRepeated1IsMutable();
        com.google.protobuf.AbstractMessageLite.Builder.addAll(
            values, repeated1_);
        bitField0_ |= 0x00000800;
        onChanged();
        return this;
      }
      /**
       * <code>repeated int32 repeated1 = 22;</code>
       * @return This builder for chaining.
       */
      public Builder clearRepeated1() {
        repeated1_ = emptyIntList();
        bitField0_ = (bitField0_ & ~0x00000800);
        onChanged();
        return this;
      }

      private com.google.protobuf.LazyStringArrayList repeatedString1_ =
          com.google.protobuf.LazyStringArrayList.emptyList();
      private void ensureRepeatedString1IsMutable() {
        if (!repeatedString1_.isModifiable()) {
          repeatedString1_ = new com.google.protobuf.LazyStringArrayList(repeatedString1_);
        }
        bitField0_ |= 0x00001000;
      }
      /**
       * <code>repeated string repeated_string1 = 23;</code>
       * @return A list containing the repeatedString1.
       */
      public com.google.protobuf.ProtocolStringList
          getRepeatedString1List() {
        repeatedString1_.makeImmutable();
        return repeatedString1_;
      }
      /**
       * <code>repeated string repeated_string1 = 23;</code>
       * @return The count of repeatedString1.
       */
      public int getRepeatedString1Count() {
        return repeatedString1_.size();
      }
      /**
       * <code>repeated string repeated_string1 = 23;</code>
       * @param index The index of the element to return.
       * @return The repeatedString1 at the given index.
       */
      public java.lang.String getRepeatedString1(int index) {
        return repeatedString1_.get(index);
      }
      /**
       * <code>repeated string repeated_string1 = 23;</code>
       * @param index The index of the value to return.
       * @return The bytes of the repeatedString1 at the given index.
       */
      public com.google.protobuf.ByteString
          getRepeatedString1Bytes(int index) {
        return repeatedString1_.getByteString(index);
      }
      /**
       * <code>repeated string repeated_string1 = 23;</code>
       * @param index The index to set the value at.
       * @param value The repeatedString1 to set.
       * @return This builder for chaining.
       */
      public Builder setRepeatedString1(
          int index, java.lang.String value) {
        if (value == null) { throw new NullPointerException(); }
        ensureRepeatedString1IsMutable();
        repeatedString1_.set(index, value);
        bitField0_ |= 0x00001000;
        onChanged();
        return this;
      }
      /**
       * <code>repeated string repeated_string1 = 23;</code>
       * @param value The repeatedString1 to add.
       * @return This builder for chaining.
       */
      public Builder addRepeatedString1(
          java.lang.String value) {
        if (value == null) { throw new NullPointerException(); }
        ensureRepeatedString1IsMutable();
        repeatedString1_.add(value);
        bitField0_ |= 0x00001000;
        onChanged();
        return this;
      }
      /**
       * <code>repeated string repeated_string1 = 23;</code>
       * @param values The repeatedString1 to add.
       * @return This builder for chaining.
       */
      public Builder addAllRepeatedString1(
          java.lang.Iterable<java.lang.String> values) {
        ensureRepeatedString1IsMutable();
        com.google.protobuf.AbstractMessageLite.Builder.addAll(
            values, repeatedString1_);
        bitField0_ |= 0x00001000;
        onChanged();
        return this;
      }
      /**
       * <code>repeated string repeated_string1 = 23;</code>
       * @return This builder for chaining.
       */
      public Builder clearRepeatedString1() {
        repeatedString1_ =
          com.google.protobuf.LazyStringArrayList.emptyList();
        bitField0_ = (bitField0_ & ~0x00001000);;
        onChanged();
        return this;
      }
      /**
       * <code>repeated string repeated_string1 = 23;</code>
       * @param value The bytes of the repeatedString1 to add.
       * @return This builder for chaining.
       */
      public Builder addRepeatedString1Bytes(
          com.google.protobuf.ByteString value) {
        if (value == null) { throw new NullPointerException(); }
        ensureRepeatedString1IsMutable();
        repeatedString1_.add(value);
        bitField0_ |= 0x00001000;
        onChanged();
        return this;
      }

      /**
       * <code>string oneof1_string = 24;</code>
       * @return Whether the oneof1String field is set.
       */
      @java.lang.Override
      public boolean hasOneof1String() {
        return oneof1Case_ == 24;
      }
      /**
       * <code>string oneof1_string = 24;</code>
       * @return The oneof1String.
       */
      @java.lang.Override
      public java.lang.String getOneof1String() {
        java.lang.Object ref = "";
        if (oneof1Case_ == 24) {
          ref = oneof1_;
        }
        if (!(ref instanceof java.lang.String)) {
          com.google.protobuf.ByteString bs =
              (com.google.protobuf.ByteString) ref;
          java.lang.String s = bs.toStringUtf8();
          if (oneof1Case_ == 24) {
            if (bs.isValidUtf8()) {
              oneof1_ = s;
            }
          }
          return s;
        } else {
          return (java.lang.String) ref;
        }
      }
      /**
       * <code>string oneof1_string = 24;</code>
       * @return The bytes for oneof1String.
       */
      @java.lang.Override
      public com.google.protobuf.ByteString
          getOneof1StringBytes() {
        java.lang.Object ref = "";
        if (oneof1Case_ == 24) {
          ref = oneof1_;
        }
        if (ref instanceof String) {
          com.google.protobuf.ByteString b =
              com.google.protobuf.ByteString.copyFromUtf8(
                  (java.lang.String) ref);
          if (oneof1Case_ == 24) {
            oneof1_ = b;
          }
          return b;
        } else {
          return (com.google.protobuf.ByteString) ref;
        }
      }
      /**
       * <code>string oneof1_string = 24;</code>
       * @param value The oneof1String to set.
       * @return This builder for chaining.
       */
      public Builder setOneof1String(
          java.lang.String value) {
        if (value == null) { throw new NullPointerException(); }
        oneof1Case_ = 24;
        oneof1_ = value;
        onChanged();
        return this;
      }
      /**
       * <code>string oneof1_string = 24;</code>
       * @return This builder for chaining.
       */
      public Builder clearOneof1String() {
        if (oneof1Case_ == 24) {
          oneof1Case_ = 0;
          oneof1_ = null;
          onChanged();
        }
        return this;
      }
      /**
       * <code>string oneof1_string = 24;</code>
       * @param value The bytes for oneof1String to set.
       * @return This builder for chaining.
       */
      public Builder setOneof1StringBytes(
          com.google.protobuf.ByteString value) {
        if (value == null) { throw new NullPointerException(); }
        oneof1Case_ = 24;
        oneof1_ = value;
        onChanged();
        return this;
      }

      /**
       * <code>int32 oneof1_int32 = 25;</code>
       * @return Whether the oneof1Int32 field is set.
       */
      public boolean hasOneof1Int32() {
        return oneof1Case_ == 25;
      }
      /**
       * <code>int32 oneof1_int32 = 25;</code>
       * @return The oneof1Int32.
       */
      public int getOneof1Int32() {
        if (oneof1Case_ == 25) {
          return (java.lang.Integer) oneof1_;
        }
        return 0;
      }
      /**
       * <code>int32 oneof1_int32 = 25;</code>
       * @param value The oneof1Int32 to set.
       * @return This builder for chaining.
       */
      public Builder setOneof1Int32(int value) {

        oneof1Case_ = 25;
        oneof1_ = value;
        onChanged();
        return this;
      }
      /**
       * <code>int32 oneof1_int32 = 25;</code>
       * @return This builder for chaining.
       */
      public Builder clearOneof1Int32() {
        if (oneof1Case_ == 25) {
          oneof1Case_ = 0;
          oneof1_ = null;
          onChanged();
        }
        return this;
      }

      private com.google.protobuf.MapField<
          java.lang.String, java.lang.Integer> map1_;
      private com.google.protobuf.MapField<java.lang.String, java.lang.Integer>
          internalGetMap1() {
        if (map1_ == null) {
          return com.google.protobuf.MapField.emptyMapField(
              Map1DefaultEntryHolder.defaultEntry);
        }
        return map1_;
      }
      private com.google.protobuf.MapField<java.lang.String, java.lang.Integer>
          internalGetMutableMap1() {
        if (map1_ == null) {
          map1_ = com.google.protobuf.MapField.newMapField(
              Map1DefaultEntryHolder.defaultEntry);
        }
        if (!map1_.isMutable()) {
          map1_ = map1_.copy();
        }
        bitField0_ |= 0x00008000;
        onChanged();
        return map1_;
      }
      public int getMap1Count() {
        return internalGetMap1().getMap().size();
      }
      /**
       * <code>map&lt;string, int32&gt; map1 = 26;</code>
       */
      @java.lang.Override
      public boolean containsMap1(
          java.lang.String key) {
        if (key == null) { throw new NullPointerException("map key"); }
        return internalGetMap1().getMap().containsKey(key);
      }
      /**
       * Use {@link #getMap1Map()} instead.
       */
      @java.lang.Override
      @java.lang.Deprecated
      public java.util.Map<java.lang.String, java.lang.Integer> getMap1() {
        return getMap1Map();
      }
      /**
       * <code>map&lt;string, int32&gt; map1 = 26;</code>
       */
      @java.lang.Override
      public java.util.Map<java.lang.String, java.lang.Integer> getMap1Map() {
        return internalGetMap1().getMap();
      }
      /**
       * <code>map&lt;string, int32&gt; map1 = 26;</code>
       */
      @java.lang.Override
      public int getMap1OrDefault(
          java.lang.String key,
          int defaultValue) {
        if (key == null) { throw new NullPointerException("map key"); }
        java.util.Map<java.lang.String, java.lang.Integer> map =
            internalGetMap1().getMap();
        return map.containsKey(key) ? map.get(key) : defaultValue;
      }
      /**
       * <code>map&lt;string, int32&gt; map1 = 26;</code>
       */
      @java.lang.Override
      public int getMap1OrThrow(
          java.lang.String key) {
        if (key == null) { throw new NullPointerException("map key"); }
        java.util.Map<java.lang.String, java.lang.Integer> map =
            internalGetMap1().getMap();
        if (!map.containsKey(key)) {
          throw new java.lang.IllegalArgumentException();
        }
        return map.get(key);
      }
      public Builder clearMap1() {
        bitField0_ = (bitField0_ & ~0x00008000);
        internalGetMutableMap1().getMutableMap()
            .clear();
        return this;
      }
      /**
       * <code>map&lt;string, int32&gt; map1 = 26;</code>
       */
      public Builder removeMap1(
          java.lang.String key) {
        if (key == null) { throw new NullPointerException("map key"); }
        internalGetMutableMap1().getMutableMap()
            .remove(key);
        return this;
      }
      /**
       * Use alternate mutation accessors instead.
       */
      @java.lang.Deprecated
      public java.util.Map<java.lang.String, java.lang.Integer>
          getMutableMap1() {
        bitField0_ |= 0x00008000;
        return internalGetMutableMap1().getMutableMap();
      }
      /**
       * <code>map&lt;string, int32&gt; map1 = 26;</code>
       */
      public Builder putMap1(
          java.lang.String key,
          int value) {
        if (key == null) { throw new NullPointerException("map key"); }

        internalGetMutableMap1().getMutableMap()
            .put(key, value);
        bitField0_ |= 0x00008000;
        return this;
      }
      /**
       * <code>map&lt;string, int32&gt; map1 = 26;</code>
       */
      public Builder putAllMap1(
          java.util.Map<java.lang.String, java.lang.Integer> values) {
        internalGetMutableMap1().getMutableMap()
            .putAll(values);
        bitField0_ |= 0x00008000;
        return this;
      }

      // @@protoc_insertion_point(builder_scope:ComprehensiveTest.EdgeCasesMinimal.EdgeCaseMinimal)
    }

    // @@protoc_insertion_point(class_scope:ComprehensiveTest.EdgeCasesMinimal.EdgeCaseMinimal)
    private static final com.rubberjam.protobuf.compiler.test.edge.ComprehensiveTestEdgeCasesMinimal.EdgeCaseMinimal DEFAULT_INSTANCE;
    static {
      DEFAULT_INSTANCE = new com.rubberjam.protobuf.compiler.test.edge.ComprehensiveTestEdgeCasesMinimal.EdgeCaseMinimal();
    }

    public static com.rubberjam.protobuf.compiler.test.edge.ComprehensiveTestEdgeCasesMinimal.EdgeCaseMinimal getDefaultInstance() {
      return DEFAULT_INSTANCE;
    }

    private static final com.google.protobuf.Parser<EdgeCaseMinimal>
        PARSER = new com.google.protobuf.AbstractParser<EdgeCaseMinimal>() {
      @java.lang.Override
      public EdgeCaseMinimal parsePartialFrom(
          com.google.protobuf.CodedInputStream input,
          com.google.protobuf.ExtensionRegistryLite extensionRegistry)
          throws com.google.protobuf.InvalidProtocolBufferException {
        Builder builder = newBuilder();
        try {
          builder.mergeFrom(input, extensionRegistry);
        } catch (com.google.protobuf.InvalidProtocolBufferException e) {
          throw e.setUnfinishedMessage(builder.buildPartial());
        } catch (com.google.protobuf.UninitializedMessageException e) {
          throw e.asInvalidProtocolBufferException().setUnfinishedMessage(builder.buildPartial());
        } catch (java.io.IOException e) {
          throw new com.google.protobuf.InvalidProtocolBufferException(e)
              .setUnfinishedMessage(builder.buildPartial());
        }
        return builder.buildPartial();
      }
    };

    public static com.google.protobuf.Parser<EdgeCaseMinimal> parser() {
      return PARSER;
    }

    @java.lang.Override
    public com.google.protobuf.Parser<EdgeCaseMinimal> getParserForType() {
      return PARSER;
    }

    @java.lang.Override
    public com.rubberjam.protobuf.compiler.test.edge.ComprehensiveTestEdgeCasesMinimal.EdgeCaseMinimal getDefaultInstanceForType() {
      return DEFAULT_INSTANCE;
    }

  }

  private static final com.google.protobuf.Descriptors.Descriptor
    internal_static_ComprehensiveTest_EdgeCasesMinimal_EdgeCaseMinimal_descriptor;
  private static final
    com.google.protobuf.GeneratedMessage.FieldAccessorTable
      internal_static_ComprehensiveTest_EdgeCasesMinimal_EdgeCaseMinimal_fieldAccessorTable;
  private static final com.google.protobuf.Descriptors.Descriptor
    internal_static_ComprehensiveTest_EdgeCasesMinimal_EdgeCaseMinimal_Map1Entry_descriptor;
  private static final
    com.google.protobuf.GeneratedMessage.FieldAccessorTable
      internal_static_ComprehensiveTest_EdgeCasesMinimal_EdgeCaseMinimal_Map1Entry_fieldAccessorTable;

  public static com.google.protobuf.Descriptors.FileDescriptor
      getDescriptor() {
    return descriptor;
  }
  private static  com.google.protobuf.Descriptors.FileDescriptor
      descriptor;
  static {
    java.lang.String[] descriptorData = {
      "\n+comprehensive_test_edge_cases_minimal." +
      "proto\022\"ComprehensiveTest.EdgeCasesMinima" +
      "l\"\373\003\n\017EdgeCaseMinimal\022\016\n\006field1\030\001 \001(\t\022\024\n" +
      "\nfield19000\030\320\214\001 \001(\t\022\017\n\007field15\030\017 \001(\005\022\017\n\007" +
      "field16\030\020 \001(\005\022\022\n\tfield2047\030\377\017 \001(\005\022\022\n\tfie" +
      "ld2048\030\200\020 \001(\005\022\026\n\014empty_string\030\021 \001(\t:\000\022\026\n" +
      "\016unicode_string\030\022 \001(\t\022!\n\tmax_float\030\023 \001(\002" +
      ":\0163.40282347e+38\022+\n\nmax_double\030\024 \001(\001:\0271." +
      "7976931348623157e+308\022\026\n\tinf_float\030\025 \001(\002" +
      ":\003inf\022\021\n\trepeated1\030\026 \003(\005\022\030\n\020repeated_str" +
      "ing1\030\027 \003(\t\022\027\n\roneof1_string\030\030 \001(\tH\000\022\026\n\014o" +
      "neof1_int32\030\031 \001(\005H\000\022K\n\004map1\030\032 \003(\0132=.Comp" +
      "rehensiveTest.EdgeCasesMinimal.EdgeCaseM" +
      "inimal.Map1Entry\032+\n\tMap1Entry\022\013\n\003key\030\001 \001" +
      "(\t\022\r\n\005value\030\002 \001(\005:\0028\001B\010\n\006oneof1BP\n)com.r" +
      "ubberjam.protobuf.compiler.test.edgeB!Co" +
      "mprehensiveTestEdgeCasesMinimalH\001"
    };
    descriptor = com.google.protobuf.Descriptors.FileDescriptor
      .internalBuildGeneratedFileFrom(descriptorData,
        new com.google.protobuf.Descriptors.FileDescriptor[] {
        });
    internal_static_ComprehensiveTest_EdgeCasesMinimal_EdgeCaseMinimal_descriptor =
      getDescriptor().getMessageType(0);
    internal_static_ComprehensiveTest_EdgeCasesMinimal_EdgeCaseMinimal_fieldAccessorTable = new
      com.google.protobuf.GeneratedMessage.FieldAccessorTable(
        internal_static_ComprehensiveTest_EdgeCasesMinimal_EdgeCaseMinimal_descriptor,
        new java.lang.String[] { "Field1", "Field19000", "Field15", "Field16", "Field2047", "Field2048", "EmptyString", "UnicodeString", "MaxFloat", "MaxDouble", "InfFloat", "Repeated1", "RepeatedString1", "Oneof1String", "Oneof1Int32", "Map1", "Oneof1", });
    internal_static_ComprehensiveTest_EdgeCasesMinimal_EdgeCaseMinimal_Map1Entry_descriptor =
      internal_static_ComprehensiveTest_EdgeCasesMinimal_EdgeCaseMinimal_descriptor.getNestedType(0);
    internal_static_ComprehensiveTest_EdgeCasesMinimal_EdgeCaseMinimal_Map1Entry_fieldAccessorTable = new
      com.google.protobuf.GeneratedMessage.FieldAccessorTable(
        internal_static_ComprehensiveTest_EdgeCasesMinimal_EdgeCaseMinimal_Map1Entry_descriptor,
        new java.lang.String[] { "Key", "Value", });
    descriptor.resolveAllFeaturesImmutable();
  }

  // @@protoc_insertion_point(outer_class_scope)
}

FULL ACTUAL FILE:
// Generated by the protocol buffer compiler.  DO NOT EDIT!
// NO CHECKED-IN PROTOBUF GENCODE
// source: comprehensive_test_edge_cases_minimal.proto
// Protobuf Java Version: 4.33.4

package com.rubberjam.protobuf.compiler.test.edge;

@com.google.protobuf.Generated
public final class ComprehensiveTestEdgeCasesMinimal extends com.google.protobuf.GeneratedFile {
  private ComprehensiveTestEdgeCasesMinimal() {}
  static {
    com.google.protobuf.RuntimeVersion.validateProtobufGencodeVersion(
      com.google.protobuf.RuntimeVersion.RuntimeDomain.PUBLIC,
      /* major= */ 4,
      /* minor= */ 33,
      /* patch= */ 4,
      /* suffix= */ "",
      "ComprehensiveTestEdgeCasesMinimal");
  }
  public static void registerAllExtensions(
      com.google.protobuf.ExtensionRegistryLite registry) {
  }

  public static void registerAllExtensions(
      com.google.protobuf.ExtensionRegistry registry) {
    registerAllExtensions(
        (com.google.protobuf.ExtensionRegistryLite) registry);
  }
  public interface EdgeCaseMinimalOrBuilder extends
      // @@protoc_insertion_point(interface_extends:ComprehensiveTest.EdgeCasesMinimal.EdgeCaseMinimal)
      com.google.protobuf.MessageOrBuilder {

    /**
     * <code>optional string field1 = 1;</code>
     * @return Whether the field1 field is set.
     */
    boolean hasField1();
    /**
     * <code>optional string field1 = 1;</code>
     * @return The field1.
     */
    java.lang.String getField1();
    /**
     * <code>optional string field1 = 1;</code>
     * @return The bytes for field1.
     */
    com.google.protobuf.ByteString
        getField1Bytes();

    /**
     * <pre>
     * High field number
     * </pre>
     *
     * <code>optional string field19000 = 18000;</code>
     * @return Whether the field19000 field is set.
     */
    boolean hasField19000();
    /**
     * <pre>
     * High field number
     * </pre>
     *
     * <code>optional string field19000 = 18000;</code>
     * @return The field19000.
     */
    java.lang.String getField19000();
    /**
     * <pre>
     * High field number
     * </pre>
     *
     * <code>optional string field19000 = 18000;</code>
     * @return The bytes for field19000.
     */
    com.google.protobuf.ByteString
        getField19000Bytes();

    /**
     * <pre>
     * Field numbers at boundaries
     * </pre>
     *
     * <code>optional int32 field15 = 15;</code>
     * @return Whether the field15 field is set.
     */
    boolean hasField15();
    /**
     * <pre>
     * Field numbers at boundaries
     * </pre>
     *
     * <code>optional int32 field15 = 15;</code>
     * @return The field15.
     */
    int getField15();

    /**
     * <code>optional int32 field16 = 16;</code>
     * @return Whether the field16 field is set.
     */
    boolean hasField16();
    /**
     * <code>optional int32 field16 = 16;</code>
     * @return The field16.
     */
    int getField16();

    /**
     * <code>optional int32 field2047 = 2047;</code>
     * @return Whether the field2047 field is set.
     */
    boolean hasField2047();
    /**
     * <code>optional int32 field2047 = 2047;</code>
     * @return The field2047.
     */
    int getField2047();

    /**
     * <code>optional int32 field2048 = 2048;</code>
     * @return Whether the field2048 field is set.
     */
    boolean hasField2048();
    /**
     * <code>optional int32 field2048 = 2048;</code>
     * @return The field2048.
     */
    int getField2048();

    /**
     * <code>optional string empty_string = 17 [default = ""];</code>
     * @return Whether the emptyString field is set.
     */
    boolean hasEmptyString();
    /**
     * <code>optional string empty_string = 17 [default = ""];</code>
     * @return The emptyString.
     */
    java.lang.String getEmptyString();
    /**
     * <code>optional string empty_string = 17 [default = ""];</code>
     * @return The bytes for emptyString.
     */
    com.google.protobuf.ByteString
        getEmptyStringBytes();

    /**
     * <code>optional string unicode_string = 18;</code>
     * @return Whether the unicodeString field is set.
     */
    boolean hasUnicodeString();
    /**
     * <code>optional string unicode_string = 18;</code>
     * @return The unicodeString.
     */
    java.lang.String getUnicodeString();
    /**
     * <code>optional string unicode_string = 18;</code>
     * @return The bytes for unicodeString.
     */
    com.google.protobuf.ByteString
        getUnicodeStringBytes();

    /**
     * <code>optional float max_float = 19 [default = 3.40282347e+38];</code>
     * @return Whether the maxFloat field is set.
     */
    boolean hasMaxFloat();
    /**
     * <code>optional float max_float = 19 [default = 3.40282347e+38];</code>
     * @return The maxFloat.
     */
    float getMaxFloat();

    /**
     * <code>optional double max_double = 20 [default = 1.7976931348623157e+308];</code>
     * @return Whether the maxDouble field is set.
     */
    boolean hasMaxDouble();
    /**
     * <code>optional double max_double = 20 [default = 1.7976931348623157e+308];</code>
     * @return The maxDouble.
     */
    double getMaxDouble();

    /**
     * <code>optional float inf_float = 21 [default = inf];</code>
     * @return Whether the infFloat field is set.
     */
    boolean hasInfFloat();
    /**
     * <code>optional float inf_float = 21 [default = inf];</code>
     * @return The infFloat.
     */
    float getInfFloat();

  /**
   * <code>repeated int32 repeated1 = 22;</code>
   * @return A list containing the repeated1.
   */
  java.util.List<java.lang.Integer> getRepeated1List();
  /**
   * <code>repeated int32 repeated1 = 22;</code>
   * @return The count of repeated1.
   */
  int getRepeated1Count();
  /**
   * <code>repeated int32 repeated1 = 22;</code>
   * @param index The index of the element to return.
   * @return The repeated1 at the given index.
   */
  int getRepeated1(int index);

  /**
   * <code>repeated string repeated_string1 = 23;</code>
   * @return A list containing the repeatedString1.
   */
  java.util.List<java.lang.String>
      getRepeatedString1List();
  /**
   * <code>repeated string repeated_string1 = 23;</code>
   * @return The count of repeatedString1.
   */
  int getRepeatedString1Count();
  /**
   * <code>repeated string repeated_string1 = 23;</code>
   * @param index The index of the element to return.
   * @return The repeatedString1 at the given index.
   */
  java.lang.String getRepeatedString1(int index);
  /**
   * <code>repeated string repeated_string1 = 23;</code>
   * @param index The index of the value to return.
   * @return The bytes of the repeatedString1 at the given index.
   */
  com.google.protobuf.ByteString
      getRepeatedString1Bytes(int index);

    /**
     * <code>string oneof1_string = 24;</code>
     * @return Whether the oneof1String field is set.
     */
    boolean hasOneof1String();
    /**
     * <code>string oneof1_string = 24;</code>
     * @return The oneof1String.
     */
    java.lang.String getOneof1String();
    /**
     * <code>string oneof1_string = 24;</code>
     * @return The bytes for oneof1String.
     */
    com.google.protobuf.ByteString
        getOneof1StringBytes();

    /**
     * <code>int32 oneof1_int32 = 25;</code>
     * @return Whether the oneof1Int32 field is set.
     */
    boolean hasOneof1Int32();
    /**
     * <code>int32 oneof1_int32 = 25;</code>
     * @return The oneof1Int32.
     */
    int getOneof1Int32();

  /**
   * <code>map&lt;string, int32&gt; map1 = 26;</code>
   */
  int getMap1Count();
  /**
   * <code>map&lt;string, int32&gt; map1 = 26;</code>
   */
  boolean containsMap1(
      java.lang.String key);
  /**
   * Use {@link #getMap1Map()} instead.
   */
  @java.lang.Deprecated
  java.util.Map<java.lang.String, java.lang.Integer>
  getMap1();
  /**
   * <code>map&lt;string, int32&gt; map1 = 26;</code>
   */
  java.util.Map<java.lang.String, java.lang.Integer>
  getMap1Map();
  /**
   * <code>map&lt;string, int32&gt; map1 = 26;</code>
   */
  int getMap1OrDefault(
      java.lang.String key,
      int defaultValue);
  /**
   * <code>map&lt;string, int32&gt; map1 = 26;</code>
   */
  int getMap1OrThrow(
      java.lang.String key);

    com.rubberjam.protobuf.compiler.test.edge.ComprehensiveTestEdgeCasesMinimal.EdgeCaseMinimal.Oneof1Case getOneof1Case();
  }
/**
 * <pre>
 * Message with field number edge cases
 * </pre>
 *
 * Protobuf type {@code ComprehensiveTest.EdgeCasesMinimal.EdgeCaseMinimal}
 */
  public static final class EdgeCaseMinimal extends
      com.google.protobuf.GeneratedMessage implements
      // @@protoc_insertion_point(message_implements:ComprehensiveTest.EdgeCasesMinimal.EdgeCaseMinimal)
      EdgeCaseMinimalOrBuilder {
  private static final long serialVersionUID = 0L;
    static {
      com.google.protobuf.RuntimeVersion.validateProtobufGencodeVersion(
        com.google.protobuf.RuntimeVersion.RuntimeDomain.PUBLIC,
        /* major= */ 4,
        /* minor= */ 33,
        /* patch= */ 4,
        /* suffix= */ "",
        "EdgeCaseMinimal");
    }
    // Use EdgeCaseMinimal.newBuilder() to construct.
    private EdgeCaseMinimal(com.google.protobuf.GeneratedMessage.Builder<?> builder) {
      super(builder);
    }
    private EdgeCaseMinimal() {
        field1_ = "";
        field19000_ = "";
        emptyString_ = "";
        unicodeString_ = "";
        maxFloat_ = 3.40282347e+38F;
        maxDouble_ = 1.7976931348623157e+308D;
        infFloat_ = Float.POSITIVE_INFINITY;
        repeated1_ = emptyIntList();
        repeatedString1_ =
            com.google.protobuf.LazyStringArrayList.emptyList();
    }

    public static final com.google.protobuf.Descriptors.Descriptor
        getDescriptor() {
      return com.rubberjam.protobuf.compiler.test.edge.ComprehensiveTestEdgeCasesMinimal.internal_static_ComprehensiveTest_EdgeCasesMinimal_EdgeCaseMinimal_descriptor;
    }

    @SuppressWarnings({"rawtypes"})
    @java.lang.Override
    protected com.google.protobuf.MapFieldReflectionAccessor internalGetMapFieldReflection(
        int number) {
      switch (number) {
        case 26:
          return internalGetMap1();
        default:
          throw new RuntimeException(
              "Invalid map field number: " + number);
      }
    }
    @java.lang.Override
    protected com.google.protobuf.GeneratedMessage.FieldAccessorTable
        internalGetFieldAccessorTable() {
      return com.rubberjam.protobuf.compiler.test.edge.ComprehensiveTestEdgeCasesMinimal.internal_static_ComprehensiveTest_EdgeCasesMinimal_EdgeCaseMinimal_fieldAccessorTable
          .ensureFieldAccessorsInitialized(
              com.rubberjam.protobuf.compiler.test.edge.ComprehensiveTestEdgeCasesMinimal.EdgeCaseMinimal.class, com.rubberjam.protobuf.compiler.test.edge.ComprehensiveTestEdgeCasesMinimal.EdgeCaseMinimal.Builder.class);
    }


    private int bitField0_;
    private int oneof1Case_ = 0;
    @SuppressWarnings("serial")
    private java.lang.Object oneof1_;
    public enum Oneof1Case
        implements com.google.protobuf.Internal.EnumLite,
            com.google.protobuf.AbstractMessage.InternalOneOfEnum {
      ONEOF1_STRING(24),
      ONEOF1_INT32(25),
      ONEOF1_NOT_SET(0);
      private final int value;
      private Oneof1Case(int value) {
        this.value = value;
      }
      /**
       * @param value The number of the enum to look for.
       * @return The enum associated with the given number.
       * @deprecated Use {@link #forNumber(int)} instead.
       */
      @java.lang.Deprecated
      public static Oneof1Case valueOf(int value) {
        return forNumber(value);
      }

      public static Oneof1Case forNumber(int value) {
        switch (value) {
          case 24: return ONEOF1_STRING;
          case 25: return ONEOF1_INT32;
          case 0: return ONEOF1_NOT_SET;
          default: return null;
        }
      }
      public int getNumber() {
        return this.value;
      }
    };

    public Oneof1Case
    getOneof1Case() {
      return Oneof1Case.forNumber(
          oneof1Case_);
    }

    protected com.google.protobuf.GeneratedMessage.FieldAccessorTable
        internalGetFieldAccessorTable() {
      return com.rubberjam.protobuf.compiler.test.edge.ComprehensiveTestEdgeCasesMinimal.internal_static_ComprehensiveTest_EdgeCasesMinimal_EdgeCaseMinimal_fieldAccessorTable
          .ensureFieldAccessorsInitialized(
              com.rubberjam.protobuf.compiler.test.edge.ComprehensiveTestEdgeCasesMinimal.EdgeCaseMinimal.class, com.rubberjam.protobuf.compiler.test.edge.ComprehensiveTestEdgeCasesMinimal.EdgeCaseMinimal.Builder.class);
    }

    private int oneof1Case_ = 0;
    @SuppressWarnings("serial")
    private java.lang.Object oneof1_;
  public interface Map1EntryOrBuilder extends
      // @@protoc_insertion_point(interface_extends:ComprehensiveTest.EdgeCasesMinimal.EdgeCaseMinimal.Map1Entry)
      com.google.protobuf.MessageOrBuilder {

    /**
     * <code>optional string key = 1;</code>
     * @return Whether the key field is set.
     */
    boolean hasKey();
    /**
     * <code>optional string key = 1;</code>
     * @return The key.
     */
    java.lang.String getKey();
    /**
     * <code>optional string key = 1;</code>
     * @return The bytes for key.
     */
    com.google.protobuf.ByteString
        getKeyBytes();

    /**
     * <code>optional int32 value = 2;</code>
     * @return Whether the value field is set.
     */
    boolean hasValue();
    /**
     * <code>optional int32 value = 2;</code>
     * @return The value.
     */
    int getValue();
  }
/**
 * Protobuf type {@code ComprehensiveTest.EdgeCasesMinimal.EdgeCaseMinimal.Map1Entry}
 */
  public static final class Map1Entry extends
      com.google.protobuf.GeneratedMessage implements
      // @@protoc_insertion_point(message_implements:ComprehensiveTest.EdgeCasesMinimal.EdgeCaseMinimal.Map1Entry)
      Map1EntryOrBuilder {
  private static final long serialVersionUID = 0L;
    static {
      com.google.protobuf.RuntimeVersion.validateProtobufGencodeVersion(
        com.google.protobuf.RuntimeVersion.RuntimeDomain.PUBLIC,
        /* major= */ 4,
        /* minor= */ 33,
        /* patch= */ 4,
        /* suffix= */ "",
        "Map1Entry");
    }
    // Use Map1Entry.newBuilder() to construct.
    private Map1Entry(com.google.protobuf.GeneratedMessage.Builder<?> builder) {
      super(builder);
    }
    private Map1Entry() {
        key_ = "";
    }

    public static final com.google.protobuf.Descriptors.Descriptor
        getDescriptor() {
      return com.rubberjam.protobuf.compiler.test.edge.ComprehensiveTestEdgeCasesMinimal.internal_static_ComprehensiveTest_EdgeCasesMinimal_EdgeCaseMinimal_Map1Entry_descriptor;
    }

    @java.lang.Override
    protected com.google.protobuf.GeneratedMessage.FieldAccessorTable
        internalGetFieldAccessorTable() {
      return com.rubberjam.protobuf.compiler.test.edge.ComprehensiveTestEdgeCasesMinimal.internal_static_ComprehensiveTest_EdgeCasesMinimal_EdgeCaseMinimal_Map1Entry_fieldAccessorTable
          .ensureFieldAccessorsInitialized(
              com.rubberjam.protobuf.compiler.test.edge.ComprehensiveTestEdgeCasesMinimal.EdgeCaseMinimal.Map1Entry.class, com.rubberjam.protobuf.compiler.test.edge.ComprehensiveTestEdgeCasesMinimal.EdgeCaseMinimal.Map1Entry.Builder.class);
    }


    private int bitField0_;
    protected com.google.protobuf.GeneratedMessage.FieldAccessorTable
        internalGetFieldAccessorTable() {
      return com.rubberjam.protobuf.compiler.test.edge.ComprehensiveTestEdgeCasesMinimal.internal_static_ComprehensiveTest_EdgeCasesMinimal_EdgeCaseMinimal_Map1Entry_fieldAccessorTable
          .ensureFieldAccessorsInitialized(
              com.rubberjam.protobuf.compiler.test.edge.ComprehensiveTestEdgeCasesMinimal.EdgeCaseMinimal.Map1Entry.class, com.rubberjam.protobuf.compiler.test.edge.ComprehensiveTestEdgeCasesMinimal.EdgeCaseMinimal.Map1Entry.Builder.class);
    }

    public static final int KEY_FIELD_NUMBER = 1;
    @SuppressWarnings("serial")
    private volatile java.lang.Object key_ = "";
    /**
     * <code>optional string key = 1;</code>
     * @return Whether the key field is set.
     */
    @java.lang.Override
    public boolean hasKey() {
      return ((bitField0_ & 0x00000001) != 0);
    }
    /**
     * <code>optional string key = 1;</code>
     * @return The key.
     */
    @java.lang.Override
    public java.lang.String getKey() {
      java.lang.Object ref = key_;
      if (ref instanceof java.lang.String) {
        return (java.lang.String) ref;
      } else {
        com.google.protobuf.ByteString bs =
            (com.google.protobuf.ByteString) ref;
        java.lang.String s = bs.toStringUtf8();
        if (bs.isValidUtf8()) {
          key_ = s;
        }
        return s;
      }
    }
    /**
     * <code>optional string key = 1;</code>
     * @return The bytes for key.
     */
    @java.lang.Override
    public com.google.protobuf.ByteString
        getKeyBytes() {
      java.lang.Object ref = key_;
      if (ref instanceof java.lang.String) {
        com.google.protobuf.ByteString b =
            com.google.protobuf.ByteString.copyFromUtf8(
                (java.lang.String) ref);
        key_ = b;
        return b;
      } else {
        return (com.google.protobuf.ByteString) ref;
      }
    }

    public static final int VALUE_FIELD_NUMBER = 2;
    private int value_ = 0;
    /**
     * <code>optional int32 value = 2;</code>
     * @return Whether the value field is set.
     */
    @java.lang.Override
    public boolean hasValue() {
      return ((bitField0_ & 0x00000002) != 0);
    }
    /**
     * <code>optional int32 value = 2;</code>
     * @return The value.
     */
    @java.lang.Override
    public int getValue() {
      return value_;
    }

    private byte memoizedIsInitialized = -1;
    @java.lang.Override
    public final boolean isInitialized() {
      byte isInitialized = memoizedIsInitialized;
      if (isInitialized == 1) return true;
      if (isInitialized == 0) return false;

      memoizedIsInitialized = 1;
      return true;
    }

    @java.lang.Override
    public void writeTo(com.google.protobuf.CodedOutputStream output)
                        throws java.io.IOException {
      if (((bitField0_ & 0x00000001) != 0)) {
        com.google.protobuf.GeneratedMessage.writeString(output, 1, key_);
      }
      if (((bitField0_ & 0x00000002) != 0)) {
        output.writeInt32(2, value_);
      }
      getUnknownFields().writeTo(output);
    }

    @java.lang.Override
    public int getSerializedSize() {
      int size = memoizedSize;
      if (size != -1) return size;

      size = 0;
      if (((bitField0_ & 0x00000001) != 0)) {
        size += com.google.protobuf.GeneratedMessage.computeStringSize(1, key_);
      }
      if (((bitField0_ & 0x00000002) != 0)) {
        size += com.google.protobuf.CodedOutputStream
          .computeInt32Size(2, value_);
      }
      size += getUnknownFields().getSerializedSize();
      memoizedSize = size;
      return size;
    }

    @java.lang.Override
    public boolean equals(final java.lang.Object obj) {
      if (obj == this) {
       return true;
      }
      if (!(obj instanceof com.rubberjam.protobuf.compiler.test.edge.ComprehensiveTestEdgeCasesMinimal.EdgeCaseMinimal.Map1Entry)) {
        return super.equals(obj);
      }
      com.rubberjam.protobuf.compiler.test.edge.ComprehensiveTestEdgeCasesMinimal.EdgeCaseMinimal.Map1Entry other = (com.rubberjam.protobuf.compiler.test.edge.ComprehensiveTestEdgeCasesMinimal.EdgeCaseMinimal.Map1Entry) obj;

      if (hasKey() != other.hasKey()) return false;
      if (hasKey()) {
        if (!getKey()
            .equals(other.getKey())) return false;
      }
      if (hasValue() != other.hasValue()) return false;
      if (hasValue()) {
        if (getValue()
            != other.getValue()) return false;
      }
      if (!getUnknownFields().equals(other.getUnknownFields())) return false;
      return true;
    }

    @java.lang.Override
    public int hashCode() {
      if (memoizedHashCode != 0) {
        return memoizedHashCode;
      }
      int hash = 41;
      hash = (19 * hash) + getDescriptor().hashCode();
      if (hasKey()) {
        hash = (37 * hash) + KEY_FIELD_NUMBER;
        hash = (53 * hash) + getKey().hashCode();
      }
      if (hasValue()) {
        hash = (37 * hash) + VALUE_FIELD_NUMBER;
        hash = (53 * hash) + getValue();
      }
      hash = (29 * hash) + getUnknownFields().hashCode();
      memoizedHashCode = hash;
      return hash;
    }

    public static com.rubberjam.protobuf.compiler.test.edge.ComprehensiveTestEdgeCasesMinimal.EdgeCaseMinimal.Map1Entry parseFrom(
        java.nio.ByteBuffer data)
        throws com.google.protobuf.InvalidProtocolBufferException {
      return PARSER.parseFrom(data);
    }
    public static com.rubberjam.protobuf.compiler.test.edge.ComprehensiveTestEdgeCasesMinimal.EdgeCaseMinimal.Map1Entry parseFrom(
        java.nio.ByteBuffer data,
        com.google.protobuf.ExtensionRegistryLite extensionRegistry)
        throws com.google.protobuf.InvalidProtocolBufferException {
      return PARSER.parseFrom(data, extensionRegistry);
    }
    public static com.rubberjam.protobuf.compiler.test.edge.ComprehensiveTestEdgeCasesMinimal.EdgeCaseMinimal.Map1Entry parseFrom(
        com.google.protobuf.ByteString data)
        throws com.google.protobuf.InvalidProtocolBufferException {
      return PARSER.parseFrom(data);
    }
    public static com.rubberjam.protobuf.compiler.test.edge.ComprehensiveTestEdgeCasesMinimal.EdgeCaseMinimal.Map1Entry parseFrom(
        com.google.protobuf.ByteString data,
        com.google.protobuf.ExtensionRegistryLite extensionRegistry)
        throws com.google.protobuf.InvalidProtocolBufferException {
      return PARSER.parseFrom(data, extensionRegistry);
    }
    public static com.rubberjam.protobuf.compiler.test.edge.ComprehensiveTestEdgeCasesMinimal.EdgeCaseMinimal.Map1Entry parseFrom(byte[] data)
        throws com.google.protobuf.InvalidProtocolBufferException {
      return PARSER.parseFrom(data);
    }
    public static com.rubberjam.protobuf.compiler.test.edge.ComprehensiveTestEdgeCasesMinimal.EdgeCaseMinimal.Map1Entry parseFrom(
        byte[] data,
        com.google.protobuf.ExtensionRegistryLite extensionRegistry)
        throws com.google.protobuf.InvalidProtocolBufferException {
      return PARSER.parseFrom(data, extensionRegistry);
    }
    public static com.rubberjam.protobuf.compiler.test.edge.ComprehensiveTestEdgeCasesMinimal.EdgeCaseMinimal.Map1Entry parseFrom(java.io.InputStream input)
        throws java.io.IOException {
      return com.google.protobuf.GeneratedMessage
          .parseWithIOException(PARSER, input);
    }
    public static com.rubberjam.protobuf.compiler.test.edge.ComprehensiveTestEdgeCasesMinimal.EdgeCaseMinimal.Map1Entry parseFrom(
        java.io.InputStream input,
        com.google.protobuf.ExtensionRegistryLite extensionRegistry)
        throws java.io.IOException {
      return com.google.protobuf.GeneratedMessage
          .parseWithIOException(PARSER, input, extensionRegistry);
    }

    public static com.rubberjam.protobuf.compiler.test.edge.ComprehensiveTestEdgeCasesMinimal.EdgeCaseMinimal.Map1Entry parseDelimitedFrom(java.io.InputStream input)
        throws java.io.IOException {
      return com.google.protobuf.GeneratedMessage
          .parseDelimitedWithIOException(PARSER, input);
    }

    public static com.rubberjam.protobuf.compiler.test.edge.ComprehensiveTestEdgeCasesMinimal.EdgeCaseMinimal.Map1Entry parseDelimitedFrom(
        java.io.InputStream input,
        com.google.protobuf.ExtensionRegistryLite extensionRegistry)
        throws java.io.IOException {
      return com.google.protobuf.GeneratedMessage
          .parseDelimitedWithIOException(PARSER, input, extensionRegistry);
    }
    public static com.rubberjam.protobuf.compiler.test.edge.ComprehensiveTestEdgeCasesMinimal.EdgeCaseMinimal.Map1Entry parseFrom(
        com.google.protobuf.CodedInputStream input)
        throws java.io.IOException {
      return com.google.protobuf.GeneratedMessage
          .parseWithIOException(PARSER, input);
    }
    public static com.rubberjam.protobuf.compiler.test.edge.ComprehensiveTestEdgeCasesMinimal.EdgeCaseMinimal.Map1Entry parseFrom(
        com.google.protobuf.CodedInputStream input,
        com.google.protobuf.ExtensionRegistryLite extensionRegistry)
        throws java.io.IOException {
      return com.google.protobuf.GeneratedMessage
          .parseWithIOException(PARSER, input, extensionRegistry);
    }

    @java.lang.Override
    public Builder newBuilderForType() { return newBuilder(); }
    public static Builder newBuilder() {
      return DEFAULT_INSTANCE.toBuilder();
    }
    public static Builder newBuilder(com.rubberjam.protobuf.compiler.test.edge.ComprehensiveTestEdgeCasesMinimal.EdgeCaseMinimal.Map1Entry prototype) {
      return DEFAULT_INSTANCE.toBuilder().mergeFrom(prototype);
    }
    @java.lang.Override
    public Builder toBuilder() {
      return this == DEFAULT_INSTANCE
          ? new Builder() : new Builder().mergeFrom(this);
    }

    @java.lang.Override
    protected Builder newBuilderForType(
        com.google.protobuf.GeneratedMessage.BuilderParent parent) {
      Builder builder = new Builder(parent);
      return builder;
    }
    /**
     * Protobuf type {@code ComprehensiveTest.EdgeCasesMinimal.EdgeCaseMinimal.Map1Entry}
     */
    public static final class Builder extends
        com.google.protobuf.GeneratedMessage.Builder<Builder> implements
        // @@protoc_insertion_point(builder_implements:ComprehensiveTest.EdgeCasesMinimal.EdgeCaseMinimal.Map1Entry)
        com.rubberjam.protobuf.compiler.test.edge.ComprehensiveTestEdgeCasesMinimal.EdgeCaseMinimal.Map1EntryOrBuilder {
      public static final com.google.protobuf.Descriptors.Descriptor
          getDescriptor() {
        return com.rubberjam.protobuf.compiler.test.edge.ComprehensiveTestEdgeCasesMinimal.internal_static_ComprehensiveTest_EdgeCasesMinimal_EdgeCaseMinimal_Map1Entry_descriptor;
      }

      @java.lang.Override
      protected com.google.protobuf.GeneratedMessage.FieldAccessorTable
          internalGetFieldAccessorTable() {
        return com.rubberjam.protobuf.compiler.test.edge.ComprehensiveTestEdgeCasesMinimal.internal_static_ComprehensiveTest_EdgeCasesMinimal_EdgeCaseMinimal_Map1Entry_fieldAccessorTable
            .ensureFieldAccessorsInitialized(
                com.rubberjam.protobuf.compiler.test.edge.ComprehensiveTestEdgeCasesMinimal.EdgeCaseMinimal.Map1Entry.class, com.rubberjam.protobuf.compiler.test.edge.ComprehensiveTestEdgeCasesMinimal.EdgeCaseMinimal.Map1Entry.Builder.class);
      }

      // Construct using com.rubberjam.protobuf.compiler.test.edge.ComprehensiveTestEdgeCasesMinimal.EdgeCaseMinimal.Map1Entry.newBuilder()
      private Builder() {

      }

      private Builder(
        com.google.protobuf.GeneratedMessage.BuilderParent parent) {
        super(parent);

      }
      @java.lang.Override
      public Builder clear() {
        super.clear();
        bitField0_ = 0;
        key_ = "";
        value_ = 0;
        return this;
      }

      @java.lang.Override
      public com.google.protobuf.Descriptors.Descriptor
          getDescriptorForType() {
        return com.rubberjam.protobuf.compiler.test.edge.ComprehensiveTestEdgeCasesMinimal.internal_static_ComprehensiveTest_EdgeCasesMinimal_EdgeCaseMinimal_Map1Entry_descriptor;
      }

      @java.lang.Override
      public com.rubberjam.protobuf.compiler.test.edge.ComprehensiveTestEdgeCasesMinimal.EdgeCaseMinimal.Map1Entry getDefaultInstanceForType() {
        return com.rubberjam.protobuf.compiler.test.edge.ComprehensiveTestEdgeCasesMinimal.EdgeCaseMinimal.Map1Entry.getDefaultInstance();
      }

      @java.lang.Override
      public com.rubberjam.protobuf.compiler.test.edge.ComprehensiveTestEdgeCasesMinimal.EdgeCaseMinimal.Map1Entry build() {
        com.rubberjam.protobuf.compiler.test.edge.ComprehensiveTestEdgeCasesMinimal.EdgeCaseMinimal.Map1Entry result = buildPartial();
        if (!result.isInitialized()) {
          throw newUninitializedMessageException(result);
        }
        return result;
      }

      @java.lang.Override
      public com.rubberjam.protobuf.compiler.test.edge.ComprehensiveTestEdgeCasesMinimal.EdgeCaseMinimal.Map1Entry buildPartial() {
        com.rubberjam.protobuf.compiler.test.edge.ComprehensiveTestEdgeCasesMinimal.EdgeCaseMinimal.Map1Entry result = new com.rubberjam.protobuf.compiler.test.edge.ComprehensiveTestEdgeCasesMinimal.EdgeCaseMinimal.Map1Entry(this);
        if (bitField0_ != 0) { buildPartial0(result); }
        onBuilt();
        return result;
      }

      private void buildPartial0(com.rubberjam.protobuf.compiler.test.edge.ComprehensiveTestEdgeCasesMinimal.EdgeCaseMinimal.Map1Entry result) {
        int from_bitField0_ = bitField0_;
        int to_bitField0_ = 0;
        if (((from_bitField0_ & 0x00000001) != 0)) {
          result.key_ = key_;
          to_bitField0_ |= 0x00000001;
        }
        if (((from_bitField0_ & 0x00000002) != 0)) {
          result.value_ = value_;
          to_bitField0_ |= 0x00000002;
        }
        result.bitField0_ |= to_bitField0_;
      }

      @java.lang.Override
      public Builder mergeFrom(com.google.protobuf.Message other) {
        if (other instanceof com.rubberjam.protobuf.compiler.test.edge.ComprehensiveTestEdgeCasesMinimal.EdgeCaseMinimal.Map1Entry) {
          return mergeFrom((com.rubberjam.protobuf.compiler.test.edge.ComprehensiveTestEdgeCasesMinimal.EdgeCaseMinimal.Map1Entry)other);
        } else {
          super.mergeFrom(other);
          return this;
        }
      }

      public Builder mergeFrom(com.rubberjam.protobuf.compiler.test.edge.ComprehensiveTestEdgeCasesMinimal.EdgeCaseMinimal.Map1Entry other) {
        if (other == com.rubberjam.protobuf.compiler.test.edge.ComprehensiveTestEdgeCasesMinimal.EdgeCaseMinimal.Map1Entry.getDefaultInstance()) return this;
        if (other.hasKey()) {
          key_ = other.key_;
          bitField0_ |= 0x00000001;
          onChanged();
        }
        if (other.hasValue()) {
          setValue(other.getValue());
        }
        this.mergeUnknownFields(other.getUnknownFields());
        onChanged();
        return this;
      }

      @java.lang.Override
      public final boolean isInitialized() {
        return true;
      }

      @java.lang.Override
      public Builder mergeFrom(
          com.google.protobuf.CodedInputStream input,
          com.google.protobuf.ExtensionRegistryLite extensionRegistry)
          throws java.io.IOException {
        if (extensionRegistry == null) {
          throw new java.lang.NullPointerException();
        }
        try {
          boolean done = false;
          while (!done) {
            int tag = input.readTag();
            switch (tag) {
              case 0:
                done = true;
                break;
              case 10: {
                key_ = input.readBytes();
                bitField0_ |= 0x00000001;
                break;
              } // case 10
              case 16: {
                value_ = input.readInt32();
                bitField0_ |= 0x00000002;
                break;
              } // case 16
              default: {
                if (!super.parseUnknownField(input, extensionRegistry, tag)) {
                  done = true; // was an endgroup tag
                }
                break;
              } // default:
            } // switch (tag)
          } // while (!done)
        } catch (com.google.protobuf.InvalidProtocolBufferException e) {
          throw e.unwrapIOException();
        } finally {
          onChanged();
        } // finally
        return this;
      }
      private int bitField0_;

      private java.lang.Object key_ = "";
      /**
       * <code>optional string key = 1;</code>
       * @return Whether the key field is set.
       */
      public boolean hasKey() {
        return ((bitField0_ & 0x00000001) != 0);
      }
      /**
       * <code>optional string key = 1;</code>
       * @return The key.
       */
      public java.lang.String getKey() {
        java.lang.Object ref = key_;
        if (!(ref instanceof java.lang.String)) {
          com.google.protobuf.ByteString bs =
              (com.google.protobuf.ByteString) ref;
          java.lang.String s = bs.toStringUtf8();
          if (bs.isValidUtf8()) {
            key_ = s;
          }
          return s;
        } else {
          return (java.lang.String) ref;
        }
      }
      /**
       * <code>optional string key = 1;</code>
       * @return The bytes for key.
       */
      public com.google.protobuf.ByteString
          getKeyBytes() {
        java.lang.Object ref = key_;
        if (ref instanceof String) {
          com.google.protobuf.ByteString b =
              com.google.protobuf.ByteString.copyFromUtf8(
                  (java.lang.String) ref);
          key_ = b;
          return b;
        } else {
          return (com.google.protobuf.ByteString) ref;
        }
      }
      /**
       * <code>optional string key = 1;</code>
       * @param value The key to set.
       * @return This builder for chaining.
       */
      public Builder setKey(
          java.lang.String value) {
        if (value == null) { throw new NullPointerException(); }
        key_ = value;
        bitField0_ |= 0x00000001;
        onChanged();
        return this;
      }
      /**
       * <code>optional string key = 1;</code>
       * @return This builder for chaining.
       */
      public Builder clearKey() {
        key_ = getDefaultInstance().getKey();
        bitField0_ = (bitField0_ & ~0x00000001);
        onChanged();
        return this;
      }
      /**
       * <code>optional string key = 1;</code>
       * @param value The bytes for key to set.
       * @return This builder for chaining.
       */
      public Builder setKeyBytes(
          com.google.protobuf.ByteString value) {
        if (value == null) { throw new NullPointerException(); }
        key_ = value;
        bitField0_ |= 0x00000001;
        onChanged();
        return this;
      }

      private int value_ ;
      /**
       * <code>optional int32 value = 2;</code>
       * @return Whether the value field is set.
       */
      @java.lang.Override
      public boolean hasValue() {
        return ((bitField0_ & 0x00000002) != 0);
      }
      /**
       * <code>optional int32 value = 2;</code>
       * @return The value.
       */
      @java.lang.Override
      public int getValue() {
        return value_;
      }
      /**
       * <code>optional int32 value = 2;</code>
       * @param value The value to set.
       * @return This builder for chaining.
       */
      public Builder setValue(int value) {

        value_ = value;
        bitField0_ |= 0x00000002;
        onChanged();
        return this;
      }
      /**
       * <code>optional int32 value = 2;</code>
       * @return This builder for chaining.
       */
      public Builder clearValue() {
        bitField0_ = (bitField0_ & ~0x00000002);
        value_ = 0;
        onChanged();
        return this;
      }

      // @@protoc_insertion_point(builder_scope:ComprehensiveTest.EdgeCasesMinimal.EdgeCaseMinimal.Map1Entry)
    }

    // @@protoc_insertion_point(class_scope:ComprehensiveTest.EdgeCasesMinimal.EdgeCaseMinimal.Map1Entry)
    private static final com.rubberjam.protobuf.compiler.test.edge.ComprehensiveTestEdgeCasesMinimal.Map1Entry DEFAULT_INSTANCE;
    static {
      DEFAULT_INSTANCE = new com.rubberjam.protobuf.compiler.test.edge.ComprehensiveTestEdgeCasesMinimal.Map1Entry();
    }

    public static com.rubberjam.protobuf.compiler.test.edge.ComprehensiveTestEdgeCasesMinimal.Map1Entry getDefaultInstance() {
      return DEFAULT_INSTANCE;
    }

    private static final com.google.protobuf.Parser<Map1Entry>
        PARSER = new com.google.protobuf.AbstractParser<Map1Entry>() {
      @java.lang.Override
      public Map1Entry parsePartialFrom(
          com.google.protobuf.CodedInputStream input,
          com.google.protobuf.ExtensionRegistryLite extensionRegistry)
          throws com.google.protobuf.InvalidProtocolBufferException {
        Builder builder = newBuilder();
        try {
          builder.mergeFrom(input, extensionRegistry);
        } catch (com.google.protobuf.InvalidProtocolBufferException e) {
          throw e.setUnfinishedMessage(builder.buildPartial());
        } catch (com.google.protobuf.UninitializedMessageException e) {
          throw e.asInvalidProtocolBufferException().setUnfinishedMessage(builder.buildPartial());
        } catch (java.io.IOException e) {
          throw new com.google.protobuf.InvalidProtocolBufferException(e)
              .setUnfinishedMessage(builder.buildPartial());
        }
        return builder.buildPartial();
      }
    };

    public static com.google.protobuf.Parser<Map1Entry> parser() {
      return PARSER;
    }

    @java.lang.Override
    public com.google.protobuf.Parser<Map1Entry> getParserForType() {
      return PARSER;
    }

    @java.lang.Override
    public com.rubberjam.protobuf.compiler.test.edge.ComprehensiveTestEdgeCasesMinimal.Map1Entry getDefaultInstanceForType() {
      return DEFAULT_INSTANCE;
    }
  }
    public static final int FIELD1_FIELD_NUMBER = 1;
    @SuppressWarnings("serial")
    private volatile java.lang.Object field1_ = "";
    /**
     * <code>optional string field1 = 1;</code>
     * @return Whether the field1 field is set.
     */
    @java.lang.Override
    public boolean hasField1() {
      return ((bitField0_ & 0x00000001) != 0);
    }
    /**
     * <code>optional string field1 = 1;</code>
     * @return The field1.
     */
    @java.lang.Override
    public java.lang.String getField1() {
      java.lang.Object ref = field1_;
      if (ref instanceof java.lang.String) {
        return (java.lang.String) ref;
      } else {
        com.google.protobuf.ByteString bs =
            (com.google.protobuf.ByteString) ref;
        java.lang.String s = bs.toStringUtf8();
        if (bs.isValidUtf8()) {
          field1_ = s;
        }
        return s;
      }
    }
    /**
     * <code>optional string field1 = 1;</code>
     * @return The bytes for field1.
     */
    @java.lang.Override
    public com.google.protobuf.ByteString
        getField1Bytes() {
      java.lang.Object ref = field1_;
      if (ref instanceof java.lang.String) {
        com.google.protobuf.ByteString b =
            com.google.protobuf.ByteString.copyFromUtf8(
                (java.lang.String) ref);
        field1_ = b;
        return b;
      } else {
        return (com.google.protobuf.ByteString) ref;
      }
    }

    public static final int FIELD19000_FIELD_NUMBER = 18000;
    @SuppressWarnings("serial")
    private volatile java.lang.Object field19000_ = "";
    /**
     * <pre>
     * High field number
     * </pre>
     *
     * <code>optional string field19000 = 18000;</code>
     * @return Whether the field19000 field is set.
     */
    @java.lang.Override
    public boolean hasField19000() {
      return ((bitField0_ & 0x00000002) != 0);
    }
    /**
     * <pre>
     * High field number
     * </pre>
     *
     * <code>optional string field19000 = 18000;</code>
     * @return The field19000.
     */
    @java.lang.Override
    public java.lang.String getField19000() {
      java.lang.Object ref = field19000_;
      if (ref instanceof java.lang.String) {
        return (java.lang.String) ref;
      } else {
        com.google.protobuf.ByteString bs =
            (com.google.protobuf.ByteString) ref;
        java.lang.String s = bs.toStringUtf8();
        if (bs.isValidUtf8()) {
          field19000_ = s;
        }
        return s;
      }
    }
    /**
     * <pre>
     * High field number
     * </pre>
     *
     * <code>optional string field19000 = 18000;</code>
     * @return The bytes for field19000.
     */
    @java.lang.Override
    public com.google.protobuf.ByteString
        getField19000Bytes() {
      java.lang.Object ref = field19000_;
      if (ref instanceof java.lang.String) {
        com.google.protobuf.ByteString b =
            com.google.protobuf.ByteString.copyFromUtf8(
                (java.lang.String) ref);
        field19000_ = b;
        return b;
      } else {
        return (com.google.protobuf.ByteString) ref;
      }
    }

    public static final int FIELD15_FIELD_NUMBER = 15;
    private int field15_ = 0;
    /**
     * <pre>
     * Field numbers at boundaries
     * </pre>
     *
     * <code>optional int32 field15 = 15;</code>
     * @return Whether the field15 field is set.
     */
    @java.lang.Override
    public boolean hasField15() {
      return ((bitField0_ & 0x00000004) != 0);
    }
    /**
     * <pre>
     * Field numbers at boundaries
     * </pre>
     *
     * <code>optional int32 field15 = 15;</code>
     * @return The field15.
     */
    @java.lang.Override
    public int getField15() {
      return field15_;
    }

    public static final int FIELD16_FIELD_NUMBER = 16;
    private int field16_ = 0;
    /**
     * <code>optional int32 field16 = 16;</code>
     * @return Whether the field16 field is set.
     */
    @java.lang.Override
    public boolean hasField16() {
      return ((bitField0_ & 0x00000008) != 0);
    }
    /**
     * <code>optional int32 field16 = 16;</code>
     * @return The field16.
     */
    @java.lang.Override
    public int getField16() {
      return field16_;
    }

    public static final int FIELD2047_FIELD_NUMBER = 2047;
    private int field2047_ = 0;
    /**
     * <code>optional int32 field2047 = 2047;</code>
     * @return Whether the field2047 field is set.
     */
    @java.lang.Override
    public boolean hasField2047() {
      return ((bitField0_ & 0x00000010) != 0);
    }
    /**
     * <code>optional int32 field2047 = 2047;</code>
     * @return The field2047.
     */
    @java.lang.Override
    public int getField2047() {
      return field2047_;
    }

    public static final int FIELD2048_FIELD_NUMBER = 2048;
    private int field2048_ = 0;
    /**
     * <code>optional int32 field2048 = 2048;</code>
     * @return Whether the field2048 field is set.
     */
    @java.lang.Override
    public boolean hasField2048() {
      return ((bitField0_ & 0x00000020) != 0);
    }
    /**
     * <code>optional int32 field2048 = 2048;</code>
     * @return The field2048.
     */
    @java.lang.Override
    public int getField2048() {
      return field2048_;
    }

    public static final int EMPTY_STRING_FIELD_NUMBER = 17;
    @SuppressWarnings("serial")
    private volatile java.lang.Object emptyString_ = "";
    /**
     * <code>optional string empty_string = 17 [default = ""];</code>
     * @return Whether the emptyString field is set.
     */
    @java.lang.Override
    public boolean hasEmptyString() {
      return ((bitField0_ & 0x00000040) != 0);
    }
    /**
     * <code>optional string empty_string = 17 [default = ""];</code>
     * @return The emptyString.
     */
    @java.lang.Override
    public java.lang.String getEmptyString() {
      java.lang.Object ref = emptyString_;
      if (ref instanceof java.lang.String) {
        return (java.lang.String) ref;
      } else {
        com.google.protobuf.ByteString bs =
            (com.google.protobuf.ByteString) ref;
        java.lang.String s = bs.toStringUtf8();
        if (bs.isValidUtf8()) {
          emptyString_ = s;
        }
        return s;
      }
    }
    /**
     * <code>optional string empty_string = 17 [default = ""];</code>
     * @return The bytes for emptyString.
     */
    @java.lang.Override
    public com.google.protobuf.ByteString
        getEmptyStringBytes() {
      java.lang.Object ref = emptyString_;
      if (ref instanceof java.lang.String) {
        com.google.protobuf.ByteString b =
            com.google.protobuf.ByteString.copyFromUtf8(
                (java.lang.String) ref);
        emptyString_ = b;
        return b;
      } else {
        return (com.google.protobuf.ByteString) ref;
      }
    }

    public static final int UNICODE_STRING_FIELD_NUMBER = 18;
    @SuppressWarnings("serial")
    private volatile java.lang.Object unicodeString_ = "";
    /**
     * <code>optional string unicode_string = 18;</code>
     * @return Whether the unicodeString field is set.
     */
    @java.lang.Override
    public boolean hasUnicodeString() {
      return ((bitField0_ & 0x00000080) != 0);
    }
    /**
     * <code>optional string unicode_string = 18;</code>
     * @return The unicodeString.
     */
    @java.lang.Override
    public java.lang.String getUnicodeString() {
      java.lang.Object ref = unicodeString_;
      if (ref instanceof java.lang.String) {
        return (java.lang.String) ref;
      } else {
        com.google.protobuf.ByteString bs =
            (com.google.protobuf.ByteString) ref;
        java.lang.String s = bs.toStringUtf8();
        if (bs.isValidUtf8()) {
          unicodeString_ = s;
        }
        return s;
      }
    }
    /**
     * <code>optional string unicode_string = 18;</code>
     * @return The bytes for unicodeString.
     */
    @java.lang.Override
    public com.google.protobuf.ByteString
        getUnicodeStringBytes() {
      java.lang.Object ref = unicodeString_;
      if (ref instanceof java.lang.String) {
        com.google.protobuf.ByteString b =
            com.google.protobuf.ByteString.copyFromUtf8(
                (java.lang.String) ref);
        unicodeString_ = b;
        return b;
      } else {
        return (com.google.protobuf.ByteString) ref;
      }
    }

    public static final int MAX_FLOAT_FIELD_NUMBER = 19;
    private float maxFloat_ = 3.40282347e+38F;
    /**
     * <code>optional float max_float = 19 [default = 3.40282347e+38];</code>
     * @return Whether the maxFloat field is set.
     */
    @java.lang.Override
    public boolean hasMaxFloat() {
      return ((bitField0_ & 0x00000100) != 0);
    }
    /**
     * <code>optional float max_float = 19 [default = 3.40282347e+38];</code>
     * @return The maxFloat.
     */
    @java.lang.Override
    public float getMaxFloat() {
      return maxFloat_;
    }

    public static final int MAX_DOUBLE_FIELD_NUMBER = 20;
    private double maxDouble_ = 1.7976931348623157e+308D;
    /**
     * <code>optional double max_double = 20 [default = 1.7976931348623157e+308];</code>
     * @return Whether the maxDouble field is set.
     */
    @java.lang.Override
    public boolean hasMaxDouble() {
      return ((bitField0_ & 0x00000200) != 0);
    }
    /**
     * <code>optional double max_double = 20 [default = 1.7976931348623157e+308];</code>
     * @return The maxDouble.
     */
    @java.lang.Override
    public double getMaxDouble() {
      return maxDouble_;
    }

    public static final int INF_FLOAT_FIELD_NUMBER = 21;
    private float infFloat_ = Float.POSITIVE_INFINITY;
    /**
     * <code>optional float inf_float = 21 [default = inf];</code>
     * @return Whether the infFloat field is set.
     */
    @java.lang.Override
    public boolean hasInfFloat() {
      return ((bitField0_ & 0x00000400) != 0);
    }
    /**
     * <code>optional float inf_float = 21 [default = inf];</code>
     * @return The infFloat.
     */
    @java.lang.Override
    public float getInfFloat() {
      return infFloat_;
    }

    public static final int REPEATED1_FIELD_NUMBER = 22;
  private com.google.protobuf.Internal.IntList repeated1_;
  @java.lang.Override
  public java.util.List<java.lang.Integer> getRepeated1List() {
    return repeated1_;
  }
  @java.lang.Override
  public int getRepeated1Count() {
    return repeated1_.size();
  }
  @java.lang.Override
  public int getRepeated1(int index) {
    return repeated1_.getInt(index);
  }

    public static final int REPEATED_STRING1_FIELD_NUMBER = 23;
  private com.google.protobuf.LazyStringArrayList repeatedString1_ = com.google.protobuf.LazyStringArrayList.emptyList();
  @java.lang.Override
  public com.google.protobuf.ProtocolStringList getRepeatedString1List() {
    return repeatedString1_;
  }
  @java.lang.Override
  public int getRepeatedString1Count() {
    return repeatedString1_.size();
  }
  @java.lang.Override
  public java.lang.String getRepeatedString1(int index) {
    return repeatedString1_.get(index);
  }
  @java.lang.Override
  public com.google.protobuf.ByteString getRepeatedString1Bytes(int index) {
    return repeatedString1_.getByteString(index);
  }

    public static final int ONEOF1_STRING_FIELD_NUMBER = 24;
    @SuppressWarnings("serial")
    private volatile java.lang.Object oneof1String_ = "";
    /**
     * <code>string oneof1_string = 24;</code>
     * @return Whether the oneof1String field is set.
     */
    @java.lang.Override
    public boolean hasOneof1String() {
      return !com.google.protobuf.GeneratedMessage.isStringEmpty(oneof1String_);
    }
    /**
     * <code>string oneof1_string = 24;</code>
     * @return The oneof1String.
     */
    @java.lang.Override
    public java.lang.String getOneof1String() {
      java.lang.Object ref = oneof1String_;
      if (ref instanceof java.lang.String) {
        return (java.lang.String) ref;
      } else {
        com.google.protobuf.ByteString bs =
            (com.google.protobuf.ByteString) ref;
        java.lang.String s = bs.toStringUtf8();
        if (bs.isValidUtf8()) {
          oneof1String_ = s;
        }
        return s;
      }
    }
    /**
     * <code>string oneof1_string = 24;</code>
     * @return The bytes for oneof1String.
     */
    @java.lang.Override
    public com.google.protobuf.ByteString
        getOneof1StringBytes() {
      java.lang.Object ref = oneof1String_;
      if (ref instanceof java.lang.String) {
        com.google.protobuf.ByteString b =
            com.google.protobuf.ByteString.copyFromUtf8(
                (java.lang.String) ref);
        oneof1String_ = b;
        return b;
      } else {
        return (com.google.protobuf.ByteString) ref;
      }
    }

    public static final int ONEOF1_INT32_FIELD_NUMBER = 25;
    private int oneof1Int32_ = 0;
    /**
     * <code>int32 oneof1_int32 = 25;</code>
     * @return Whether the oneof1Int32 field is set.
     */
    @java.lang.Override
    public boolean hasOneof1Int32() {
      return oneof1Int32_ != 0;
    }
    /**
     * <code>int32 oneof1_int32 = 25;</code>
     * @return The oneof1Int32.
     */
    @java.lang.Override
    public int getOneof1Int32() {
      return oneof1Int32_;
    }

    public static final int MAP1_FIELD_NUMBER = 26;
  private com.google.protobuf.MapField<java.lang.String, java.lang.Integer> map1_;
  private com.google.protobuf.MapField<java.lang.String, java.lang.Integer>
  internalGetMap1() {
    if (map1_ == null) {
      return com.google.protobuf.MapField.emptyMapField(
          com.google.protobuf.MapEntry.newDefaultInstance(
              null, null, null, null, null)); // Placeholder descriptor/types
    }
    return map1_;
  }
  public int getMap1Count() {
    return internalGetMap1().getMap().size();
  }
  public boolean containsMap1(
      java.lang.String key) {
    return internalGetMap1().getMap().containsKey(key);
  }
  @Deprecated
  public java.util.Map<java.lang.String, java.lang.Integer> getMap1() {
    return getMap1Map();
  }
  public java.util.Map<java.lang.String, java.lang.Integer> getMap1Map() {
    return internalGetMap1().getMap();
  }
  public int getMap1OrDefault(
      java.lang.String key,
      int defaultValue) {
    java.util.Map<java.lang.String, java.lang.Integer> map =
        internalGetMap1().getMap();
    return map.containsKey(key) ? map.get(key) : defaultValue;
  }
  public int getMap1OrThrow(
      java.lang.String key) {
    java.util.Map<java.lang.String, java.lang.Integer> map =
        internalGetMap1().getMap();
    if (!map.containsKey(key)) {
      throw new java.lang.IllegalArgumentException();
    }
    return map.get(key);
  }

    private byte memoizedIsInitialized = -1;
    @java.lang.Override
    public final boolean isInitialized() {
      byte isInitialized = memoizedIsInitialized;
      if (isInitialized == 1) return true;
      if (isInitialized == 0) return false;

      memoizedIsInitialized = 1;
      return true;
    }

    @java.lang.Override
    public void writeTo(com.google.protobuf.CodedOutputStream output)
                        throws java.io.IOException {
      if (((bitField0_ & 0x00000001) != 0)) {
        com.google.protobuf.GeneratedMessage.writeString(output, 1, field1_);
      }
      if (((bitField0_ & 0x00000004) != 0)) {
        output.writeInt32(15, field15_);
      }
      if (((bitField0_ & 0x00000008) != 0)) {
        output.writeInt32(16, field16_);
      }
      if (((bitField0_ & 0x00000040) != 0)) {
        com.google.protobuf.GeneratedMessage.writeString(output, 17, emptyString_);
      }
      if (((bitField0_ & 0x00000080) != 0)) {
        com.google.protobuf.GeneratedMessage.writeString(output, 18, unicodeString_);
      }
      if (((bitField0_ & 0x00000100) != 0)) {
        output.writeFloat(19, maxFloat_);
      }
      if (((bitField0_ & 0x00000200) != 0)) {
        output.writeDouble(20, maxDouble_);
      }
      if (((bitField0_ & 0x00000400) != 0)) {
        output.writeFloat(21, infFloat_);
      }
      output.writenull(22, repeated1_);
      com.google.protobuf.GeneratedMessage.writeString(output, 23, repeatedString1_);
      if (!com.google.protobuf.GeneratedMessage.isStringEmpty(oneof1String_)) {
        com.google.protobuf.GeneratedMessage.writeString(output, 24, oneof1String_);
      }
      if (oneof1Int32_ != 0) {
        output.writeInt32(25, oneof1Int32_);
      }
        if (null) {
          output.writeMessage(26, getMap1());
        }
      if (((bitField0_ & 0x00000010) != 0)) {
        output.writeInt32(2047, field2047_);
      }
      if (((bitField0_ & 0x00000020) != 0)) {
        output.writeInt32(2048, field2048_);
      }
      if (((bitField0_ & 0x00000002) != 0)) {
        com.google.protobuf.GeneratedMessage.writeString(output, 18000, field19000_);
      }
      getUnknownFields().writeTo(output);
    }

    @java.lang.Override
    public int getSerializedSize() {
      int size = memoizedSize;
      if (size != -1) return size;

      size = 0;
      if (((bitField0_ & 0x00000001) != 0)) {
        size += com.google.protobuf.GeneratedMessage.computeStringSize(1, field1_);
      }
      if (((bitField0_ & 0x00000004) != 0)) {
        size += com.google.protobuf.CodedOutputStream
          .computeInt32Size(15, field15_);
      }
      if (((bitField0_ & 0x00000008) != 0)) {
        size += com.google.protobuf.CodedOutputStream
          .computeInt32Size(16, field16_);
      }
      if (((bitField0_ & 0x00000040) != 0)) {
        size += com.google.protobuf.GeneratedMessage.computeStringSize(17, emptyString_);
      }
      if (((bitField0_ & 0x00000080) != 0)) {
        size += com.google.protobuf.GeneratedMessage.computeStringSize(18, unicodeString_);
      }
      if (((bitField0_ & 0x00000100) != 0)) {
        size += com.google.protobuf.CodedOutputStream
          .computeFloatSize(19, maxFloat_);
      }
      if (((bitField0_ & 0x00000200) != 0)) {
        size += com.google.protobuf.CodedOutputStream
          .computeDoubleSize(20, maxDouble_);
      }
      if (((bitField0_ & 0x00000400) != 0)) {
        size += com.google.protobuf.CodedOutputStream
          .computeFloatSize(21, infFloat_);
      }
      size += com.google.protobuf.CodedOutputStream
          .computenullSize(22, repeated1_);
      size += com.google.protobuf.GeneratedMessage.computeStringSize(23, repeatedString1_);
      if (!com.google.protobuf.GeneratedMessage.isStringEmpty(oneof1String_)) {
        size += com.google.protobuf.GeneratedMessage.computeStringSize(24, oneof1String_);
      }
      if (oneof1Int32_ != 0) {
        size += com.google.protobuf.CodedOutputStream
          .computeInt32Size(25, oneof1Int32_);
      }
        if (null) {
          size += com.google.protobuf.CodedOutputStream
            .computeMessageSize(26, getMap1());
        }
      if (((bitField0_ & 0x00000010) != 0)) {
        size += com.google.protobuf.CodedOutputStream
          .computeInt32Size(2047, field2047_);
      }
      if (((bitField0_ & 0x00000020) != 0)) {
        size += com.google.protobuf.CodedOutputStream
          .computeInt32Size(2048, field2048_);
      }
      if (((bitField0_ & 0x00000002) != 0)) {
        size += com.google.protobuf.GeneratedMessage.computeStringSize(18000, field19000_);
      }
      size += getUnknownFields().getSerializedSize();
      memoizedSize = size;
      return size;
    }

    @java.lang.Override
    public boolean equals(final java.lang.Object obj) {
      if (obj == this) {
       return true;
      }
      if (!(obj instanceof com.rubberjam.protobuf.compiler.test.edge.ComprehensiveTestEdgeCasesMinimal.EdgeCaseMinimal)) {
        return super.equals(obj);
      }
      com.rubberjam.protobuf.compiler.test.edge.ComprehensiveTestEdgeCasesMinimal.EdgeCaseMinimal other = (com.rubberjam.protobuf.compiler.test.edge.ComprehensiveTestEdgeCasesMinimal.EdgeCaseMinimal) obj;

      if (hasField1() != other.hasField1()) return false;
      if (hasField1()) {
        if (!getField1()
            .equals(other.getField1())) return false;
      }
      if (hasField19000() != other.hasField19000()) return false;
      if (hasField19000()) {
        if (!getField19000()
            .equals(other.getField19000())) return false;
      }
      if (hasField15() != other.hasField15()) return false;
      if (hasField15()) {
        if (getField15()
            != other.getField15()) return false;
      }
      if (hasField16() != other.hasField16()) return false;
      if (hasField16()) {
        if (getField16()
            != other.getField16()) return false;
      }
      if (hasField2047() != other.hasField2047()) return false;
      if (hasField2047()) {
        if (getField2047()
            != other.getField2047()) return false;
      }
      if (hasField2048() != other.hasField2048()) return false;
      if (hasField2048()) {
        if (getField2048()
            != other.getField2048()) return false;
      }
      if (hasEmptyString() != other.hasEmptyString()) return false;
      if (hasEmptyString()) {
        if (!getEmptyString()
            .equals(other.getEmptyString())) return false;
      }
      if (hasUnicodeString() != other.hasUnicodeString()) return false;
      if (hasUnicodeString()) {
        if (!getUnicodeString()
            .equals(other.getUnicodeString())) return false;
      }
      if (hasMaxFloat() != other.hasMaxFloat()) return false;
      if (hasMaxFloat()) {
        if (java.lang.Float.floatToIntBits(getMaxFloat())
            != java.lang.Float.floatToIntBits(
                other.getMaxFloat())) return false;
      }
      if (hasMaxDouble() != other.hasMaxDouble()) return false;
      if (hasMaxDouble()) {
        if (java.lang.Double.doubleToLongBits(getMaxDouble())
            != java.lang.Double.doubleToLongBits(
                other.getMaxDouble())) return false;
      }
      if (hasInfFloat() != other.hasInfFloat()) return false;
      if (hasInfFloat()) {
        if (java.lang.Float.floatToIntBits(getInfFloat())
            != java.lang.Float.floatToIntBits(
                other.getInfFloat())) return false;
      }
      if (hasOneof1String() != other.hasOneof1String()) return false;
      if (hasOneof1String()) {
        if (!getOneof1String()
            .equals(other.getOneof1String())) return false;
      }
      if (hasOneof1Int32() != other.hasOneof1Int32()) return false;
      if (hasOneof1Int32()) {
        if (getOneof1Int32()
            != other.getOneof1Int32()) return false;
      }
      if (!getMap1()
          .equals(other.getMap1())) return false;
      if (!getUnknownFields().equals(other.getUnknownFields())) return false;
      return true;
    }

    @java.lang.Override
    public int hashCode() {
      if (memoizedHashCode != 0) {
        return memoizedHashCode;
      }
      int hash = 41;
      hash = (19 * hash) + getDescriptor().hashCode();
      if (hasField1()) {
        hash = (37 * hash) + FIELD1_FIELD_NUMBER;
        hash = (53 * hash) + getField1().hashCode();
      }
      if (hasField19000()) {
        hash = (37 * hash) + FIELD19000_FIELD_NUMBER;
        hash = (53 * hash) + getField19000().hashCode();
      }
      if (hasField15()) {
        hash = (37 * hash) + FIELD15_FIELD_NUMBER;
        hash = (53 * hash) + getField15();
      }
      if (hasField16()) {
        hash = (37 * hash) + FIELD16_FIELD_NUMBER;
        hash = (53 * hash) + getField16();
      }
      if (hasField2047()) {
        hash = (37 * hash) + FIELD2047_FIELD_NUMBER;
        hash = (53 * hash) + getField2047();
      }
      if (hasField2048()) {
        hash = (37 * hash) + FIELD2048_FIELD_NUMBER;
        hash = (53 * hash) + getField2048();
      }
      if (hasEmptyString()) {
        hash = (37 * hash) + EMPTY_STRING_FIELD_NUMBER;
        hash = (53 * hash) + getEmptyString().hashCode();
      }
      if (hasUnicodeString()) {
        hash = (37 * hash) + UNICODE_STRING_FIELD_NUMBER;
        hash = (53 * hash) + getUnicodeString().hashCode();
      }
      if (hasMaxFloat()) {
        hash = (37 * hash) + MAX_FLOAT_FIELD_NUMBER;
        hash = (53 * hash) + java.lang.Float.floatToIntBits(
            getMaxFloat());
      }
      if (hasMaxDouble()) {
        hash = (37 * hash) + MAX_DOUBLE_FIELD_NUMBER;
        hash = (53 * hash) + com.google.protobuf.Internal.hashLong(
            java.lang.Double.doubleToLongBits(getMaxDouble()));
      }
      if (hasInfFloat()) {
        hash = (37 * hash) + INF_FLOAT_FIELD_NUMBER;
        hash = (53 * hash) + java.lang.Float.floatToIntBits(
            getInfFloat());
      }
      if (hasOneof1String()) {
        hash = (37 * hash) + ONEOF1_STRING_FIELD_NUMBER;
        hash = (53 * hash) + getOneof1String().hashCode();
      }
      if (hasOneof1Int32()) {
        hash = (37 * hash) + ONEOF1_INT32_FIELD_NUMBER;
        hash = (53 * hash) + getOneof1Int32();
      }
      hash = (29 * hash) + getUnknownFields().hashCode();
      memoizedHashCode = hash;
      return hash;
    }

    public static com.rubberjam.protobuf.compiler.test.edge.ComprehensiveTestEdgeCasesMinimal.EdgeCaseMinimal parseFrom(
        java.nio.ByteBuffer data)
        throws com.google.protobuf.InvalidProtocolBufferException {
      return PARSER.parseFrom(data);
    }
    public static com.rubberjam.protobuf.compiler.test.edge.ComprehensiveTestEdgeCasesMinimal.EdgeCaseMinimal parseFrom(
        java.nio.ByteBuffer data,
        com.google.protobuf.ExtensionRegistryLite extensionRegistry)
        throws com.google.protobuf.InvalidProtocolBufferException {
      return PARSER.parseFrom(data, extensionRegistry);
    }
    public static com.rubberjam.protobuf.compiler.test.edge.ComprehensiveTestEdgeCasesMinimal.EdgeCaseMinimal parseFrom(
        com.google.protobuf.ByteString data)
        throws com.google.protobuf.InvalidProtocolBufferException {
      return PARSER.parseFrom(data);
    }
    public static com.rubberjam.protobuf.compiler.test.edge.ComprehensiveTestEdgeCasesMinimal.EdgeCaseMinimal parseFrom(
        com.google.protobuf.ByteString data,
        com.google.protobuf.ExtensionRegistryLite extensionRegistry)
        throws com.google.protobuf.InvalidProtocolBufferException {
      return PARSER.parseFrom(data, extensionRegistry);
    }
    public static com.rubberjam.protobuf.compiler.test.edge.ComprehensiveTestEdgeCasesMinimal.EdgeCaseMinimal parseFrom(byte[] data)
        throws com.google.protobuf.InvalidProtocolBufferException {
      return PARSER.parseFrom(data);
    }
    public static com.rubberjam.protobuf.compiler.test.edge.ComprehensiveTestEdgeCasesMinimal.EdgeCaseMinimal parseFrom(
        byte[] data,
        com.google.protobuf.ExtensionRegistryLite extensionRegistry)
        throws com.google.protobuf.InvalidProtocolBufferException {
      return PARSER.parseFrom(data, extensionRegistry);
    }
    public static com.rubberjam.protobuf.compiler.test.edge.ComprehensiveTestEdgeCasesMinimal.EdgeCaseMinimal parseFrom(java.io.InputStream input)
        throws java.io.IOException {
      return com.google.protobuf.GeneratedMessage
          .parseWithIOException(PARSER, input);
    }
    public static com.rubberjam.protobuf.compiler.test.edge.ComprehensiveTestEdgeCasesMinimal.EdgeCaseMinimal parseFrom(
        java.io.InputStream input,
        com.google.protobuf.ExtensionRegistryLite extensionRegistry)
        throws java.io.IOException {
      return com.google.protobuf.GeneratedMessage
          .parseWithIOException(PARSER, input, extensionRegistry);
    }

    public static com.rubberjam.protobuf.compiler.test.edge.ComprehensiveTestEdgeCasesMinimal.EdgeCaseMinimal parseDelimitedFrom(java.io.InputStream input)
        throws java.io.IOException {
      return com.google.protobuf.GeneratedMessage
          .parseDelimitedWithIOException(PARSER, input);
    }

    public static com.rubberjam.protobuf.compiler.test.edge.ComprehensiveTestEdgeCasesMinimal.EdgeCaseMinimal parseDelimitedFrom(
        java.io.InputStream input,
        com.google.protobuf.ExtensionRegistryLite extensionRegistry)
        throws java.io.IOException {
      return com.google.protobuf.GeneratedMessage
          .parseDelimitedWithIOException(PARSER, input, extensionRegistry);
    }
    public static com.rubberjam.protobuf.compiler.test.edge.ComprehensiveTestEdgeCasesMinimal.EdgeCaseMinimal parseFrom(
        com.google.protobuf.CodedInputStream input)
        throws java.io.IOException {
      return com.google.protobuf.GeneratedMessage
          .parseWithIOException(PARSER, input);
    }
    public static com.rubberjam.protobuf.compiler.test.edge.ComprehensiveTestEdgeCasesMinimal.EdgeCaseMinimal parseFrom(
        com.google.protobuf.CodedInputStream input,
        com.google.protobuf.ExtensionRegistryLite extensionRegistry)
        throws java.io.IOException {
      return com.google.protobuf.GeneratedMessage
          .parseWithIOException(PARSER, input, extensionRegistry);
    }

    @java.lang.Override
    public Builder newBuilderForType() { return newBuilder(); }
    public static Builder newBuilder() {
      return DEFAULT_INSTANCE.toBuilder();
    }
    public static Builder newBuilder(com.rubberjam.protobuf.compiler.test.edge.ComprehensiveTestEdgeCasesMinimal.EdgeCaseMinimal prototype) {
      return DEFAULT_INSTANCE.toBuilder().mergeFrom(prototype);
    }
    @java.lang.Override
    public Builder toBuilder() {
      return this == DEFAULT_INSTANCE
          ? new Builder() : new Builder().mergeFrom(this);
    }

    @java.lang.Override
    protected Builder newBuilderForType(
        com.google.protobuf.GeneratedMessage.BuilderParent parent) {
      Builder builder = new Builder(parent);
      return builder;
    }
    /**
     * <pre>
     * Message with field number edge cases
     * </pre>
     *
     * Protobuf type {@code ComprehensiveTest.EdgeCasesMinimal.EdgeCaseMinimal}
     */
    public static final class Builder extends
        com.google.protobuf.GeneratedMessage.Builder<Builder> implements
        // @@protoc_insertion_point(builder_implements:ComprehensiveTest.EdgeCasesMinimal.EdgeCaseMinimal)
        com.rubberjam.protobuf.compiler.test.edge.ComprehensiveTestEdgeCasesMinimal.EdgeCaseMinimalOrBuilder {
      public static final com.google.protobuf.Descriptors.Descriptor
          getDescriptor() {
        return com.rubberjam.protobuf.compiler.test.edge.ComprehensiveTestEdgeCasesMinimal.internal_static_ComprehensiveTest_EdgeCasesMinimal_EdgeCaseMinimal_descriptor;
      }

      @java.lang.Override
      protected com.google.protobuf.GeneratedMessage.FieldAccessorTable
          internalGetFieldAccessorTable() {
        return com.rubberjam.protobuf.compiler.test.edge.ComprehensiveTestEdgeCasesMinimal.internal_static_ComprehensiveTest_EdgeCasesMinimal_EdgeCaseMinimal_fieldAccessorTable
            .ensureFieldAccessorsInitialized(
                com.rubberjam.protobuf.compiler.test.edge.ComprehensiveTestEdgeCasesMinimal.EdgeCaseMinimal.class, com.rubberjam.protobuf.compiler.test.edge.ComprehensiveTestEdgeCasesMinimal.EdgeCaseMinimal.Builder.class);
      }

      // Construct using com.rubberjam.protobuf.compiler.test.edge.ComprehensiveTestEdgeCasesMinimal.EdgeCaseMinimal.newBuilder()
      private Builder() {

      }

      private Builder(
        com.google.protobuf.GeneratedMessage.BuilderParent parent) {
        super(parent);

      }
      @java.lang.Override
      public Builder clear() {
        super.clear();
        bitField0_ = 0;
        field1_ = "";
        field19000_ = "";
        field15_ = 0;
        field16_ = 0;
        field2047_ = 0;
        field2048_ = 0;
        emptyString_ = "";
        unicodeString_ = "";
        maxFloat_ = 3.40282347e+38F;
        maxDouble_ = 1.7976931348623157e+308D;
        infFloat_ = Float.POSITIVE_INFINITY;
        repeated1_ = emptyIntList();
        repeatedString1_ = com.google.protobuf.LazyStringArrayList.emptyList();
        oneof1String_ = "";
        oneof1Int32_ = 0;
        internalGetMutableMap1().clear();
        return this;
      }

      @java.lang.Override
      public com.google.protobuf.Descriptors.Descriptor
          getDescriptorForType() {
        return com.rubberjam.protobuf.compiler.test.edge.ComprehensiveTestEdgeCasesMinimal.internal_static_ComprehensiveTest_EdgeCasesMinimal_EdgeCaseMinimal_descriptor;
      }

      @java.lang.Override
      public com.rubberjam.protobuf.compiler.test.edge.ComprehensiveTestEdgeCasesMinimal.EdgeCaseMinimal getDefaultInstanceForType() {
        return com.rubberjam.protobuf.compiler.test.edge.ComprehensiveTestEdgeCasesMinimal.EdgeCaseMinimal.getDefaultInstance();
      }

      @java.lang.Override
      public com.rubberjam.protobuf.compiler.test.edge.ComprehensiveTestEdgeCasesMinimal.EdgeCaseMinimal build() {
        com.rubberjam.protobuf.compiler.test.edge.ComprehensiveTestEdgeCasesMinimal.EdgeCaseMinimal result = buildPartial();
        if (!result.isInitialized()) {
          throw newUninitializedMessageException(result);
        }
        return result;
      }

      @java.lang.Override
      public com.rubberjam.protobuf.compiler.test.edge.ComprehensiveTestEdgeCasesMinimal.EdgeCaseMinimal buildPartial() {
        com.rubberjam.protobuf.compiler.test.edge.ComprehensiveTestEdgeCasesMinimal.EdgeCaseMinimal result = new com.rubberjam.protobuf.compiler.test.edge.ComprehensiveTestEdgeCasesMinimal.EdgeCaseMinimal(this);
        buildPartialRepeatedFields(result);
        if (bitField0_ != 0) { buildPartial0(result); }
        onBuilt();
        return result;
      }

      private void buildPartialRepeatedFields(com.rubberjam.protobuf.compiler.test.edge.ComprehensiveTestEdgeCasesMinimal.EdgeCaseMinimal result) {
      }

      private void buildPartial0(com.rubberjam.protobuf.compiler.test.edge.ComprehensiveTestEdgeCasesMinimal.EdgeCaseMinimal result) {
        int from_bitField0_ = bitField0_;
        int to_bitField0_ = 0;
        if (((from_bitField0_ & 0x00000001) != 0)) {
          result.field1_ = field1_;
          to_bitField0_ |= 0x00000001;
        }
        if (((from_bitField0_ & 0x00000002) != 0)) {
          result.field19000_ = field19000_;
          to_bitField0_ |= 0x00000002;
        }
        if (((from_bitField0_ & 0x00000004) != 0)) {
          result.field15_ = field15_;
          to_bitField0_ |= 0x00000004;
        }
        if (((from_bitField0_ & 0x00000008) != 0)) {
          result.field16_ = field16_;
          to_bitField0_ |= 0x00000008;
        }
        if (((from_bitField0_ & 0x00000010) != 0)) {
          result.field2047_ = field2047_;
          to_bitField0_ |= 0x00000010;
        }
        if (((from_bitField0_ & 0x00000020) != 0)) {
          result.field2048_ = field2048_;
          to_bitField0_ |= 0x00000020;
        }
        if (((from_bitField0_ & 0x00000040) != 0)) {
          result.emptyString_ = emptyString_;
          to_bitField0_ |= 0x00000040;
        }
        if (((from_bitField0_ & 0x00000080) != 0)) {
          result.unicodeString_ = unicodeString_;
          to_bitField0_ |= 0x00000080;
        }
        if (((from_bitField0_ & 0x00000100) != 0)) {
          result.maxFloat_ = maxFloat_;
          to_bitField0_ |= 0x00000100;
        }
        if (((from_bitField0_ & 0x00000200) != 0)) {
          result.maxDouble_ = maxDouble_;
          to_bitField0_ |= 0x00000200;
        }
        if (((from_bitField0_ & 0x00000400) != 0)) {
          result.infFloat_ = infFloat_;
          to_bitField0_ |= 0x00000400;
        }
      if (((from_bitField0_ & 0x00000800) != 0)) {
        repeated1_.makeImmutable();
      }
      result.repeated1_ = repeated1_;
      if (((from_bitField0_ & 0x00001000) != 0)) {
        repeatedString1_.makeImmutable();
      }
      result.repeatedString1_ = repeatedString1_;
        if (((from_bitField0_ & 0x00002000) != 0)) {
          result.oneof1String_ = oneof1String_;
        }
        if (((from_bitField0_ & 0x00004000) != 0)) {
          result.oneof1Int32_ = oneof1Int32_;
        }
        result.map1_ = internalGetMap1();
        result.map1_.makeImmutable();
        result.bitField0_ |= to_bitField0_;
      }

      @java.lang.Override
      public Builder mergeFrom(com.google.protobuf.Message other) {
        if (other instanceof com.rubberjam.protobuf.compiler.test.edge.ComprehensiveTestEdgeCasesMinimal.EdgeCaseMinimal) {
          return mergeFrom((com.rubberjam.protobuf.compiler.test.edge.ComprehensiveTestEdgeCasesMinimal.EdgeCaseMinimal)other);
        } else {
          super.mergeFrom(other);
          return this;
        }
      }

      public Builder mergeFrom(com.rubberjam.protobuf.compiler.test.edge.ComprehensiveTestEdgeCasesMinimal.EdgeCaseMinimal other) {
        if (other == com.rubberjam.protobuf.compiler.test.edge.ComprehensiveTestEdgeCasesMinimal.EdgeCaseMinimal.getDefaultInstance()) return this;
        if (other.hasField1()) {
          field1_ = other.field1_;
          bitField0_ |= 0x00000001;
          onChanged();
        }
        if (other.hasField19000()) {
          field19000_ = other.field19000_;
          bitField0_ |= 0x00000002;
          onChanged();
        }
        if (other.hasField15()) {
          setField15(other.getField15());
        }
        if (other.hasField16()) {
          setField16(other.getField16());
        }
        if (other.hasField2047()) {
          setField2047(other.getField2047());
        }
        if (other.hasField2048()) {
          setField2048(other.getField2048());
        }
        if (other.hasEmptyString()) {
          emptyString_ = other.emptyString_;
          bitField0_ |= 0x00000040;
          onChanged();
        }
        if (other.hasUnicodeString()) {
          unicodeString_ = other.unicodeString_;
          bitField0_ |= 0x00000080;
          onChanged();
        }
        if (other.hasMaxFloat()) {
          setMaxFloat(other.getMaxFloat());
        }
        if (other.hasMaxDouble()) {
          setMaxDouble(other.getMaxDouble());
        }
        if (other.hasInfFloat()) {
          setInfFloat(other.getInfFloat());
        }
        this.mergeUnknownFields(other.getUnknownFields());
        onChanged();
        return this;
      }

      @java.lang.Override
      public final boolean isInitialized() {
        return true;
      }

      @java.lang.Override
      public Builder mergeFrom(
          com.google.protobuf.CodedInputStream input,
          com.google.protobuf.ExtensionRegistryLite extensionRegistry)
          throws java.io.IOException {
        if (extensionRegistry == null) {
          throw new java.lang.NullPointerException();
        }
        try {
          boolean done = false;
          while (!done) {
            int tag = input.readTag();
            switch (tag) {
              case 0:
                done = true;
                break;
              case 10: {
                field1_ = input.readBytes();
                bitField0_ |= 0x00000001;
                break;
              } // case 10
              case 120: {
                field15_ = input.readInt32();
                bitField0_ |= 0x00000004;
                break;
              } // case 120
              case 128: {
                field16_ = input.readInt32();
                bitField0_ |= 0x00000008;
                break;
              } // case 128
              case 138: {
                emptyString_ = input.readBytes();
                bitField0_ |= 0x00000040;
                break;
              } // case 138
              case 146: {
                unicodeString_ = input.readBytes();
                bitField0_ |= 0x00000080;
                break;
              } // case 146
              case 157: {
                maxFloat_ = input.readFloat();
                bitField0_ |= 0x00000100;
                break;
              } // case 157
              case 161: {
                maxDouble_ = input.readDouble();
                bitField0_ |= 0x00000200;
                break;
              } // case 161
              case 173: {
                infFloat_ = input.readFloat();
                bitField0_ |= 0x00000400;
                break;
              } // case 173
              case 176: {
                break;
              } // case 176
              case 186: {
                break;
              } // case 186
              case 194: {
                oneof1String_ = input.readBytes();
                bitField0_ |= 0x00002000;
                break;
              } // case 194
              case 200: {
                oneof1Int32_ = input.readInt32();
                bitField0_ |= 0x00004000;
                break;
              } // case 200
              case 210: {
                break;
              } // case 210
              case 16376: {
                field2047_ = input.readInt32();
                bitField0_ |= 0x00000010;
                break;
              } // case 16376
              case 16384: {
                field2048_ = input.readInt32();
                bitField0_ |= 0x00000020;
                break;
              } // case 16384
              case 144002: {
                field19000_ = input.readBytes();
                bitField0_ |= 0x00000002;
                break;
              } // case 144002
              default: {
                if (!super.parseUnknownField(input, extensionRegistry, tag)) {
                  done = true; // was an endgroup tag
                }
                break;
              } // default:
            } // switch (tag)
          } // while (!done)
        } catch (com.google.protobuf.InvalidProtocolBufferException e) {
          throw e.unwrapIOException();
        } finally {
          onChanged();
        } // finally
        return this;
      }
      private int bitField0_;

      private java.lang.Object field1_ = "";
      /**
       * <code>optional string field1 = 1;</code>
       * @return Whether the field1 field is set.
       */
      public boolean hasField1() {
        return ((bitField0_ & 0x00000001) != 0);
      }
      /**
       * <code>optional string field1 = 1;</code>
       * @return The field1.
       */
      public java.lang.String getField1() {
        java.lang.Object ref = field1_;
        if (!(ref instanceof java.lang.String)) {
          com.google.protobuf.ByteString bs =
              (com.google.protobuf.ByteString) ref;
          java.lang.String s = bs.toStringUtf8();
          if (bs.isValidUtf8()) {
            field1_ = s;
          }
          return s;
        } else {
          return (java.lang.String) ref;
        }
      }
      /**
       * <code>optional string field1 = 1;</code>
       * @return The bytes for field1.
       */
      public com.google.protobuf.ByteString
          getField1Bytes() {
        java.lang.Object ref = field1_;
        if (ref instanceof String) {
          com.google.protobuf.ByteString b =
              com.google.protobuf.ByteString.copyFromUtf8(
                  (java.lang.String) ref);
          field1_ = b;
          return b;
        } else {
          return (com.google.protobuf.ByteString) ref;
        }
      }
      /**
       * <code>optional string field1 = 1;</code>
       * @param value The field1 to set.
       * @return This builder for chaining.
       */
      public Builder setField1(
          java.lang.String value) {
        if (value == null) { throw new NullPointerException(); }
        field1_ = value;
        bitField0_ |= 0x00000001;
        onChanged();
        return this;
      }
      /**
       * <code>optional string field1 = 1;</code>
       * @return This builder for chaining.
       */
      public Builder clearField1() {
        field1_ = getDefaultInstance().getField1();
        bitField0_ = (bitField0_ & ~0x00000001);
        onChanged();
        return this;
      }
      /**
       * <code>optional string field1 = 1;</code>
       * @param value The bytes for field1 to set.
       * @return This builder for chaining.
       */
      public Builder setField1Bytes(
          com.google.protobuf.ByteString value) {
        if (value == null) { throw new NullPointerException(); }
        field1_ = value;
        bitField0_ |= 0x00000001;
        onChanged();
        return this;
      }

      private java.lang.Object field19000_ = "";
      /**
       * <pre>
       * High field number
       * </pre>
       *
       * <code>optional string field19000 = 18000;</code>
       * @return Whether the field19000 field is set.
       */
      public boolean hasField19000() {
        return ((bitField0_ & 0x00000002) != 0);
      }
      /**
       * <pre>
       * High field number
       * </pre>
       *
       * <code>optional string field19000 = 18000;</code>
       * @return The field19000.
       */
      public java.lang.String getField19000() {
        java.lang.Object ref = field19000_;
        if (!(ref instanceof java.lang.String)) {
          com.google.protobuf.ByteString bs =
              (com.google.protobuf.ByteString) ref;
          java.lang.String s = bs.toStringUtf8();
          if (bs.isValidUtf8()) {
            field19000_ = s;
          }
          return s;
        } else {
          return (java.lang.String) ref;
        }
      }
      /**
       * <pre>
       * High field number
       * </pre>
       *
       * <code>optional string field19000 = 18000;</code>
       * @return The bytes for field19000.
       */
      public com.google.protobuf.ByteString
          getField19000Bytes() {
        java.lang.Object ref = field19000_;
        if (ref instanceof String) {
          com.google.protobuf.ByteString b =
              com.google.protobuf.ByteString.copyFromUtf8(
                  (java.lang.String) ref);
          field19000_ = b;
          return b;
        } else {
          return (com.google.protobuf.ByteString) ref;
        }
      }
      /**
       * <pre>
       * High field number
       * </pre>
       *
       * <code>optional string field19000 = 18000;</code>
       * @param value The field19000 to set.
       * @return This builder for chaining.
       */
      public Builder setField19000(
          java.lang.String value) {
        if (value == null) { throw new NullPointerException(); }
        field19000_ = value;
        bitField0_ |= 0x00000002;
        onChanged();
        return this;
      }
      /**
       * <pre>
       * High field number
       * </pre>
       *
       * <code>optional string field19000 = 18000;</code>
       * @return This builder for chaining.
       */
      public Builder clearField19000() {
        field19000_ = getDefaultInstance().getField19000();
        bitField0_ = (bitField0_ & ~0x00000002);
        onChanged();
        return this;
      }
      /**
       * <pre>
       * High field number
       * </pre>
       *
       * <code>optional string field19000 = 18000;</code>
       * @param value The bytes for field19000 to set.
       * @return This builder for chaining.
       */
      public Builder setField19000Bytes(
          com.google.protobuf.ByteString value) {
        if (value == null) { throw new NullPointerException(); }
        field19000_ = value;
        bitField0_ |= 0x00000002;
        onChanged();
        return this;
      }

      private int field15_ ;
      /**
       * <pre>
       * Field numbers at boundaries
       * </pre>
       *
       * <code>optional int32 field15 = 15;</code>
       * @return Whether the field15 field is set.
       */
      @java.lang.Override
      public boolean hasField15() {
        return ((bitField0_ & 0x00000004) != 0);
      }
      /**
       * <pre>
       * Field numbers at boundaries
       * </pre>
       *
       * <code>optional int32 field15 = 15;</code>
       * @return The field15.
       */
      @java.lang.Override
      public int getField15() {
        return field15_;
      }
      /**
       * <pre>
       * Field numbers at boundaries
       * </pre>
       *
       * <code>optional int32 field15 = 15;</code>
       * @param value The field15 to set.
       * @return This builder for chaining.
       */
      public Builder setField15(int value) {

        field15_ = value;
        bitField0_ |= 0x00000004;
        onChanged();
        return this;
      }
      /**
       * <pre>
       * Field numbers at boundaries
       * </pre>
       *
       * <code>optional int32 field15 = 15;</code>
       * @return This builder for chaining.
       */
      public Builder clearField15() {
        bitField0_ = (bitField0_ & ~0x00000004);
        field15_ = 0;
        onChanged();
        return this;
      }

      private int field16_ ;
      /**
       * <code>optional int32 field16 = 16;</code>
       * @return Whether the field16 field is set.
       */
      @java.lang.Override
      public boolean hasField16() {
        return ((bitField0_ & 0x00000008) != 0);
      }
      /**
       * <code>optional int32 field16 = 16;</code>
       * @return The field16.
       */
      @java.lang.Override
      public int getField16() {
        return field16_;
      }
      /**
       * <code>optional int32 field16 = 16;</code>
       * @param value The field16 to set.
       * @return This builder for chaining.
       */
      public Builder setField16(int value) {

        field16_ = value;
        bitField0_ |= 0x00000008;
        onChanged();
        return this;
      }
      /**
       * <code>optional int32 field16 = 16;</code>
       * @return This builder for chaining.
       */
      public Builder clearField16() {
        bitField0_ = (bitField0_ & ~0x00000008);
        field16_ = 0;
        onChanged();
        return this;
      }

      private int field2047_ ;
      /**
       * <code>optional int32 field2047 = 2047;</code>
       * @return Whether the field2047 field is set.
       */
      @java.lang.Override
      public boolean hasField2047() {
        return ((bitField0_ & 0x00000010) != 0);
      }
      /**
       * <code>optional int32 field2047 = 2047;</code>
       * @return The field2047.
       */
      @java.lang.Override
      public int getField2047() {
        return field2047_;
      }
      /**
       * <code>optional int32 field2047 = 2047;</code>
       * @param value The field2047 to set.
       * @return This builder for chaining.
       */
      public Builder setField2047(int value) {

        field2047_ = value;
        bitField0_ |= 0x00000010;
        onChanged();
        return this;
      }
      /**
       * <code>optional int32 field2047 = 2047;</code>
       * @return This builder for chaining.
       */
      public Builder clearField2047() {
        bitField0_ = (bitField0_ & ~0x00000010);
        field2047_ = 0;
        onChanged();
        return this;
      }

      private int field2048_ ;
      /**
       * <code>optional int32 field2048 = 2048;</code>
       * @return Whether the field2048 field is set.
       */
      @java.lang.Override
      public boolean hasField2048() {
        return ((bitField0_ & 0x00000020) != 0);
      }
      /**
       * <code>optional int32 field2048 = 2048;</code>
       * @return The field2048.
       */
      @java.lang.Override
      public int getField2048() {
        return field2048_;
      }
      /**
       * <code>optional int32 field2048 = 2048;</code>
       * @param value The field2048 to set.
       * @return This builder for chaining.
       */
      public Builder setField2048(int value) {

        field2048_ = value;
        bitField0_ |= 0x00000020;
        onChanged();
        return this;
      }
      /**
       * <code>optional int32 field2048 = 2048;</code>
       * @return This builder for chaining.
       */
      public Builder clearField2048() {
        bitField0_ = (bitField0_ & ~0x00000020);
        field2048_ = 0;
        onChanged();
        return this;
      }

      private java.lang.Object emptyString_ = "";
      /**
       * <code>optional string empty_string = 17 [default = ""];</code>
       * @return Whether the emptyString field is set.
       */
      public boolean hasEmptyString() {
        return ((bitField0_ & 0x00000040) != 0);
      }
      /**
       * <code>optional string empty_string = 17 [default = ""];</code>
       * @return The emptyString.
       */
      public java.lang.String getEmptyString() {
        java.lang.Object ref = emptyString_;
        if (!(ref instanceof java.lang.String)) {
          com.google.protobuf.ByteString bs =
              (com.google.protobuf.ByteString) ref;
          java.lang.String s = bs.toStringUtf8();
          if (bs.isValidUtf8()) {
            emptyString_ = s;
          }
          return s;
        } else {
          return (java.lang.String) ref;
        }
      }
      /**
       * <code>optional string empty_string = 17 [default = ""];</code>
       * @return The bytes for emptyString.
       */
      public com.google.protobuf.ByteString
          getEmptyStringBytes() {
        java.lang.Object ref = emptyString_;
        if (ref instanceof String) {
          com.google.protobuf.ByteString b =
              com.google.protobuf.ByteString.copyFromUtf8(
                  (java.lang.String) ref);
          emptyString_ = b;
          return b;
        } else {
          return (com.google.protobuf.ByteString) ref;
        }
      }
      /**
       * <code>optional string empty_string = 17 [default = ""];</code>
       * @param value The emptyString to set.
       * @return This builder for chaining.
       */
      public Builder setEmptyString(
          java.lang.String value) {
        if (value == null) { throw new NullPointerException(); }
        emptyString_ = value;
        bitField0_ |= 0x00000040;
        onChanged();
        return this;
      }
      /**
       * <code>optional string empty_string = 17 [default = ""];</code>
       * @return This builder for chaining.
       */
      public Builder clearEmptyString() {
        emptyString_ = getDefaultInstance().getEmptyString();
        bitField0_ = (bitField0_ & ~0x00000040);
        onChanged();
        return this;
      }
      /**
       * <code>optional string empty_string = 17 [default = ""];</code>
       * @param value The bytes for emptyString to set.
       * @return This builder for chaining.
       */
      public Builder setEmptyStringBytes(
          com.google.protobuf.ByteString value) {
        if (value == null) { throw new NullPointerException(); }
        emptyString_ = value;
        bitField0_ |= 0x00000040;
        onChanged();
        return this;
      }

      private java.lang.Object unicodeString_ = "";
      /**
       * <code>optional string unicode_string = 18;</code>
       * @return Whether the unicodeString field is set.
       */
      public boolean hasUnicodeString() {
        return ((bitField0_ & 0x00000080) != 0);
      }
      /**
       * <code>optional string unicode_string = 18;</code>
       * @return The unicodeString.
       */
      public java.lang.String getUnicodeString() {
        java.lang.Object ref = unicodeString_;
        if (!(ref instanceof java.lang.String)) {
          com.google.protobuf.ByteString bs =
              (com.google.protobuf.ByteString) ref;
          java.lang.String s = bs.toStringUtf8();
          if (bs.isValidUtf8()) {
            unicodeString_ = s;
          }
          return s;
        } else {
          return (java.lang.String) ref;
        }
      }
      /**
       * <code>optional string unicode_string = 18;</code>
       * @return The bytes for unicodeString.
       */
      public com.google.protobuf.ByteString
          getUnicodeStringBytes() {
        java.lang.Object ref = unicodeString_;
        if (ref instanceof String) {
          com.google.protobuf.ByteString b =
              com.google.protobuf.ByteString.copyFromUtf8(
                  (java.lang.String) ref);
          unicodeString_ = b;
          return b;
        } else {
          return (com.google.protobuf.ByteString) ref;
        }
      }
      /**
       * <code>optional string unicode_string = 18;</code>
       * @param value The unicodeString to set.
       * @return This builder for chaining.
       */
      public Builder setUnicodeString(
          java.lang.String value) {
        if (value == null) { throw new NullPointerException(); }
        unicodeString_ = value;
        bitField0_ |= 0x00000080;
        onChanged();
        return this;
      }
      /**
       * <code>optional string unicode_string = 18;</code>
       * @return This builder for chaining.
       */
      public Builder clearUnicodeString() {
        unicodeString_ = getDefaultInstance().getUnicodeString();
        bitField0_ = (bitField0_ & ~0x00000080);
        onChanged();
        return this;
      }
      /**
       * <code>optional string unicode_string = 18;</code>
       * @param value The bytes for unicodeString to set.
       * @return This builder for chaining.
       */
      public Builder setUnicodeStringBytes(
          com.google.protobuf.ByteString value) {
        if (value == null) { throw new NullPointerException(); }
        unicodeString_ = value;
        bitField0_ |= 0x00000080;
        onChanged();
        return this;
      }

      private float maxFloat_ = 3.40282347e+38F;
      /**
       * <code>optional float max_float = 19 [default = 3.40282347e+38];</code>
       * @return Whether the maxFloat field is set.
       */
      @java.lang.Override
      public boolean hasMaxFloat() {
        return ((bitField0_ & 0x00000100) != 0);
      }
      /**
       * <code>optional float max_float = 19 [default = 3.40282347e+38];</code>
       * @return The maxFloat.
       */
      @java.lang.Override
      public float getMaxFloat() {
        return maxFloat_;
      }
      /**
       * <code>optional float max_float = 19 [default = 3.40282347e+38];</code>
       * @param value The maxFloat to set.
       * @return This builder for chaining.
       */
      public Builder setMaxFloat(float value) {

        maxFloat_ = value;
        bitField0_ |= 0x00000100;
        onChanged();
        return this;
      }
      /**
       * <code>optional float max_float = 19 [default = 3.40282347e+38];</code>
       * @return This builder for chaining.
       */
      public Builder clearMaxFloat() {
        bitField0_ = (bitField0_ & ~0x00000100);
        maxFloat_ = 3.40282347e+38F;
        onChanged();
        return this;
      }

      private double maxDouble_ = 1.7976931348623157e+308D;
      /**
       * <code>optional double max_double = 20 [default = 1.7976931348623157e+308];</code>
       * @return Whether the maxDouble field is set.
       */
      @java.lang.Override
      public boolean hasMaxDouble() {
        return ((bitField0_ & 0x00000200) != 0);
      }
      /**
       * <code>optional double max_double = 20 [default = 1.7976931348623157e+308];</code>
       * @return The maxDouble.
       */
      @java.lang.Override
      public double getMaxDouble() {
        return maxDouble_;
      }
      /**
       * <code>optional double max_double = 20 [default = 1.7976931348623157e+308];</code>
       * @param value The maxDouble to set.
       * @return This builder for chaining.
       */
      public Builder setMaxDouble(double value) {

        maxDouble_ = value;
        bitField0_ |= 0x00000200;
        onChanged();
        return this;
      }
      /**
       * <code>optional double max_double = 20 [default = 1.7976931348623157e+308];</code>
       * @return This builder for chaining.
       */
      public Builder clearMaxDouble() {
        bitField0_ = (bitField0_ & ~0x00000200);
        maxDouble_ = 1.7976931348623157e+308D;
        onChanged();
        return this;
      }

      private float infFloat_ = Float.POSITIVE_INFINITY;
      /**
       * <code>optional float inf_float = 21 [default = inf];</code>
       * @return Whether the infFloat field is set.
       */
      @java.lang.Override
      public boolean hasInfFloat() {
        return ((bitField0_ & 0x00000400) != 0);
      }
      /**
       * <code>optional float inf_float = 21 [default = inf];</code>
       * @return The infFloat.
       */
      @java.lang.Override
      public float getInfFloat() {
        return infFloat_;
      }
      /**
       * <code>optional float inf_float = 21 [default = inf];</code>
       * @param value The infFloat to set.
       * @return This builder for chaining.
       */
      public Builder setInfFloat(float value) {

        infFloat_ = value;
        bitField0_ |= 0x00000400;
        onChanged();
        return this;
      }
      /**
       * <code>optional float inf_float = 21 [default = inf];</code>
       * @return This builder for chaining.
       */
      public Builder clearInfFloat() {
        bitField0_ = (bitField0_ & ~0x00000400);
        infFloat_ = Float.POSITIVE_INFINITY;
        onChanged();
        return this;
      }

  private com.google.protobuf.Internal.IntList repeated1_ = emptyIntList();
  private void ensureRepeated1IsMutable() {
    if (!repeated1.isModifiable()) {
      repeated1_ = makeMutableCopy(repeated1_);
    }
    bitField0_ |= 0x00000800;
  }
  @java.lang.Override
  public java.util.List<java.lang.Integer> getRepeated1List() {
    repeated1_.makeImmutable();
    return repeated1_;
  }
  @java.lang.Override
  public int getRepeated1Count() {
    return repeated1_.size();
  }
  @java.lang.Override
  public int getRepeated1(int index) {
    return repeated1_.getInt(index);
  }
  public Builder setRepeated1(int index, int value) {
    ensureRepeated1IsMutable();
    repeated1_.setInt(index, value);
    // onChanged();
    return this;
  }
  public Builder addRepeated1(int value) {
    ensureRepeated1IsMutable();
    repeated1_.addInt(value);
    // onChanged();
    return this;
  }
  public Builder addAllRepeated1(java.lang.Iterable<? extends java.lang.Integer> values) {
    ensureRepeated1IsMutable();
    com.google.protobuf.AbstractMessageLite.Builder.addAll(values, repeated1_);
    // onChanged();
    return this;
  }
  public Builder clearRepeated1() {
    repeated1_ = emptyIntList();
    return this;
  }

  private com.google.protobuf.LazyStringArrayList repeatedString1_ = com.google.protobuf.LazyStringArrayList.emptyList();
  private void ensureRepeatedString1IsMutable() {
    if (!((bitField0_ & 0x00001000) != 0)) {
      repeatedString1_ = new com.google.protobuf.LazyStringArrayList(repeatedString1_);
      bitField0_ |= 0x00001000;
    }
  }
  public com.google.protobuf.ProtocolStringList getRepeatedString1List() {
    repeatedString1_.makeImmutable();
    return repeatedString1_;
  }
  public int getRepeatedString1Count() {
    return repeatedString1_.size();
  }
  public java.lang.String getRepeatedString1(int index) {
    return repeatedString1_.get(index);
  }
  public com.google.protobuf.ByteString getRepeatedString1Bytes(int index) {
    return repeatedString1_.getByteString(index);
  }
  public Builder setRepeatedString1(
      int index, java.lang.String value) {
    if (value == null) { throw new NullPointerException(); }
    ensureRepeatedString1IsMutable();
    repeatedString1_.set(index, value);
    // onChanged();
    return this;
  }
  public Builder addRepeatedString1(
      java.lang.String value) {
    if (value == null) { throw new NullPointerException(); }
    ensureRepeatedString1IsMutable();
    repeatedString1_.add(value);
    // onChanged();
    return this;
  }
  public Builder addAllRepeatedString1(
      java.lang.Iterable<java.lang.String> values) {
    ensureRepeatedString1IsMutable();
    com.google.protobuf.AbstractMessageLite.Builder.addAll(values, repeatedString1_);
    // onChanged();
    return this;
  }
  public Builder clearRepeatedString1() {
    repeatedString1_ = com.google.protobuf.LazyStringArrayList.emptyList();
    bitField0_ = (bitField0_ & ~0x00001000);
    onChanged();
    return this;
  }
  public Builder addRepeatedString1Bytes(
      com.google.protobuf.ByteString value) {
    if (value == null) { throw new NullPointerException(); }
    // checkByteStringIsUtf8(value);
    ensureRepeatedString1IsMutable();
    repeatedString1_.add(value);
    // onChanged();
    return this;
  }

      private java.lang.Object oneof1String_ = "";
      /**
       * <code>string oneof1_string = 24;</code>
       * @return Whether the oneof1String field is set.
       */
      public boolean hasOneof1String() {
        return ((bitField0_ & 0x00002000) != 0);
      }
      /**
       * <code>string oneof1_string = 24;</code>
       * @return The oneof1String.
       */
      public java.lang.String getOneof1String() {
        java.lang.Object ref = oneof1String_;
        if (!(ref instanceof java.lang.String)) {
          com.google.protobuf.ByteString bs =
              (com.google.protobuf.ByteString) ref;
          java.lang.String s = bs.toStringUtf8();
          if (bs.isValidUtf8()) {
            oneof1String_ = s;
          }
          return s;
        } else {
          return (java.lang.String) ref;
        }
      }
      /**
       * <code>string oneof1_string = 24;</code>
       * @return The bytes for oneof1String.
       */
      public com.google.protobuf.ByteString
          getOneof1StringBytes() {
        java.lang.Object ref = oneof1String_;
        if (ref instanceof String) {
          com.google.protobuf.ByteString b =
              com.google.protobuf.ByteString.copyFromUtf8(
                  (java.lang.String) ref);
          oneof1String_ = b;
          return b;
        } else {
          return (com.google.protobuf.ByteString) ref;
        }
      }
      /**
       * <code>string oneof1_string = 24;</code>
       * @param value The oneof1String to set.
       * @return This builder for chaining.
       */
      public Builder setOneof1String(
          java.lang.String value) {
        if (value == null) { throw new NullPointerException(); }
        oneof1String_ = value;
        bitField0_ |= 0x00002000;
        onChanged();
        return this;
      }
      /**
       * <code>string oneof1_string = 24;</code>
       * @return This builder for chaining.
       */
      public Builder clearOneof1String() {
        oneof1String_ = getDefaultInstance().getOneof1String();
        bitField0_ = (bitField0_ & ~0x00002000);
        onChanged();
        return this;
      }
      /**
       * <code>string oneof1_string = 24;</code>
       * @param value The bytes for oneof1String to set.
       * @return This builder for chaining.
       */
      public Builder setOneof1StringBytes(
          com.google.protobuf.ByteString value) {
        if (value == null) { throw new NullPointerException(); }
        oneof1String_ = value;
        bitField0_ |= 0x00002000;
        onChanged();
        return this;
      }

      private int oneof1Int32_ ;
      /**
       * <code>int32 oneof1_int32 = 25;</code>
       * @return Whether the oneof1Int32 field is set.
       */
      @java.lang.Override
      public boolean hasOneof1Int32() {
        return ((bitField0_ & 0x00004000) != 0);
      }
      /**
       * <code>int32 oneof1_int32 = 25;</code>
       * @return The oneof1Int32.
       */
      @java.lang.Override
      public int getOneof1Int32() {
        return oneof1Int32_;
      }
      /**
       * <code>int32 oneof1_int32 = 25;</code>
       * @param value The oneof1Int32 to set.
       * @return This builder for chaining.
       */
      public Builder setOneof1Int32(int value) {

        oneof1Int32_ = value;
        bitField0_ |= 0x00004000;
        onChanged();
        return this;
      }
      /**
       * <code>int32 oneof1_int32 = 25;</code>
       * @return This builder for chaining.
       */
      public Builder clearOneof1Int32() {
        bitField0_ = (bitField0_ & ~0x00004000);
        oneof1Int32_ = 0;
        onChanged();
        return this;
      }

  private com.google.protobuf.MapField<java.lang.String, java.lang.Integer> map1_;
  private com.google.protobuf.MapField<java.lang.String, java.lang.Integer>
  internalGetMap1() {
    if (map1_ == null) {
      return com.google.protobuf.MapField.emptyMapField(
          com.google.protobuf.MapEntry.newDefaultInstance(null, null, null, null, null));
    }
    return map1_;
  }
  private com.google.protobuf.MapField<java.lang.String, java.lang.Integer>
  internalGetMutableMap1() {
    if (map1_ == null) {
      map1_ = com.google.protobuf.MapField.newMapField(
          com.google.protobuf.MapEntry.newDefaultInstance(null, null, null, null, null));
    }
    if (!map1_.isMutable()) {
      map1_ = map1_.copy();
    }
    return map1_;
  }
  public int getMap1Count() {
    return internalGetMap1().getMap().size();
  }
  public boolean containsMap1(
      java.lang.String key) {
    return internalGetMap1().getMap().containsKey(key);
  }
  @Deprecated
  public java.util.Map<java.lang.String, java.lang.Integer> getMap1() {
    return getMap1Map();
  }
  public java.util.Map<java.lang.String, java.lang.Integer> getMap1Map() {
    return internalGetMap1().getMap();
  }
  public java.util.Map<java.lang.String, java.lang.Integer> getMutableMap1() {
    return internalGetMutableMap1().getMutableMap();
  }
  public Builder putMap1(
      java.lang.String key,
      int value) {
    internalGetMutableMap1().getMutableMap()
        .put(key, value);
    return this;
  }
  public Builder putAllMap1(
      java.util.Map<java.lang.String, java.lang.Integer> values) {
    internalGetMutableMap1().getMutableMap()
        .putAll(values);
    return this;
  }

      // @@protoc_insertion_point(builder_scope:ComprehensiveTest.EdgeCasesMinimal.EdgeCaseMinimal)
    }

    // @@protoc_insertion_point(class_scope:ComprehensiveTest.EdgeCasesMinimal.EdgeCaseMinimal)
    private static final com.rubberjam.protobuf.compiler.test.edge.ComprehensiveTestEdgeCasesMinimal.EdgeCaseMinimal DEFAULT_INSTANCE;
    static {
      DEFAULT_INSTANCE = new com.rubberjam.protobuf.compiler.test.edge.ComprehensiveTestEdgeCasesMinimal.EdgeCaseMinimal();
    }

    public static com.rubberjam.protobuf.compiler.test.edge.ComprehensiveTestEdgeCasesMinimal.EdgeCaseMinimal getDefaultInstance() {
      return DEFAULT_INSTANCE;
    }

    private static final com.google.protobuf.Parser<EdgeCaseMinimal>
        PARSER = new com.google.protobuf.AbstractParser<EdgeCaseMinimal>() {
      @java.lang.Override
      public EdgeCaseMinimal parsePartialFrom(
          com.google.protobuf.CodedInputStream input,
          com.google.protobuf.ExtensionRegistryLite extensionRegistry)
          throws com.google.protobuf.InvalidProtocolBufferException {
        Builder builder = newBuilder();
        try {
          builder.mergeFrom(input, extensionRegistry);
        } catch (com.google.protobuf.InvalidProtocolBufferException e) {
          throw e.setUnfinishedMessage(builder.buildPartial());
        } catch (com.google.protobuf.UninitializedMessageException e) {
          throw e.asInvalidProtocolBufferException().setUnfinishedMessage(builder.buildPartial());
        } catch (java.io.IOException e) {
          throw new com.google.protobuf.InvalidProtocolBufferException(e)
              .setUnfinishedMessage(builder.buildPartial());
        }
        return builder.buildPartial();
      }
    };

    public static com.google.protobuf.Parser<EdgeCaseMinimal> parser() {
      return PARSER;
    }

    @java.lang.Override
    public com.google.protobuf.Parser<EdgeCaseMinimal> getParserForType() {
      return PARSER;
    }

    @java.lang.Override
    public com.rubberjam.protobuf.compiler.test.edge.ComprehensiveTestEdgeCasesMinimal.EdgeCaseMinimal getDefaultInstanceForType() {
      return DEFAULT_INSTANCE;
    }
  }
  private static final com.google.protobuf.Descriptors.Descriptor
      internal_static_ComprehensiveTest_EdgeCasesMinimal_EdgeCaseMinimal_descriptor;
  private static final com.google.protobuf.GeneratedMessage.FieldAccessorTable
      internal_static_ComprehensiveTest_EdgeCasesMinimal_EdgeCaseMinimal_fieldAccessorTable;
  private static final com.google.protobuf.Descriptors.Descriptor
      internal_static_ComprehensiveTest_EdgeCasesMinimal_EdgeCaseMinimal_Map1Entry_descriptor;
  private static final com.google.protobuf.GeneratedMessage.FieldAccessorTable
      internal_static_ComprehensiveTest_EdgeCasesMinimal_EdgeCaseMinimal_Map1Entry_fieldAccessorTable;
  public static com.google.protobuf.Descriptors.FileDescriptor
      getDescriptor() {
    return descriptor;
  }
  private static com.google.protobuf.Descriptors.FileDescriptor
      descriptor;
  static {
    java.lang.String[] descriptorData = {
      "\n+comprehensive_test_edge_cases_minimal." +
      "proto\022\"ComprehensiveTest.EdgeCasesMinima" +
      "l\"\304\003\n\017EdgeCaseMinimal\022\016\n\006field1\030\001 \001(\t\022\024\n" +
      "\nfield19000\030\320\214\001 \001(\t\022\017\n\007field15\030\017 \001(\005\022\017\n\007" +
      "field16\030\020 \001(\005\022\022\n\tfield2047\030\377\017 \001(\005\022\022\n\tfie" +
      "ld2048\030\200\020 \001(\005\022\026\n\fempty_string\030\021 \001(\t:\000\022\026\n" +
      "\016unicode_string\030\022 \001(\t\022 \n\tmax_float\030\023 \001(\002" +
      ":\r3.4028235e+38\022+\n\nmax_double\030\024 \001(\001:\0271.7" +
      "976931348623157e+308\022\026\n\tinf_float\030\025 \001(\002:" +
      "\003inf\022\021\n\trepeated1\030\026 \003(\005\022\030\n\020repeated_stri" +
      "ng1\030\027 \003(\t\022\027\n\roneof1_string\030\030 \001(\tH\000\022\026\n\fon" +
      "eof1_int32\030\031 \001(\005H\000\022\025\n\004map1\030\032 \0032\tMap1Entr" +
      "y\032+\n\tMap1Entry\022\013\n\003key\030\001 \001(\t\022\r\n\005value\030\002 \001" +
      "(\005:\0028\001B\b\n\006oneof1BP\n)com.rubberjam.protob" +
      "uf.compiler.test.edgeB!ComprehensiveTest" +
      "EdgeCasesMinimalH\001J\351\002\n\t\n\001\f\022\004\000\001\000\022\n\t\n\001\002\022\004\002" +
      "\001\002+\n\f\n\004\004\000\002\000\022\004\n\003\n\035\n \n\004\004\000\002\001\022\004\013\003\013%\"\022High fi" +
      "eld number\n\n*\n\004\004\000\002\002\022\004\016\003\016\036\032\034Field numbers" +
      " at boundaries\n\n\f\n\004\004\000\002\003\022\004\017\003\017\036\n\f\n\004\004\000\002\004\022\004\020" +
      "\003\020\"\n\f\n\004\004\000\002\005\022\004\021\003\021\"\n\f\n\004\004\000\002\006\022\004\022\003\0223\n\f\n\004\004\000\002\007\022" +
      "\004\023\003\023&\n\f\n\004\004\000\002\b\022\004\026\003\026:\n\f\n\004\004\000\002\t\022\004\027\003\027F\n\f\n\004\004\000\002" +
      "\n\022\004\031\003\0310\n\f\n\004\004\000\002\013\022\004\033\003\033 \n\f\n\004\004\000\002\f\022\004\034\003\034(\n\f\n\004\004" +
      "\000\002\r\022\004\037\005\037\036\n\f\n\004\004\000\002\016\022\004 \005 \034\n\f\n\004\004\000\b\000\022\004\036\003!\003\n\f\n" +
      "\004\004\000\002\017\022\004#\003#\037\n1\n\002\004\000\022\004\t\001%\001\032%Message with fi" +
      "eld number edge cases\nb\006proto2"
    };
    descriptor = com.google.protobuf.Descriptors.FileDescriptor
      .internalBuildGeneratedFileFrom(descriptorData,
        new com.google.protobuf.Descriptors.FileDescriptor[] {
        });
    internal_static_ComprehensiveTest_EdgeCasesMinimal_EdgeCaseMinimal_descriptor =
        getDescriptor().getMessageTypes().get(0);
    internal_static_ComprehensiveTest_EdgeCasesMinimal_EdgeCaseMinimal_fieldAccessorTable =
        new com.google.protobuf.GeneratedMessage.FieldAccessorTable(
            internal_static_ComprehensiveTest_EdgeCasesMinimal_EdgeCaseMinimal_descriptor,            new java.lang.String[] {"Field1", "Field19000", "Field15", "Field16", "Field2047", "Field2048", "EmptyString", "UnicodeString", "MaxFloat", "MaxDouble", "InfFloat", "Repeated1", "RepeatedString1", "Oneof1String", "Oneof1Int32", "Map1"});
    internal_static_ComprehensiveTest_EdgeCasesMinimal_EdgeCaseMinimal_Map1Entry_descriptor =
        internal_static_ComprehensiveTest_EdgeCasesMinimal_EdgeCaseMinimal_descriptor.getNestedTypes().get(0);
    internal_static_ComprehensiveTest_EdgeCasesMinimal_EdgeCaseMinimal_Map1Entry_fieldAccessorTable =
        new com.google.protobuf.GeneratedMessage.FieldAccessorTable(
            internal_static_ComprehensiveTest_EdgeCasesMinimal_EdgeCaseMinimal_Map1Entry_descriptor,            new java.lang.String[] {"Key", "Value"});
  }
  // @@protoc_insertion_point(outer_class_scope)
}
[ERROR] Tests run: 1, Failures: 1, Errors: 0, Skipped: 0, Time elapsed: 0.635 s <<< FAILURE! -- in com.rubberjam.protobuf.compiler.MinimalProtoParityTest
[ERROR] com.rubberjam.protobuf.compiler.MinimalProtoParityTest.testProtoGeneratesExpectedJavaSource[comprehensive_test_edge_cases_minimal.proto] -- Time elapsed: 0.533 s <<< FAILURE!
org.junit.ComparisonFailure: Line 365 mismatch expected:<[private int bitField0_;]> but was:<[]>
	at org.junit.Assert.assertEquals(Assert.java:117)
	at com.rubberjam.protobuf.compiler.MinimalProtoParityTest.testProtoGeneratesExpectedJavaSource(MinimalProtoParityTest.java:122)
	at java.base/jdk.internal.reflect.DirectMethodHandleAccessor.invoke(DirectMethodHandleAccessor.java:103)
	at java.base/java.lang.reflect.Method.invoke(Method.java:580)
	at org.junit.runners.model.FrameworkMethod$1.runReflectiveCall(FrameworkMethod.java:59)
	at org.junit.internal.runners.model.ReflectiveCallable.run(ReflectiveCallable.java:12)
	at org.junit.runners.model.FrameworkMethod.invokeExplosively(FrameworkMethod.java:56)
	at org.junit.internal.runners.statements.InvokeMethod.evaluate(InvokeMethod.java:17)
	at org.junit.runners.ParentRunner$3.evaluate(ParentRunner.java:306)
	at org.junit.runners.BlockJUnit4ClassRunner$1.evaluate(BlockJUnit4ClassRunner.java:100)
	at org.junit.runners.ParentRunner.runLeaf(ParentRunner.java:366)
	at org.junit.runners.BlockJUnit4ClassRunner.runChild(BlockJUnit4ClassRunner.java:103)
	at org.junit.runners.BlockJUnit4ClassRunner.runChild(BlockJUnit4ClassRunner.java:63)
	at org.junit.runners.ParentRunner$4.run(ParentRunner.java:331)
	at org.junit.runners.ParentRunner$1.schedule(ParentRunner.java:79)
	at org.junit.runners.ParentRunner.runChildren(ParentRunner.java:329)
	at org.junit.runners.ParentRunner.access$100(ParentRunner.java:66)
	at org.junit.runners.ParentRunner$2.evaluate(ParentRunner.java:293)
	at org.junit.runners.ParentRunner.run(ParentRunner.java:413)
	at org.junit.runners.Suite.runChild(Suite.java:128)
	at org.junit.runners.Suite.runChild(Suite.java:27)
	at org.junit.runners.ParentRunner$4.run(ParentRunner.java:331)
	at org.junit.runners.ParentRunner$1.schedule(ParentRunner.java:79)
	at org.junit.runners.ParentRunner.runChildren(ParentRunner.java:329)
	at org.junit.runners.ParentRunner.access$100(ParentRunner.java:66)
	at org.junit.runners.ParentRunner$2.evaluate(ParentRunner.java:293)
	at org.junit.runners.ParentRunner$3.evaluate(ParentRunner.java:306)
	at org.junit.runners.ParentRunner.run(ParentRunner.java:413)
	at org.apache.maven.surefire.junit4.JUnit4Provider.execute(JUnit4Provider.java:316)
	at org.apache.maven.surefire.junit4.JUnit4Provider.executeWithRerun(JUnit4Provider.java:240)
	at org.apache.maven.surefire.junit4.JUnit4Provider.executeTestSet(JUnit4Provider.java:214)
	at org.apache.maven.surefire.junit4.JUnit4Provider.invoke(JUnit4Provider.java:155)
	at org.apache.maven.surefire.booter.ForkedBooter.runSuitesInProcess(ForkedBooter.java:385)
	at org.apache.maven.surefire.booter.ForkedBooter.execute(ForkedBooter.java:162)
	at org.apache.maven.surefire.booter.ForkedBooter.run(ForkedBooter.java:507)
	at org.apache.maven.surefire.booter.ForkedBooter.main(ForkedBooter.java:495)

[INFO]
[INFO] Results:
[INFO]
[ERROR] Failures:
[ERROR]   MinimalProtoParityTest.testProtoGeneratesExpectedJavaSource:122 Line 365 mismatch expected:<[private int bitField0_;]> but was:<[]>
[INFO]
[ERROR] Tests run: 1, Failures: 1, Errors: 0, Skipped: 0
[INFO]
[INFO] ------------------------------------------------------------------------
[INFO] BUILD FAILURE
[INFO] ------------------------------------------------------------------------
[INFO] Total time:  4.111 s
[INFO] Finished at: 2026-01-24T12:37:26Z
[INFO] ------------------------------------------------------------------------
[ERROR] Failed to execute goal org.apache.maven.plugins:maven-surefire-plugin:3.2.5:test (default-test) on project protobuf-java-compiler: There are test failures.
[ERROR]
[ERROR] Please refer to /app/protobuf-java-compiler/target/surefire-reports for the individual test results.
[ERROR] Please refer to dump files (if any exist) [date].dump, [date]-jvmRun[N].dump and [date].dumpstream.
[ERROR] -> [Help 1]
[ERROR]
[ERROR] To see the full stack trace of the errors, re-run Maven with the -e switch.
[ERROR] Re-run Maven using the -X switch to enable full debug logging.
[ERROR]
[ERROR] For more information about the errors and possible solutions, please read the following articles:
[ERROR] [Help 1] http://cwiki.apache.org/confluence/display/MAVEN/MojoFailureException
